Archive member included to satisfy reference by file (symbol)

c:/program files (x86)/atollic/truestudio for stm32 9.0.0/armtools/bin/../lib/gcc/arm-atollic-eabi/6.3.1/../../../../arm-atollic-eabi/lib/armv7e-m/fpu\libc_nano.a(lib_a-init.o)
                              startup\startup_stm32f303xc.o (__libc_init_array)
c:/program files (x86)/atollic/truestudio for stm32 9.0.0/armtools/bin/../lib/gcc/arm-atollic-eabi/6.3.1/armv7e-m/fpu\libgcc.a(_lshrdi3.o)
                              Drivers\STM32F3xx_HAL_Driver\Src\stm32f3xx_hal_flash.o (__aeabi_llsr)

Allocating common symbols
Common symbol       size              file

hdma_i2c1_tx        0x44              Src\main.o
hi2c1               0x4c              Src\main.o
uwTick              0x4               Drivers\STM32F3xx_HAL_Driver\Src\stm32f3xx_hal.o
pFlash              0x20              Drivers\STM32F3xx_HAL_Driver\Src\stm32f3xx_hal_flash.o
huart1              0x70              Src\main.o
hdma_i2c1_rx        0x44              Src\main.o
hspi1               0x64              Src\main.o
hpcd_USB_FS         0x3a8             Src\main.o

Discarded input sections

 .text          0x00000000        0x0 c:/program files (x86)/atollic/truestudio for stm32 9.0.0/armtools/bin/../lib/gcc/arm-atollic-eabi/6.3.1/armv7e-m/fpu/crti.o
 .data          0x00000000        0x0 c:/program files (x86)/atollic/truestudio for stm32 9.0.0/armtools/bin/../lib/gcc/arm-atollic-eabi/6.3.1/armv7e-m/fpu/crti.o
 .bss           0x00000000        0x0 c:/program files (x86)/atollic/truestudio for stm32 9.0.0/armtools/bin/../lib/gcc/arm-atollic-eabi/6.3.1/armv7e-m/fpu/crti.o
 .data          0x00000000        0x4 c:/program files (x86)/atollic/truestudio for stm32 9.0.0/armtools/bin/../lib/gcc/arm-atollic-eabi/6.3.1/armv7e-m/fpu/crtbegin.o
 .text          0x00000000        0x0 Drivers\STM32F3xx_HAL_Driver\Src\stm32f3xx_hal.o
 .data          0x00000000        0x0 Drivers\STM32F3xx_HAL_Driver\Src\stm32f3xx_hal.o
 .bss           0x00000000        0x0 Drivers\STM32F3xx_HAL_Driver\Src\stm32f3xx_hal.o
 .text.HAL_MspInit
                0x00000000        0x2 Drivers\STM32F3xx_HAL_Driver\Src\stm32f3xx_hal.o
 .text.HAL_MspDeInit
                0x00000000        0x2 Drivers\STM32F3xx_HAL_Driver\Src\stm32f3xx_hal.o
 .text.HAL_DeInit
                0x00000000       0x24 Drivers\STM32F3xx_HAL_Driver\Src\stm32f3xx_hal.o
 .text.HAL_SuspendTick
                0x00000000       0x10 Drivers\STM32F3xx_HAL_Driver\Src\stm32f3xx_hal.o
 .text.HAL_ResumeTick
                0x00000000       0x10 Drivers\STM32F3xx_HAL_Driver\Src\stm32f3xx_hal.o
 .text.HAL_GetHalVersion
                0x00000000        0x8 Drivers\STM32F3xx_HAL_Driver\Src\stm32f3xx_hal.o
 .text.HAL_GetREVID
                0x00000000        0xc Drivers\STM32F3xx_HAL_Driver\Src\stm32f3xx_hal.o
 .text.HAL_GetDEVID
                0x00000000       0x10 Drivers\STM32F3xx_HAL_Driver\Src\stm32f3xx_hal.o
 .text.HAL_GetUIDw0
                0x00000000        0xc Drivers\STM32F3xx_HAL_Driver\Src\stm32f3xx_hal.o
 .text.HAL_GetUIDw1
                0x00000000        0xc Drivers\STM32F3xx_HAL_Driver\Src\stm32f3xx_hal.o
 .text.HAL_GetUIDw2
                0x00000000        0xc Drivers\STM32F3xx_HAL_Driver\Src\stm32f3xx_hal.o
 .text.HAL_DBGMCU_EnableDBGSleepMode
                0x00000000       0x10 Drivers\STM32F3xx_HAL_Driver\Src\stm32f3xx_hal.o
 .text.HAL_DBGMCU_DisableDBGSleepMode
                0x00000000       0x10 Drivers\STM32F3xx_HAL_Driver\Src\stm32f3xx_hal.o
 .text.HAL_DBGMCU_EnableDBGStopMode
                0x00000000       0x10 Drivers\STM32F3xx_HAL_Driver\Src\stm32f3xx_hal.o
 .text.HAL_DBGMCU_DisableDBGStopMode
                0x00000000       0x10 Drivers\STM32F3xx_HAL_Driver\Src\stm32f3xx_hal.o
 .text.HAL_DBGMCU_EnableDBGStandbyMode
                0x00000000       0x10 Drivers\STM32F3xx_HAL_Driver\Src\stm32f3xx_hal.o
 .text.HAL_DBGMCU_DisableDBGStandbyMode
                0x00000000       0x10 Drivers\STM32F3xx_HAL_Driver\Src\stm32f3xx_hal.o
 .text          0x00000000        0x0 Drivers\STM32F3xx_HAL_Driver\Src\stm32f3xx_hal_cortex.o
 .data          0x00000000        0x0 Drivers\STM32F3xx_HAL_Driver\Src\stm32f3xx_hal_cortex.o
 .bss           0x00000000        0x0 Drivers\STM32F3xx_HAL_Driver\Src\stm32f3xx_hal_cortex.o
 .text.HAL_NVIC_DisableIRQ
                0x00000000       0x1c Drivers\STM32F3xx_HAL_Driver\Src\stm32f3xx_hal_cortex.o
 .text.HAL_NVIC_SystemReset
                0x00000000       0x24 Drivers\STM32F3xx_HAL_Driver\Src\stm32f3xx_hal_cortex.o
 .text.HAL_MPU_Disable
                0x00000000       0x1c Drivers\STM32F3xx_HAL_Driver\Src\stm32f3xx_hal_cortex.o
 .text.HAL_MPU_Enable
                0x00000000       0x1c Drivers\STM32F3xx_HAL_Driver\Src\stm32f3xx_hal_cortex.o
 .text.HAL_MPU_ConfigRegion
                0x00000000       0x50 Drivers\STM32F3xx_HAL_Driver\Src\stm32f3xx_hal_cortex.o
 .text.HAL_NVIC_GetPriorityGrouping
                0x00000000       0x10 Drivers\STM32F3xx_HAL_Driver\Src\stm32f3xx_hal_cortex.o
[...]
Memory Configuration

Name             Origin             Length             Attributes
RAM              0x20000000         0x0000a000         xrw
CCMRAM           0x10000000         0x00002000         rw
FLASH            0x08000000         0x00040000         xr
*default*        0x00000000         0xffffffff

Linker script and memory map

LOAD c:/program files (x86)/atollic/truestudio for stm32 9.0.0/armtools/bin/../lib/gcc/arm-atollic-eabi/6.3.1/armv7e-m/fpu/crti.o
LOAD c:/program files (x86)/atollic/truestudio for stm32 9.0.0/armtools/bin/../lib/gcc/arm-atollic-eabi/6.3.1/armv7e-m/fpu/crtbegin.o
LOAD Drivers\STM32F3xx_HAL_Driver\Src\stm32f3xx_hal.o
LOAD Drivers\STM32F3xx_HAL_Driver\Src\stm32f3xx_hal_cortex.o
LOAD Drivers\STM32F3xx_HAL_Driver\Src\stm32f3xx_hal_dma.o
LOAD Drivers\STM32F3xx_HAL_Driver\Src\stm32f3xx_hal_flash.o
LOAD Drivers\STM32F3xx_HAL_Driver\Src\stm32f3xx_hal_flash_ex.o
LOAD Drivers\STM32F3xx_HAL_Driver\Src\stm32f3xx_hal_gpio.o
LOAD Drivers\STM32F3xx_HAL_Driver\Src\stm32f3xx_hal_i2c.o
LOAD Drivers\STM32F3xx_HAL_Driver\Src\stm32f3xx_hal_i2c_ex.o
LOAD Drivers\STM32F3xx_HAL_Driver\Src\stm32f3xx_hal_pcd.o
LOAD Drivers\STM32F3xx_HAL_Driver\Src\stm32f3xx_hal_pcd_ex.o
LOAD Drivers\STM32F3xx_HAL_Driver\Src\stm32f3xx_hal_pwr.o
LOAD Drivers\STM32F3xx_HAL_Driver\Src\stm32f3xx_hal_pwr_ex.o
LOAD Drivers\STM32F3xx_HAL_Driver\Src\stm32f3xx_hal_rcc.o
LOAD Drivers\STM32F3xx_HAL_Driver\Src\stm32f3xx_hal_rcc_ex.o
LOAD Drivers\STM32F3xx_HAL_Driver\Src\stm32f3xx_hal_spi.o
LOAD Drivers\STM32F3xx_HAL_Driver\Src\stm32f3xx_hal_spi_ex.o
LOAD Drivers\STM32F3xx_HAL_Driver\Src\stm32f3xx_hal_tim.o
LOAD Drivers\STM32F3xx_HAL_Driver\Src\stm32f3xx_hal_tim_ex.o
LOAD Drivers\STM32F3xx_HAL_Driver\Src\stm32f3xx_hal_uart.o
LOAD Drivers\STM32F3xx_HAL_Driver\Src\stm32f3xx_hal_uart_ex.o
LOAD Src\BSP\stm32f3_discovery.o
LOAD Src\Libs\cycle_counter.o
LOAD Src\Libs\debug.o
LOAD Src\Libs\ds1307.o
LOAD Src\main.o
LOAD Src\stm32f3xx_hal_msp.o
LOAD Src\stm32f3xx_it.o
LOAD Src\system_stm32f3xx.o
LOAD startup\startup_stm32f303xc.o
                0x00000080                malloc_getpagesize_P = 0x80
START GROUP
LOAD c:/program files (x86)/atollic/truestudio for stm32 9.0.0/armtools/bin/../lib/gcc/arm-atollic-eabi/6.3.1/../../../../arm-atollic-eabi/lib/armv7e-m/fpu\libc_nano.a
LOAD c:/program files (x86)/atollic/truestudio for stm32 9.0.0/armtools/bin/../lib/gcc/arm-atollic-eabi/6.3.1/../../../../arm-atollic-eabi/lib/armv7e-m/fpu\libm.a
END GROUP
START GROUP
LOAD c:/program files (x86)/atollic/truestudio for stm32 9.0.0/armtools/bin/../lib/gcc/arm-atollic-eabi/6.3.1/armv7e-m/fpu\libgcc.a
LOAD c:/program files (x86)/atollic/truestudio for stm32 9.0.0/armtools/bin/../lib/gcc/arm-atollic-eabi/6.3.1/../../../../arm-atollic-eabi/lib/armv7e-m/fpu\libc_nano.a
END GROUP
START GROUP
LOAD c:/program files (x86)/atollic/truestudio for stm32 9.0.0/armtools/bin/../lib/gcc/arm-atollic-eabi/6.3.1/armv7e-m/fpu\libgcc.a
LOAD c:/program files (x86)/atollic/truestudio for stm32 9.0.0/armtools/bin/../lib/gcc/arm-atollic-eabi/6.3.1/../../../../arm-atollic-eabi/lib/armv7e-m/fpu\libc_nano.a
LOAD c:/program files (x86)/atollic/truestudio for stm32 9.0.0/armtools/bin/../lib/gcc/arm-atollic-eabi/6.3.1/../../../../arm-atollic-eabi/lib/armv7e-m/fpu\libnosys.a
END GROUP
START GROUP
LOAD c:/program files (x86)/atollic/truestudio for stm32 9.0.0/armtools/bin/../lib/gcc/arm-atollic-eabi/6.3.1/armv7e-m/fpu\libgcc.a
LOAD c:/program files (x86)/atollic/truestudio for stm32 9.0.0/armtools/bin/../lib/gcc/arm-atollic-eabi/6.3.1/../../../../arm-atollic-eabi/lib/armv7e-m/fpu\libc_nano.a
LOAD c:/program files (x86)/atollic/truestudio for stm32 9.0.0/armtools/bin/../lib/gcc/arm-atollic-eabi/6.3.1/../../../../arm-atollic-eabi/lib/armv7e-m/fpu\libnosys.a
END GROUP
LOAD c:/program files (x86)/atollic/truestudio for stm32 9.0.0/armtools/bin/../lib/gcc/arm-atollic-eabi/6.3.1/armv7e-m/fpu/crtend.o
LOAD c:/program files (x86)/atollic/truestudio for stm32 9.0.0/armtools/bin/../lib/gcc/arm-atollic-eabi/6.3.1/armv7e-m/fpu/crtn.o
                0x2000a000                _estack = 0x2000a000
                0x00000200                _Min_Heap_Size = 0x200
                0x00000400                _Min_Stack_Size = 0x400

.isr_vector     0x08000000      0x188
                0x08000000                . = ALIGN (0x4)
 *(.isr_vector)
 .isr_vector    0x08000000      0x188 startup\startup_stm32f303xc.o
                0x08000000                g_pfnVectors
                0x08000188                . = ALIGN (0x4)

.text           0x08000188     0x2c1c
                0x08000188                . = ALIGN (0x4)
 *(.text)
 .text          0x08000188       0x40 c:/program files (x86)/atollic/truestudio for stm32 9.0.0/armtools/bin/../lib/gcc/arm-atollic-eabi/6.3.1/armv7e-m/fpu/crtbegin.o
 *(.text*)
 .text.HAL_InitTick
                0x080001c8       0x28 Drivers\STM32F3xx_HAL_Driver\Src\stm32f3xx_hal.o
                0x080001c8                HAL_InitTick
 .text.HAL_Init
                0x080001f0       0x24 Drivers\STM32F3xx_HAL_Driver\Src\stm32f3xx_hal.o
                0x080001f0                HAL_Init
 .text.HAL_IncTick
                0x08000214       0x10 Drivers\STM32F3xx_HAL_Driver\Src\stm32f3xx_hal.o
                0x08000214                HAL_IncTick
 .text.HAL_GetTick
                0x08000224        0xc Drivers\STM32F3xx_HAL_Driver\Src\stm32f3xx_hal.o
                0x08000224                HAL_GetTick
 .text.HAL_Delay
                0x08000230       0x20 Drivers\STM32F3xx_HAL_Driver\Src\stm32f3xx_hal.o
                0x08000230                HAL_Delay
 .text.HAL_NVIC_SetPriorityGrouping
                0x08000250       0x24 Drivers\STM32F3xx_HAL_Driver\Src\stm32f3xx_hal_cortex.o
                0x08000250                HAL_NVIC_SetPriorityGrouping
 .text.HAL_NVIC_SetPriority
                0x08000274       0x68 Drivers\STM32F3xx_HAL_Driver\Src\stm32f3xx_hal_cortex.o
                0x08000274                HAL_NVIC_SetPriority
 .text.HAL_NVIC_EnableIRQ
                0x080002dc       0x18 Drivers\STM32F3xx_HAL_Driver\Src\stm32f3xx_hal_cortex.o
                0x080002dc                HAL_NVIC_EnableIRQ
 .text.HAL_SYSTICK_Config
                0x080002f4       0x2c Drivers\STM32F3xx_HAL_Driver\Src\stm32f3xx_hal_cortex.o
                0x080002f4                HAL_SYSTICK_Config
 .text.HAL_SYSTICK_CLKSourceConfig
                0x08000320       0x18 Drivers\STM32F3xx_HAL_Driver\Src\stm32f3xx_hal_cortex.o
                0x08000320                HAL_SYSTICK_CLKSourceConfig
 .text.HAL_SYSTICK_Callback
                0x08000338        0x2 Drivers\STM32F3xx_HAL_Driver\Src\stm32f3xx_hal_cortex.o
                0x08000338                HAL_SYSTICK_Callback
 .text.HAL_SYSTICK_IRQHandler
                0x0800033a        0x8 Drivers\STM32F3xx_HAL_Driver\Src\stm32f3xx_hal_cortex.o
                0x0800033a                HAL_SYSTICK_IRQHandler
 *fill*         0x08000342        0x2 
 .text.DMA_CalcBaseAndBitshift
                0x08000344       0x44 Drivers\STM32F3xx_HAL_Driver\Src\stm32f3xx_hal_dma.o
 .text.HAL_DMA_Init
                0x08000388       0x56 Drivers\STM32F3xx_HAL_Driver\Src\stm32f3xx_hal_dma.o
                0x08000388                HAL_DMA_Init
 .text.HAL_DMA_Start_IT
                0x080003de       0x7a Drivers\STM32F3xx_HAL_Driver\Src\stm32f3xx_hal_dma.o
                0x080003de                HAL_DMA_Start_IT
 .text.HAL_DMA_Abort_IT
                0x08000458       0x48 Drivers\STM32F3xx_HAL_Driver\Src\stm32f3xx_hal_dma.o
                0x08000458                HAL_DMA_Abort_IT
 .text.HAL_DMA_IRQHandler
                0x080004a0       0x90 Drivers\STM32F3xx_HAL_Driver\Src\stm32f3xx_hal_dma.o
                0x080004a0                HAL_DMA_IRQHandler
 .text.HAL_GPIO_Init
                0x08000530      0x184 Drivers\STM32F3xx_HAL_Driver\Src\stm32f3xx_hal_gpio.o
                0x08000530                HAL_GPIO_Init
 .text.HAL_GPIO_WritePin
                0x080006b4        0xa Drivers\STM32F3xx_HAL_Driver\Src\stm32f3xx_hal_gpio.o
                0x080006b4                HAL_GPIO_WritePin
 .text.I2C_Flush_TXDR
                0x080006be       0x1c Drivers\STM32F3xx_HAL_Driver\Src\stm32f3xx_hal_i2c.o
 .text.I2C_TransferConfig
                0x080006da       0x2a Drivers\STM32F3xx_HAL_Driver\Src\stm32f3xx_hal_i2c.o
 .text.I2C_Enable_IRQ
                0x08000704       0x6c Drivers\STM32F3xx_HAL_Driver\Src\stm32f3xx_hal_i2c.o
 .text.I2C_Disable_IRQ
                0x08000770       0x5c Drivers\STM32F3xx_HAL_Driver\Src\stm32f3xx_hal_i2c.o
 .text.I2C_WaitOnFlagUntilTimeout
                0x080007cc       0x4e Drivers\STM32F3xx_HAL_Driver\Src\stm32f3xx_hal_i2c.o
 .text.I2C_DMAMasterReceiveCplt
                0x0800081a       0x42 Drivers\STM32F3xx_HAL_Driver\Src\stm32f3xx_hal_i2c.o
 .text.I2C_IsAcknowledgeFailed
                0x0800085c       0x7a Drivers\STM32F3xx_HAL_Driver\Src\stm32f3xx_hal_i2c.o
 .text.I2C_WaitOnTXISFlagUntilTimeout
                0x080008d6       0x52 Drivers\STM32F3xx_HAL_Driver\Src\stm32f3xx_hal_i2c.o
 .text.I2C_RequestMemoryRead
                0x08000928       0x66 Drivers\STM32F3xx_HAL_Driver\Src\stm32f3xx_hal_i2c.o
 .text.I2C_WaitOnSTOPFlagUntilTimeout
                0x0800098e       0x4e Drivers\STM32F3xx_HAL_Driver\Src\stm32f3xx_hal_i2c.o
 .text.HAL_I2C_Init
                0x080009dc       0xa2 Drivers\STM32F3xx_HAL_Driver\Src\stm32f3xx_hal_i2c.o
                0x080009dc                HAL_I2C_Init
 .text.HAL_I2C_Mem_Read
                0x08000a7e      0x17c Drivers\STM32F3xx_HAL_Driver\Src\stm32f3xx_hal_i2c.o
                0x08000a7e                HAL_I2C_Mem_Read
 *fill*         0x08000bfa        0x2 
 .text.HAL_I2C_Mem_Read_DMA
                0x08000bfc      0x110 Drivers\STM32F3xx_HAL_Driver\Src\stm32f3xx_hal_i2c.o
                0x08000bfc                HAL_I2C_Mem_Read_DMA
 .text.HAL_I2C_EV_IRQHandler
                0x08000d0c        0xe Drivers\STM32F3xx_HAL_Driver\Src\stm32f3xx_hal_i2c.o
                0x08000d0c                HAL_I2C_EV_IRQHandler
 .text.HAL_I2C_MasterTxCpltCallback
                0x08000d1a        0x2 Drivers\STM32F3xx_HAL_Driver\Src\stm32f3xx_hal_i2c.o
                0x08000d1a                HAL_I2C_MasterTxCpltCallback
 .text.HAL_I2C_MasterRxCpltCallback
                0x08000d1c        0x2 Drivers\STM32F3xx_HAL_Driver\Src\stm32f3xx_hal_i2c.o
                0x08000d1c                HAL_I2C_MasterRxCpltCallback
 .text.HAL_I2C_SlaveTxCpltCallback
                0x08000d1e        0x2 Drivers\STM32F3xx_HAL_Driver\Src\stm32f3xx_hal_i2c.o
                0x08000d1e                HAL_I2C_SlaveTxCpltCallback
 .text.HAL_I2C_SlaveRxCpltCallback
                0x08000d20        0x2 Drivers\STM32F3xx_HAL_Driver\Src\stm32f3xx_hal_i2c.o
                0x08000d20                HAL_I2C_SlaveRxCpltCallback
 .text.I2C_ITSlaveSequentialCplt
                0x08000d22       0x52 Drivers\STM32F3xx_HAL_Driver\Src\stm32f3xx_hal_i2c.o
 .text.HAL_I2C_AddrCallback
                0x08000d74        0x2 Drivers\STM32F3xx_HAL_Driver\Src\stm32f3xx_hal_i2c.o
                0x08000d74                HAL_I2C_AddrCallback
 .text.HAL_I2C_ListenCpltCallback
                0x08000d76        0x2 Drivers\STM32F3xx_HAL_Driver\Src\stm32f3xx_hal_i2c.o
                0x08000d76                HAL_I2C_ListenCpltCallback
 .text.I2C_ITListenCplt
                0x08000d78       0x60 Drivers\STM32F3xx_HAL_Driver\Src\stm32f3xx_hal_i2c.o
 .text.HAL_I2C_ErrorCallback
                0x08000dd8        0x2 Drivers\STM32F3xx_HAL_Driver\Src\stm32f3xx_hal_i2c.o
                0x08000dd8                HAL_I2C_ErrorCallback
 .text.HAL_I2C_AbortCpltCallback
                0x08000dda        0x2 Drivers\STM32F3xx_HAL_Driver\Src\stm32f3xx_hal_i2c.o
                0x08000dda                HAL_I2C_AbortCpltCallback
 .text.I2C_ITError
                0x08000ddc       0xe4 Drivers\STM32F3xx_HAL_Driver\Src\stm32f3xx_hal_i2c.o
 .text.I2C_ITSlaveCplt
                0x08000ec0      0x100 Drivers\STM32F3xx_HAL_Driver\Src\stm32f3xx_hal_i2c.o
 .text.I2C_Slave_ISR_IT
                0x08000fc0      0x1b0 Drivers\STM32F3xx_HAL_Driver\Src\stm32f3xx_hal_i2c.o
 .text.I2C_Slave_ISR_DMA
                0x08001170       0x6e Drivers\STM32F3xx_HAL_Driver\Src\stm32f3xx_hal_i2c.o
 .text.I2C_ITMasterCplt
                0x080011de       0xb8 Drivers\STM32F3xx_HAL_Driver\Src\stm32f3xx_hal_i2c.o
 .text.I2C_Master_ISR_DMA
                0x08001296       0xc6 Drivers\STM32F3xx_HAL_Driver\Src\stm32f3xx_hal_i2c.o
 .text.I2C_DMAError
                0x0800135c       0x12 Drivers\STM32F3xx_HAL_Driver\Src\stm32f3xx_hal_i2c.o
 .text.HAL_I2C_ER_IRQHandler
                0x0800136e       0x62 Drivers\STM32F3xx_HAL_Driver\Src\stm32f3xx_hal_i2c.o
                0x0800136e                HAL_I2C_ER_IRQHandler
 .text.I2C_DMAAbort
                0x080013d0       0x32 Drivers\STM32F3xx_HAL_Driver\Src\stm32f3xx_hal_i2c.o
 .text.HAL_I2C_GetState
                0x08001402        0x6 Drivers\STM32F3xx_HAL_Driver\Src\stm32f3xx_hal_i2c.o
                0x08001402                HAL_I2C_GetState
 .text.HAL_I2CEx_ConfigAnalogFilter
                0x08001408       0x4c Drivers\STM32F3xx_HAL_Driver\Src\stm32f3xx_hal_i2c_ex.o
                0x08001408                HAL_I2CEx_ConfigAnalogFilter
 .text.HAL_I2CEx_ConfigDigitalFilter
                0x08001454       0x4a Drivers\STM32F3xx_HAL_Driver\Src\stm32f3xx_hal_i2c_ex.o
                0x08001454                HAL_I2CEx_ConfigDigitalFilter
 .text.HAL_PCD_Init
                0x0800149e       0xa8 Drivers\STM32F3xx_HAL_Driver\Src\stm32f3xx_hal_pcd.o
                0x0800149e                HAL_PCD_Init
 *fill*         0x08001546        0x2 
 .text.HAL_RCC_OscConfig
                0x08001548      0x4e4 Drivers\STM32F3xx_HAL_Driver\Src\stm32f3xx_hal_rcc.o
                0x08001548                HAL_RCC_OscConfig
 .text.HAL_RCC_GetSysClockFreq
                0x08001a2c       0x64 Drivers\STM32F3xx_HAL_Driver\Src\stm32f3xx_hal_rcc.o
                0x08001a2c                HAL_RCC_GetSysClockFreq
 .text.HAL_RCC_ClockConfig
                0x08001a90      0x184 Drivers\STM32F3xx_HAL_Driver\Src\stm32f3xx_hal_rcc.o
                0x08001a90                HAL_RCC_ClockConfig
 .text.HAL_RCC_GetHCLKFreq
                0x08001c14        0xc Drivers\STM32F3xx_HAL_Driver\Src\stm32f3xx_hal_rcc.o
                0x08001c14                HAL_RCC_GetHCLKFreq
 .text.HAL_RCC_GetPCLK1Freq
                0x08001c20       0x30 Drivers\STM32F3xx_HAL_Driver\Src\stm32f3xx_hal_rcc.o
                0x08001c20                HAL_RCC_GetPCLK1Freq
 .text.HAL_RCC_GetPCLK2Freq
                0x08001c50       0x30 Drivers\STM32F3xx_HAL_Driver\Src\stm32f3xx_hal_rcc.o
                0x08001c50                HAL_RCC_GetPCLK2Freq
 .text.HAL_RCCEx_PeriphCLKConfig
                0x08001c80      0x20c Drivers\STM32F3xx_HAL_Driver\Src\stm32f3xx_hal_rcc_ex.o
                0x08001c80                HAL_RCCEx_PeriphCLKConfig
 .text.HAL_SPI_Init
                0x08001e8c       0xaa Drivers\STM32F3xx_HAL_Driver\Src\stm32f3xx_hal_spi.o
                0x08001e8c                HAL_SPI_Init
 *fill*         0x08001f36        0x2 
 .text.UART_SetConfig
                0x08001f38      0x210 Drivers\STM32F3xx_HAL_Driver\Src\stm32f3xx_hal_uart.o
                0x08001f38                UART_SetConfig
 .text.UART_AdvFeatureConfig
                0x08002148       0xa8 Drivers\STM32F3xx_HAL_Driver\Src\stm32f3xx_hal_uart.o
                0x08002148                UART_AdvFeatureConfig
 .text.UART_WaitOnFlagUntilTimeout
                0x080021f0       0x62 Drivers\STM32F3xx_HAL_Driver\Src\stm32f3xx_hal_uart.o
                0x080021f0                UART_WaitOnFlagUntilTimeout
 .text.UART_CheckIdleState
                0x08002252       0x64 Drivers\STM32F3xx_HAL_Driver\Src\stm32f3xx_hal_uart.o
                0x08002252                UART_CheckIdleState
 .text.HAL_UART_Init
                0x080022b6       0x64 Drivers\STM32F3xx_HAL_Driver\Src\stm32f3xx_hal_uart.o
                0x080022b6                HAL_UART_Init
 *fill*         0x0800231a        0x2 
 .text.debug_outbyte
                0x0800231c       0x14 Src\Libs\debug.o
                0x0800231c                debug_outbyte
 .text.printchar
                0x08002330       0x14 Src\Libs\debug.o
 .text.prints   0x08002344       0x84 Src\Libs\debug.o
 .text.printi   0x080023c8       0x96 Src\Libs\debug.o
 *fill*         0x0800245e        0x2 
 .text.print    0x08002460      0x114 Src\Libs\debug.o
 .text.debug_print
                0x08002574       0x12 Src\Libs\debug.o
                0x08002574                debug_print
 .text.debug_printf
                0x08002586       0x14 Src\Libs\debug.o
                0x08002586                debug_printf
 .text.DS1307_GetDateTime
                0x0800259a       0x74 Src\Libs\ds1307.o
                0x0800259a                DS1307_GetDateTime
 *fill*         0x0800260e        0x2 
 .text.SystemClock_Config
                0x08002610       0x94 Src\main.o
                0x08002610                SystemClock_Config
 .text.startup.main
                0x080026a4      0x358 Src\main.o
                0x080026a4                main
 .text.HAL_I2C_MemRxCpltCallback
                0x080029fc       0x18 Src\main.o
                0x080029fc                HAL_I2C_MemRxCpltCallback
 .text.HAL_I2C_MemTxCpltCallback
                0x08002a14       0x18 Src\main.o
                0x08002a14                HAL_I2C_MemTxCpltCallback
 .text._Error_Handler
                0x08002a2c        0x2 Src\main.o
                0x08002a2c                _Error_Handler
 *fill*         0x08002a2e        0x2 
 .text.HAL_MspInit
                0x08002a30       0x7c Src\stm32f3xx_hal_msp.o
                0x08002a30                HAL_MspInit
 .text.HAL_I2C_MspInit
                0x08002aac       0xbc Src\stm32f3xx_hal_msp.o
                0x08002aac                HAL_I2C_MspInit
 .text.HAL_SPI_MspInit
                0x08002b68       0x48 Src\stm32f3xx_hal_msp.o
                0x08002b68                HAL_SPI_MspInit
 .text.HAL_UART_MspInit
                0x08002bb0       0x4c Src\stm32f3xx_hal_msp.o
                0x08002bb0                HAL_UART_MspInit
 .text.HAL_PCD_MspInit
                0x08002bfc       0x4c Src\stm32f3xx_hal_msp.o
                0x08002bfc                HAL_PCD_MspInit
 .text.SysTick_Handler
                0x08002c48        0xe Src\stm32f3xx_it.o
                0x08002c48                SysTick_Handler
 *fill*         0x08002c56        0x2 
 .text.DMA1_Channel6_IRQHandler
                0x08002c58        0xc Src\stm32f3xx_it.o
                0x08002c58                DMA1_Channel6_IRQHandler
 .text.DMA1_Channel7_IRQHandler
                0x08002c64        0xc Src\stm32f3xx_it.o
                0x08002c64                DMA1_Channel7_IRQHandler
 .text.I2C1_EV_IRQHandler
                0x08002c70        0xc Src\stm32f3xx_it.o
                0x08002c70                I2C1_EV_IRQHandler
 .text.I2C1_ER_IRQHandler
                0x08002c7c        0xc Src\stm32f3xx_it.o
                0x08002c7c                I2C1_ER_IRQHandler
 .text.SystemInit
                0x08002c88       0x68 Src\system_stm32f3xx.o
                0x08002c88                SystemInit
 .text.Reset_Handler
                0x08002cf0       0x50 startup\startup_stm32f303xc.o
                0x08002cf0                Reset_Handler
 .text.Default_Handler
                0x08002d40        0x2 startup\startup_stm32f303xc.o
                0x08002d40                RTC_Alarm_IRQHandler
                0x08002d40                TIM8_TRG_COM_IRQHandler
                0x08002d40                TIM8_CC_IRQHandler
                0x08002d40                DebugMon_Handler
                0x08002d40                TIM1_CC_IRQHandler
                0x08002d40                HardFault_Handler
                0x08002d40                USB_HP_IRQHandler
                0x08002d40                PVD_IRQHandler
                0x08002d40                TAMP_STAMP_IRQHandler
                0x08002d40                PendSV_Handler
                0x08002d40                NMI_Handler
                0x08002d40                EXTI3_IRQHandler
                0x08002d40                USB_HP_CAN_TX_IRQHandler
                0x08002d40                EXTI0_IRQHandler
                0x08002d40                I2C2_EV_IRQHandler
                0x08002d40                FPU_IRQHandler
                0x08002d40                TIM1_UP_TIM16_IRQHandler
                0x08002d40                UsageFault_Handler
                0x08002d40                ADC1_2_IRQHandler
                0x08002d40                SPI1_IRQHandler
                0x08002d40                CAN_SCE_IRQHandler
                0x08002d40                TIM6_DAC_IRQHandler
                0x08002d40                TIM8_UP_IRQHandler
                0x08002d40                DMA2_Channel2_IRQHandler
                0x08002d40                DMA1_Channel4_IRQHandler
                0x08002d40                USART3_IRQHandler
                0x08002d40                UART5_IRQHandler
                0x08002d40                ADC3_IRQHandler
                0x08002d40                TIM4_IRQHandler
                0x08002d40                CAN_RX1_IRQHandler
                0x08002d40                DMA2_Channel1_IRQHandler
                0x08002d40                UART4_IRQHandler
                0x08002d40                DMA2_Channel4_IRQHandler
                0x08002d40                TIM3_IRQHandler
                0x08002d40                RCC_IRQHandler
                0x08002d40                DMA1_Channel1_IRQHandler
                0x08002d40                Default_Handler
                0x08002d40                USBWakeUp_RMP_IRQHandler
                0x08002d40                EXTI15_10_IRQHandler
                0x08002d40                TIM7_IRQHandler
                0x08002d40                EXTI9_5_IRQHandler
                0x08002d40                RTC_WKUP_IRQHandler
                0x08002d40                SPI2_IRQHandler
                0x08002d40                USB_LP_CAN_RX0_IRQHandler
                0x08002d40                MemManage_Handler
                0x08002d40                SVC_Handler
                0x08002d40                DMA2_Channel5_IRQHandler
                0x08002d40                DMA1_Channel5_IRQHandler
                0x08002d40                USB_LP_IRQHandler
                0x08002d40                EXTI4_IRQHandler
                0x08002d40                TIM1_TRG_COM_TIM17_IRQHandler
                0x08002d40                DMA1_Channel3_IRQHandler
                0x08002d40                ADC4_IRQHandler
                0x08002d40                WWDG_IRQHandler
                0x08002d40                TIM2_IRQHandler
                0x08002d40                COMP7_IRQHandler
                0x08002d40                COMP1_2_3_IRQHandler
                0x08002d40                EXTI1_IRQHandler
                0x08002d40                USART2_IRQHandler
                0x08002d40                COMP4_5_6_IRQHandler
                0x08002d40                I2C2_ER_IRQHandler
                0x08002d40                DMA1_Channel2_IRQHandler
                0x08002d40                TIM8_BRK_IRQHandler
                0x08002d40                FLASH_IRQHandler
                0x08002d40                BusFault_Handler
                0x08002d40                USART1_IRQHandler
                0x08002d40                SPI3_IRQHandler
                0x08002d40                USBWakeUp_IRQHandler
                0x08002d40                DMA2_Channel3_IRQHandler
                0x08002d40                EXTI2_TSC_IRQHandler
                0x08002d40                TIM1_BRK_TIM15_IRQHandler
 *fill*         0x08002d42        0x2 
 .text.__libc_init_array
                0x08002d44       0x48 c:/program files (x86)/atollic/truestudio for stm32 9.0.0/armtools/bin/../lib/gcc/arm-atollic-eabi/6.3.1/../../../../arm-atollic-eabi/lib/armv7e-m/fpu\libc_nano.a(lib_a-init.o)
                0x08002d44                __libc_init_array
 *(.glue_7)
 .glue_7        0x08002d8c        0x0 linker stubs
 *(.glue_7t)
 .glue_7t       0x08002d8c        0x0 linker stubs
 *(.eh_frame)
 .eh_frame      0x08002d8c        0x0 c:/program files (x86)/atollic/truestudio for stm32 9.0.0/armtools/bin/../lib/gcc/arm-atollic-eabi/6.3.1/armv7e-m/fpu/crtbegin.o
 *(.init)
 .init          0x08002d8c        0x4 c:/program files (x86)/atollic/truestudio for stm32 9.0.0/armtools/bin/../lib/gcc/arm-atollic-eabi/6.3.1/armv7e-m/fpu/crti.o
                0x08002d8c                _init
 .init          0x08002d90        0x8 c:/program files (x86)/atollic/truestudio for stm32 9.0.0/armtools/bin/../lib/gcc/arm-atollic-eabi/6.3.1/armv7e-m/fpu/crtn.o
 *(.fini)
 .fini          0x08002d98        0x4 c:/program files (x86)/atollic/truestudio for stm32 9.0.0/armtools/bin/../lib/gcc/arm-atollic-eabi/6.3.1/armv7e-m/fpu/crti.o
                0x08002d98                _fini
 .fini          0x08002d9c        0x8 c:/program files (x86)/atollic/truestudio for stm32 9.0.0/armtools/bin/../lib/gcc/arm-atollic-eabi/6.3.1/armv7e-m/fpu/crtn.o
                0x08002da4                . = ALIGN (0x4)
                0x08002da4                _etext = .

.vfp11_veneer   0x08002da4        0x0
 .vfp11_veneer  0x08002da4        0x0 linker stubs

.v4_bx          0x08002da4        0x0
 .v4_bx         0x08002da4        0x0 linker stubs

.iplt           0x08002da4        0x0
 .iplt          0x08002da4        0x0 c:/program files (x86)/atollic/truestudio for stm32 9.0.0/armtools/bin/../lib/gcc/arm-atollic-eabi/6.3.1/armv7e-m/fpu/crtbegin.o

.rodata         0x08002da4       0xc8
                0x08002da4                . = ALIGN (0x4)
 *(.rodata)
 *(.rodata*)
 .rodata.aPLLMULFactorTable
                0x08002da4       0x10 Drivers\STM32F3xx_HAL_Driver\Src\stm32f3xx_hal_rcc.o
                0x08002da4                aPLLMULFactorTable
 .rodata.aPredivFactorTable
                0x08002db4       0x10 Drivers\STM32F3xx_HAL_Driver\Src\stm32f3xx_hal_rcc.o
                0x08002db4                aPredivFactorTable
 .rodata.CSWTCH.45
                0x08002dc4        0x4 Drivers\STM32F3xx_HAL_Driver\Src\stm32f3xx_hal_uart.o
 .rodata.print.str1.1
                0x08002dc8        0x7 Src\Libs\debug.o
 .rodata.main.str1.1
                0x08002dcf       0x68 Src\main.o
                                 0x6b (size before relaxing)
 .rodata.HAL_I2C_MspInit.str1.1
                0x08002e37       0x1b Src\stm32f3xx_hal_msp.o
 .rodata.AHBPrescTable
                0x08002e52       0x10 Src\system_stm32f3xx.o
                0x08002e52                AHBPrescTable
 .rodata.APBPrescTable
                0x08002e62        0x8 Src\system_stm32f3xx.o
                0x08002e62                APBPrescTable
                0x08002e6c                . = ALIGN (0x4)
 *fill*         0x08002e6a        0x2 

.rel.dyn        0x08002e6c        0x0
 .rel.iplt      0x08002e6c        0x0 c:/program files (x86)/atollic/truestudio for stm32 9.0.0/armtools/bin/../lib/gcc/arm-atollic-eabi/6.3.1/armv7e-m/fpu/crtbegin.o

.ARM.extab
 *(.ARM.extab* .gnu.linkonce.armextab.*)

.ARM            0x08002e6c        0x0
                0x08002e6c                __exidx_start = .
 *(.ARM.exidx*)
                0x08002e6c                __exidx_end = .

.preinit_array  0x08002e6c        0x0
                0x08002e6c                PROVIDE (__preinit_array_start, .)
 *(.preinit_array*)
                0x08002e6c                PROVIDE (__preinit_array_end, .)

.init_array     0x08002e6c        0x4
                0x08002e6c                PROVIDE (__init_array_start, .)
 *(SORT(.init_array.*))
 *(.init_array*)
 .init_array    0x08002e6c        0x4 c:/program files (x86)/atollic/truestudio for stm32 9.0.0/armtools/bin/../lib/gcc/arm-atollic-eabi/6.3.1/armv7e-m/fpu/crtbegin.o
                0x08002e70                PROVIDE (__init_array_end, .)

.fini_array     0x08002e70        0x4
                [!provide]                PROVIDE (__fini_array_start, .)
 *(SORT(.fini_array.*))
 *(.fini_array*)
 .fini_array    0x08002e70        0x4 c:/program files (x86)/atollic/truestudio for stm32 9.0.0/armtools/bin/../lib/gcc/arm-atollic-eabi/6.3.1/armv7e-m/fpu/crtbegin.o
                [!provide]                PROVIDE (__fini_array_end, .)
                0x08002e74                _sidata = LOADADDR (.data)

.data           0x20000000        0x8 load address 0x08002e74
                0x20000000                . = ALIGN (0x4)
                0x20000000                _sdata = .
 *(.data)
 *(.data*)
 .data.I2cxTimeout
                0x20000000        0x4 Src\BSP\stm32f3_discovery.o
                0x20000000                I2cxTimeout
 .data.SystemCoreClock
                0x20000004        0x4 Src\system_stm32f3xx.o
                0x20000004                SystemCoreClock
                0x20000008                . = ALIGN (0x4)
                0x20000008                _edata = .
                0x08002e7c                _siccmram = LOADADDR (.ccmram)

.igot.plt       0x20000008        0x0 load address 0x08002e7c
 .igot.plt      0x20000008        0x0 c:/program files (x86)/atollic/truestudio for stm32 9.0.0/armtools/bin/../lib/gcc/arm-atollic-eabi/6.3.1/armv7e-m/fpu/crtbegin.o

.ccmram         0x10000000        0x0 load address 0x08002e7c
                0x10000000                . = ALIGN (0x4)
                0x10000000                _sccmram = .
 *(.ccmram)
 *(.ccmram*)
                0x10000000                . = ALIGN (0x4)
                0x10000000                _eccmram = .
                0x10000000                . = ALIGN (0x4)

.bss            0x20000008      0x59c
                0x20000008                _sbss = .
                0x20000008                __bss_start__ = _sbss
 *(.bss)
 .bss           0x20000008       0x1c c:/program files (x86)/atollic/truestudio for stm32 9.0.0/armtools/bin/../lib/gcc/arm-atollic-eabi/6.3.1/armv7e-m/fpu/crtbegin.o
 *(.bss*)
 .bss.I2C1_RxDone
                0x20000024        0x1 Src\main.o
 .bss.I2C1_TxDone
                0x20000025        0x1 Src\main.o
 .bss.buffer    0x20000026       0x20 Src\main.o
 .bss.dt        0x20000046        0x8 Src\main.o
 .bss.page_idx  0x2000004e        0x2 Src\main.o
 *(COMMON)
 COMMON         0x20000050        0x4 Drivers\STM32F3xx_HAL_Driver\Src\stm32f3xx_hal.o
                0x20000050                uwTick
 COMMON         0x20000054      0x550 Src\main.o
                0x20000054                hdma_i2c1_tx
                0x20000098                hi2c1
                0x200000e4                huart1
                0x20000154                hdma_i2c1_rx
                0x20000198                hspi1
                0x200001fc                hpcd_USB_FS
                0x200005a4                . = ALIGN (0x4)
                0x200005a4                _ebss = .
                0x200005a4                __bss_end__ = _ebss

._user_heap_stack
                0x200005a4      0x600
                0x200005a4                . = ALIGN (0x4)
                [!provide]                PROVIDE (end, .)
                [!provide]                PROVIDE (_end, .)
                0x200007a4                . = (. + _Min_Heap_Size)
 *fill*         0x200005a4      0x200 
                0x20000ba4                . = (. + _Min_Stack_Size)
 *fill*         0x200007a4      0x400 
                0x20000ba4                . = ALIGN (0x4)

/DISCARD/
 libc.a(*)
 libm.a(*)
 libgcc.a(*)

.ARM.attributes
                0x00000000       0x30
 *(.ARM.attributes)
 .ARM.attributes
                0x00000000       0x22 c:/program files (x86)/atollic/truestudio for stm32 9.0.0/armtools/bin/../lib/gcc/arm-atollic-eabi/6.3.1/armv7e-m/fpu/crti.o
 .ARM.attributes
                0x00000022       0x34 c:/program files (x86)/atollic/truestudio for stm32 9.0.0/armtools/bin/../lib/gcc/arm-atollic-eabi/6.3.1/armv7e-m/fpu/crtbegin.o
 .ARM.attributes
                0x00000056       0x39 Drivers\STM32F3xx_HAL_Driver\Src\stm32f3xx_hal.o
 .ARM.attributes
                0x0000008f       0x39 Drivers\STM32F3xx_HAL_Driver\Src\stm32f3xx_hal_cortex.o
 .ARM.attributes
                0x000000c8       0x39 Drivers\STM32F3xx_HAL_Driver\Src\stm32f3xx_hal_dma.o
 .ARM.attributes
                0x00000101       0x39 Drivers\STM32F3xx_HAL_Driver\Src\stm32f3xx_hal_gpio.o
 .ARM.attributes
                0x0000013a       0x39 Drivers\STM32F3xx_HAL_Driver\Src\stm32f3xx_hal_i2c.o
 .ARM.attributes
                0x00000173       0x39 Drivers\STM32F3xx_HAL_Driver\Src\stm32f3xx_hal_i2c_ex.o
 .ARM.attributes
                0x000001ac       0x39 Drivers\STM32F3xx_HAL_Driver\Src\stm32f3xx_hal_pcd.o
 .ARM.attributes
                0x000001e5       0x39 Drivers\STM32F3xx_HAL_Driver\Src\stm32f3xx_hal_rcc.o
 .ARM.attributes
                0x0000021e       0x39 Drivers\STM32F3xx_HAL_Driver\Src\stm32f3xx_hal_rcc_ex.o
 .ARM.attributes
                0x00000257       0x39 Drivers\STM32F3xx_HAL_Driver\Src\stm32f3xx_hal_spi.o
 .ARM.attributes
                0x00000290       0x39 Drivers\STM32F3xx_HAL_Driver\Src\stm32f3xx_hal_uart.o
 .ARM.attributes
                0x000002c9       0x39 Src\BSP\stm32f3_discovery.o
 .ARM.attributes
                0x00000302       0x39 Src\Libs\debug.o
 .ARM.attributes
                0x0000033b       0x39 Src\Libs\ds1307.o
 .ARM.attributes
                0x00000374       0x39 Src\main.o
 .ARM.attributes
                0x000003ad       0x39 Src\stm32f3xx_hal_msp.o
 .ARM.attributes
                0x000003e6       0x39 Src\stm32f3xx_it.o
 .ARM.attributes
                0x0000041f       0x39 Src\system_stm32f3xx.o
 .ARM.attributes
                0x00000458       0x21 startup\startup_stm32f303xc.o
 .ARM.attributes
                0x00000479       0x34 c:/program files (x86)/atollic/truestudio for stm32 9.0.0/armtools/bin/../lib/gcc/arm-atollic-eabi/6.3.1/../../../../arm-atollic-eabi/lib/armv7e-m/fpu\libc_nano.a(lib_a-init.o)
 .ARM.attributes
                0x000004ad       0x22 c:/program files (x86)/atollic/truestudio for stm32 9.0.0/armtools/bin/../lib/gcc/arm-atollic-eabi/6.3.1/armv7e-m/fpu/crtn.o
OUTPUT(I2C_BUILTIN.elf elf32-littlearm)

.debug_info     0x00000000    0x1b7db
 .debug_info    0x00000000      0xfb0 Drivers\STM32F3xx_HAL_Driver\Src\stm32f3xx_hal.o
 .debug_info    0x00000fb0     0x16ae Drivers\STM32F3xx_HAL_Driver\Src\stm32f3xx_hal_cortex.o
 .debug_info    0x0000265e     0x1039 Drivers\STM32F3xx_HAL_Driver\Src\stm32f3xx_hal_dma.o
 .debug_info    0x00003697      0xee2 Drivers\STM32F3xx_HAL_Driver\Src\stm32f3xx_hal_gpio.o
 .debug_info    0x00004579     0x3943 Drivers\STM32F3xx_HAL_Driver\Src\stm32f3xx_hal_i2c.o
 .debug_info    0x00007ebc     0x1098 Drivers\STM32F3xx_HAL_Driver\Src\stm32f3xx_hal_i2c_ex.o
 .debug_info    0x00008f54     0x199f Drivers\STM32F3xx_HAL_Driver\Src\stm32f3xx_hal_pcd.o
 .debug_info    0x0000a8f3     0x1b01 Drivers\STM32F3xx_HAL_Driver\Src\stm32f3xx_hal_rcc.o
 .debug_info    0x0000c3f4      0xef8 Drivers\STM32F3xx_HAL_Driver\Src\stm32f3xx_hal_rcc_ex.o
 .debug_info    0x0000d2ec     0x27f3 Drivers\STM32F3xx_HAL_Driver\Src\stm32f3xx_hal_spi.o
 .debug_info    0x0000fadf     0x2221 Drivers\STM32F3xx_HAL_Driver\Src\stm32f3xx_hal_uart.o
 .debug_info    0x00011d00     0x21d9 Src\BSP\stm32f3_discovery.o
 .debug_info    0x00013ed9     0x12ae Src\Libs\debug.o
 .debug_info    0x00015187      0x1df Src\Libs\ds1307.o
 .debug_info    0x00015366     0x264e Src\main.o
 .debug_info    0x000179b4     0x1f42 Src\stm32f3xx_hal_msp.o
 .debug_info    0x000198f6     0x1228 Src\stm32f3xx_it.o
 .debug_info    0x0001ab1e      0xc20 Src\system_stm32f3xx.o
 .debug_info    0x0001b73e       0x9d startup\startup_stm32f303xc.o

.debug_abbrev   0x00000000     0x3343
 .debug_abbrev  0x00000000      0x2b3 Drivers\STM32F3xx_HAL_Driver\Src\stm32f3xx_hal.o
 .debug_abbrev  0x000002b3      0x37d Drivers\STM32F3xx_HAL_Driver\Src\stm32f3xx_hal_cortex.o
 .debug_abbrev  0x00000630      0x2b2 Drivers\STM32F3xx_HAL_Driver\Src\stm32f3xx_hal_dma.o
 .debug_abbrev  0x000008e2      0x268 Drivers\STM32F3xx_HAL_Driver\Src\stm32f3xx_hal_gpio.o
 .debug_abbrev  0x00000b4a      0x3b8 Drivers\STM32F3xx_HAL_Driver\Src\stm32f3xx_hal_i2c.o
 .debug_abbrev  0x00000f02      0x218 Drivers\STM32F3xx_HAL_Driver\Src\stm32f3xx_hal_i2c_ex.o
 .debug_abbrev  0x0000111a      0x3c4 Drivers\STM32F3xx_HAL_Driver\Src\stm32f3xx_hal_pcd.o
 .debug_abbrev  0x000014de      0x345 Drivers\STM32F3xx_HAL_Driver\Src\stm32f3xx_hal_rcc.o
 .debug_abbrev  0x00001823      0x329 Drivers\STM32F3xx_HAL_Driver\Src\stm32f3xx_hal_rcc_ex.o
 .debug_abbrev  0x00001b4c      0x389 Drivers\STM32F3xx_HAL_Driver\Src\stm32f3xx_hal_spi.o
 .debug_abbrev  0x00001ed5      0x384 Drivers\STM32F3xx_HAL_Driver\Src\stm32f3xx_hal_uart.o
 .debug_abbrev  0x00002259      0x3b3 Src\BSP\stm32f3_discovery.o
 .debug_abbrev  0x0000260c      0x2d1 Src\Libs\debug.o
 .debug_abbrev  0x000028dd       0xe0 Src\Libs\ds1307.o
 .debug_abbrev  0x000029bd      0x355 Src\main.o
 .debug_abbrev  0x00002d12      0x28c Src\stm32f3xx_hal_msp.o
 .debug_abbrev  0x00002f9e      0x1c9 Src\stm32f3xx_it.o
 .debug_abbrev  0x00003167      0x1ca Src\system_stm32f3xx.o
 .debug_abbrev  0x00003331       0x12 startup\startup_stm32f303xc.o

.debug_loc      0x00000000     0x9b04
 .debug_loc     0x00000000       0x69 Drivers\STM32F3xx_HAL_Driver\Src\stm32f3xx_hal.o
 .debug_loc     0x00000069      0x4fb Drivers\STM32F3xx_HAL_Driver\Src\stm32f3xx_hal_cortex.o
 .debug_loc     0x00000564      0x5a6 Drivers\STM32F3xx_HAL_Driver\Src\stm32f3xx_hal_dma.o
 .debug_loc     0x00000b0a      0x2b9 Drivers\STM32F3xx_HAL_Driver\Src\stm32f3xx_hal_gpio.o
 .debug_loc     0x00000dc3     0x314b Drivers\STM32F3xx_HAL_Driver\Src\stm32f3xx_hal_i2c.o
 .debug_loc     0x00003f0e      0x1b8 Drivers\STM32F3xx_HAL_Driver\Src\stm32f3xx_hal_i2c_ex.o
 .debug_loc     0x000040c6      0xdc0 Drivers\STM32F3xx_HAL_Driver\Src\stm32f3xx_hal_pcd.o
 .debug_loc     0x00004e86      0x89d Drivers\STM32F3xx_HAL_Driver\Src\stm32f3xx_hal_rcc.o
 .debug_loc     0x00005723      0x666 Drivers\STM32F3xx_HAL_Driver\Src\stm32f3xx_hal_rcc_ex.o
 .debug_loc     0x00005d89     0x194a Drivers\STM32F3xx_HAL_Driver\Src\stm32f3xx_hal_spi.o
 .debug_loc     0x000076d3     0x1431 Drivers\STM32F3xx_HAL_Driver\Src\stm32f3xx_hal_uart.o
 .debug_loc     0x00008b04      0x452 Src\BSP\stm32f3_discovery.o
 .debug_loc     0x00008f56      0x8d4 Src\Libs\debug.o
 .debug_loc     0x0000982a       0xae Src\main.o
 .debug_loc     0x000098d8      0x14a Src\stm32f3xx_hal_msp.o
 .debug_loc     0x00009a22       0xe2 Src\system_stm32f3xx.o

.debug_aranges  0x00000000      0xb88
 .debug_aranges
                0x00000000       0xc0 Drivers\STM32F3xx_HAL_Driver\Src\stm32f3xx_hal.o
 .debug_aranges
                0x000000c0       0xa8 Drivers\STM32F3xx_HAL_Driver\Src\stm32f3xx_hal_cortex.o
 .debug_aranges
                0x00000168       0x80 Drivers\STM32F3xx_HAL_Driver\Src\stm32f3xx_hal_dma.o
 .debug_aranges
                0x000001e8       0x58 Drivers\STM32F3xx_HAL_Driver\Src\stm32f3xx_hal_gpio.o
 .debug_aranges
                0x00000240      0x200 Drivers\STM32F3xx_HAL_Driver\Src\stm32f3xx_hal_i2c.o
 .debug_aranges
                0x00000440       0x48 Drivers\STM32F3xx_HAL_Driver\Src\stm32f3xx_hal_i2c_ex.o
 .debug_aranges
                0x00000488       0xc0 Drivers\STM32F3xx_HAL_Driver\Src\stm32f3xx_hal_pcd.o
 .debug_aranges
                0x00000548       0x88 Drivers\STM32F3xx_HAL_Driver\Src\stm32f3xx_hal_rcc.o
 .debug_aranges
                0x000005d0       0x38 Drivers\STM32F3xx_HAL_Driver\Src\stm32f3xx_hal_rcc_ex.o
 .debug_aranges
                0x00000608      0x198 Drivers\STM32F3xx_HAL_Driver\Src\stm32f3xx_hal_spi.o
 .debug_aranges
                0x000007a0      0x1a0 Drivers\STM32F3xx_HAL_Driver\Src\stm32f3xx_hal_uart.o
 .debug_aranges
                0x00000940       0xa0 Src\BSP\stm32f3_discovery.o
 .debug_aranges
                0x000009e0       0x58 Src\Libs\debug.o
 .debug_aranges
                0x00000a38       0x20 Src\Libs\ds1307.o
 .debug_aranges
                0x00000a58       0x40 Src\main.o
 .debug_aranges
                0x00000a98       0x60 Src\stm32f3xx_hal_msp.o
 .debug_aranges
                0x00000af8       0x40 Src\stm32f3xx_it.o
 .debug_aranges
                0x00000b38       0x28 Src\system_stm32f3xx.o
 .debug_aranges
                0x00000b60       0x28 startup\startup_stm32f303xc.o

.debug_ranges   0x00000000     0x12c8
 .debug_ranges  0x00000000       0xb0 Drivers\STM32F3xx_HAL_Driver\Src\stm32f3xx_hal.o
 .debug_ranges  0x000000b0      0x138 Drivers\STM32F3xx_HAL_Driver\Src\stm32f3xx_hal_cortex.o
 .debug_ranges  0x000001e8       0xa8 Drivers\STM32F3xx_HAL_Driver\Src\stm32f3xx_hal_dma.o
 .debug_ranges  0x00000290       0x68 Drivers\STM32F3xx_HAL_Driver\Src\stm32f3xx_hal_gpio.o
 .debug_ranges  0x000002f8      0x268 Drivers\STM32F3xx_HAL_Driver\Src\stm32f3xx_hal_i2c.o
 .debug_ranges  0x00000560       0x68 Drivers\STM32F3xx_HAL_Driver\Src\stm32f3xx_hal_i2c_ex.o
 .debug_ranges  0x000005c8      0x260 Drivers\STM32F3xx_HAL_Driver\Src\stm32f3xx_hal_pcd.o
 .debug_ranges  0x00000828      0x1d8 Drivers\STM32F3xx_HAL_Driver\Src\stm32f3xx_hal_rcc.o
 .debug_ranges  0x00000a00       0x90 Drivers\STM32F3xx_HAL_Driver\Src\stm32f3xx_hal_rcc_ex.o
 .debug_ranges  0x00000a90      0x248 Drivers\STM32F3xx_HAL_Driver\Src\stm32f3xx_hal_spi.o
 .debug_ranges  0x00000cd8      0x190 Drivers\STM32F3xx_HAL_Driver\Src\stm32f3xx_hal_uart.o
 .debug_ranges  0x00000e68      0x1e8 Src\BSP\stm32f3_discovery.o
 .debug_ranges  0x00001050       0x60 Src\Libs\debug.o
 .debug_ranges  0x000010b0       0x10 Src\Libs\ds1307.o
 .debug_ranges  0x000010c0       0xe0 Src\main.o
 .debug_ranges  0x000011a0       0xc0 Src\stm32f3xx_hal_msp.o
 .debug_ranges  0x00001260       0x30 Src\stm32f3xx_it.o
 .debug_ranges  0x00001290       0x18 Src\system_stm32f3xx.o
 .debug_ranges  0x000012a8       0x20 startup\startup_stm32f303xc.o

.debug_line     0x00000000     0x7666
 .debug_line    0x00000000      0x426 Drivers\STM32F3xx_HAL_Driver\Src\stm32f3xx_hal.o
 .debug_line    0x00000426      0x4c8 Drivers\STM32F3xx_HAL_Driver\Src\stm32f3xx_hal_cortex.o
 .debug_line    0x000008ee      0x572 Drivers\STM32F3xx_HAL_Driver\Src\stm32f3xx_hal_dma.o
 .debug_line    0x00000e60      0x45c Drivers\STM32F3xx_HAL_Driver\Src\stm32f3xx_hal_gpio.o
 .debug_line    0x000012bc     0x15c4 Drivers\STM32F3xx_HAL_Driver\Src\stm32f3xx_hal_i2c.o
 .debug_line    0x00002880      0x3f1 Drivers\STM32F3xx_HAL_Driver\Src\stm32f3xx_hal_i2c_ex.o
 .debug_line    0x00002c71      0x7a6 Drivers\STM32F3xx_HAL_Driver\Src\stm32f3xx_hal_pcd.o
 .debug_line    0x00003417      0x841 Drivers\STM32F3xx_HAL_Driver\Src\stm32f3xx_hal_rcc.o
 .debug_line    0x00003c58      0x53c Drivers\STM32F3xx_HAL_Driver\Src\stm32f3xx_hal_rcc_ex.o
 .debug_line    0x00004194      0xd20 Drivers\STM32F3xx_HAL_Driver\Src\stm32f3xx_hal_spi.o
 .debug_line    0x00004eb4      0xd45 Drivers\STM32F3xx_HAL_Driver\Src\stm32f3xx_hal_uart.o
 .debug_line    0x00005bf9      0x58c Src\BSP\stm32f3_discovery.o
 .debug_line    0x00006185      0x40a Src\Libs\debug.o
 .debug_line    0x0000658f      0x167 Src\Libs\ds1307.o
 .debug_line    0x000066f6      0x4f6 Src\main.o
 .debug_line    0x00006bec      0x433 Src\stm32f3xx_hal_msp.o
 .debug_line    0x0000701f      0x348 Src\stm32f3xx_it.o
 .debug_line    0x00007367      0x280 Src\system_stm32f3xx.o
 .debug_line    0x000075e7       0x7f startup\startup_stm32f303xc.o

.debug_str      0x00000000     0x4309
 .debug_str     0x00000000      0xd01 Drivers\STM32F3xx_HAL_Driver\Src\stm32f3xx_hal.o
                                0xd9b (size before relaxing)
 .debug_str     0x00000d01      0x3f0 Drivers\STM32F3xx_HAL_Driver\Src\stm32f3xx_hal_cortex.o
                                0xfee (size before relaxing)
 .debug_str     0x000010f1      0x3ef Drivers\STM32F3xx_HAL_Driver\Src\stm32f3xx_hal_dma.o
                                0xae0 (size before relaxing)
 .debug_str     0x000014e0      0x1ee Drivers\STM32F3xx_HAL_Driver\Src\stm32f3xx_hal_gpio.o
                                0x8f9 (size before relaxing)
 .debug_str     0x000016ce      0xa30 Drivers\STM32F3xx_HAL_Driver\Src\stm32f3xx_hal_i2c.o
                               0x1334 (size before relaxing)
 .debug_str     0x000020fe       0xf3 Drivers\STM32F3xx_HAL_Driver\Src\stm32f3xx_hal_i2c_ex.o
                                0xc91 (size before relaxing)
 .debug_str     0x000021f1      0x5f4 Drivers\STM32F3xx_HAL_Driver\Src\stm32f3xx_hal_pcd.o
                                0xd20 (size before relaxing)
 .debug_str     0x000027e5      0x30a Drivers\STM32F3xx_HAL_Driver\Src\stm32f3xx_hal_rcc.o
                                0xad8 (size before relaxing)
 .debug_str     0x00002aef      0x22f Drivers\STM32F3xx_HAL_Driver\Src\stm32f3xx_hal_rcc_ex.o
                                0x9da (size before relaxing)
 .debug_str     0x00002d1e      0x711 Drivers\STM32F3xx_HAL_Driver\Src\stm32f3xx_hal_spi.o
                               0x101e (size before relaxing)
 .debug_str     0x0000342f      0x8c1 Drivers\STM32F3xx_HAL_Driver\Src\stm32f3xx_hal_uart.o
                               0x12ed (size before relaxing)
 .debug_str     0x00003cf0      0x34a Src\BSP\stm32f3_discovery.o
                               0x1668 (size before relaxing)
 .debug_str     0x0000403a       0x9b Src\Libs\debug.o
                                0xb57 (size before relaxing)
 .debug_str     0x000040d5       0x54 Src\Libs\ds1307.o
                                0x22c (size before relaxing)
 .debug_str     0x00004129       0xf7 Src\main.o
                               0x1c1e (size before relaxing)
 .debug_str     0x00004220       0x1b Src\stm32f3xx_hal_msp.o
                               0x17ca (size before relaxing)
 .debug_str     0x0000423b       0x7e Src\stm32f3xx_it.o
                                0xe82 (size before relaxing)
 .debug_str     0x000042b9       0x50 Src\system_stm32f3xx.o
                                0x755 (size before relaxing)

.comment        0x00000000       0x7c
 .comment       0x00000000       0x7c Drivers\STM32F3xx_HAL_Driver\Src\stm32f3xx_hal.o
                                 0x7d (size before relaxing)
 .comment       0x0000007c       0x7d Drivers\STM32F3xx_HAL_Driver\Src\stm32f3xx_hal_cortex.o
 .comment       0x0000007c       0x7d Drivers\STM32F3xx_HAL_Driver\Src\stm32f3xx_hal_dma.o
 .comment       0x0000007c       0x7d Drivers\STM32F3xx_HAL_Driver\Src\stm32f3xx_hal_gpio.o
 .comment       0x0000007c       0x7d Drivers\STM32F3xx_HAL_Driver\Src\stm32f3xx_hal_i2c.o
 .comment       0x0000007c       0x7d Drivers\STM32F3xx_HAL_Driver\Src\stm32f3xx_hal_i2c_ex.o
 .comment       0x0000007c       0x7d Drivers\STM32F3xx_HAL_Driver\Src\stm32f3xx_hal_pcd.o
 .comment       0x0000007c       0x7d Drivers\STM32F3xx_HAL_Driver\Src\stm32f3xx_hal_rcc.o
 .comment       0x0000007c       0x7d Drivers\STM32F3xx_HAL_Driver\Src\stm32f3xx_hal_rcc_ex.o
 .comment       0x0000007c       0x7d Drivers\STM32F3xx_HAL_Driver\Src\stm32f3xx_hal_spi.o
 .comment       0x0000007c       0x7d Drivers\STM32F3xx_HAL_Driver\Src\stm32f3xx_hal_uart.o
 .comment       0x0000007c       0x7d Src\BSP\stm32f3_discovery.o
 .comment       0x0000007c       0x7d Src\Libs\debug.o
 .comment       0x0000007c       0x7d Src\Libs\ds1307.o
 .comment       0x0000007c       0x7d Src\main.o
 .comment       0x0000007c       0x7d Src\stm32f3xx_hal_msp.o
 .comment       0x0000007c       0x7d Src\stm32f3xx_it.o
 .comment       0x0000007c       0x7d Src\system_stm32f3xx.o

.debug_frame    0x00000000     0x22d0
 .debug_frame   0x00000000      0x194 Drivers\STM32F3xx_HAL_Driver\Src\stm32f3xx_hal.o
 .debug_frame   0x00000194      0x158 Drivers\STM32F3xx_HAL_Driver\Src\stm32f3xx_hal_cortex.o
 .debug_frame   0x000002ec      0x15c Drivers\STM32F3xx_HAL_Driver\Src\stm32f3xx_hal_dma.o
 .debug_frame   0x00000448       0xd4 Drivers\STM32F3xx_HAL_Driver\Src\stm32f3xx_hal_gpio.o
 .debug_frame   0x0000051c      0x804 Drivers\STM32F3xx_HAL_Driver\Src\stm32f3xx_hal_i2c.o
 .debug_frame   0x00000d20       0x90 Drivers\STM32F3xx_HAL_Driver\Src\stm32f3xx_hal_i2c_ex.o
 .debug_frame   0x00000db0      0x2a0 Drivers\STM32F3xx_HAL_Driver\Src\stm32f3xx_hal_pcd.o
 .debug_frame   0x00001050      0x13c Drivers\STM32F3xx_HAL_Driver\Src\stm32f3xx_hal_rcc.o
 .debug_frame   0x0000118c       0xb8 Drivers\STM32F3xx_HAL_Driver\Src\stm32f3xx_hal_rcc_ex.o
 .debug_frame   0x00001244      0x5bc Drivers\STM32F3xx_HAL_Driver\Src\stm32f3xx_hal_spi.o
 .debug_frame   0x00001800      0x568 Drivers\STM32F3xx_HAL_Driver\Src\stm32f3xx_hal_uart.o
 .debug_frame   0x00001d68      0x1f8 Src\BSP\stm32f3_discovery.o
 .debug_frame   0x00001f60      0x120 Src\Libs\debug.o
 .debug_frame   0x00002080       0x20 Src\Libs\ds1307.o
 .debug_frame   0x000020a0       0x80 Src\main.o
 .debug_frame   0x00002120       0xe0 Src\stm32f3xx_hal_msp.o
 .debug_frame   0x00002200       0x6c Src\stm32f3xx_it.o
 .debug_frame   0x0000226c       0x38 Src\system_stm32f3xx.o
 .debug_frame   0x000022a4       0x2c c:/program files (x86)/atollic/truestudio for stm32 9.0.0/armtools/bin/../lib/gcc/arm-atollic-eabi/6.3.1/../../../../arm-atollic-eabi/lib/armv7e-m/fpu\libc_nano.a(lib_a-init.o)
