stm32f3xx_hal_msp.c:62:6:HAL_MspInit	16	static
stm32f3xx_hal_msp.c:93:6:HAL_ADC_MspInit	40	static
stm32f3xx_hal_msp.c:145:6:HAL_ADC_MspDeInit	8	static
stm32f3xx_hal_msp.c:173:6:HAL_CRC_MspInit	8	static
stm32f3xx_hal_msp.c:190:6:HAL_CRC_MspDeInit	0	static
stm32f3xx_hal_msp.c:207:6:HAL_I2C_MspInit	32	static
stm32f3xx_hal_msp.c:242:6:HAL_I2C_MspDeInit	8	static
stm32f3xx_hal_msp.c:269:6:HAL_SPI_MspInit	40	static
stm32f3xx_hal_msp.c:303:6:HAL_SPI_MspDeInit	8	static
stm32f3xx_hal_msp.c:330:6:HAL_UART_MspInit	32	static
stm32f3xx_hal_msp.c:363:6:HAL_UART_MspDeInit	8	static
