stm32f3_discovery.c:430:13:SPIx_Init	40	static
stm32f3_discovery.c:465:16:SPIx_WriteRead	32	static
stm32f3_discovery.c:347:13:I2Cx_Init	48	static
stm32f3_discovery.c:155:10:BSP_GetVersion	0	static
stm32f3_discovery.c:174:6:BSP_LED_Init	72	static
stm32f3_discovery.c:206:6:BSP_LED_On	0	static
stm32f3_discovery.c:225:6:BSP_LED_Off	0	static
stm32f3_discovery.c:244:6:BSP_LED_Toggle	0	static
stm32f3_discovery.c:261:6:BSP_PB_Init	40	static
stm32f3_discovery.c:300:10:BSP_PB_GetState	8	static
stm32f3_discovery.c:535:6:GYRO_IO_Init	64	static
stm32f3_discovery.c:569:6:GYRO_IO_Write	16	static
stm32f3_discovery.c:604:6:GYRO_IO_Read	16	static
stm32f3_discovery.c:640:6:COMPASSACCELERO_IO_Init	48	static
stm32f3_discovery.c:675:6:COMPASSACCELERO_IO_ITConfig	32	static
stm32f3_discovery.c:702:6:COMPASSACCELERO_IO_Write	32	static
stm32f3_discovery.c:714:9:COMPASSACCELERO_IO_Read	32	static
