ARM Linker, 5.03 [Build 76] [MDK-ARM Standard]

==============================================================================

Section Cross References

    port.o(.emb_text) refers to tasks.o(i.vTaskSwitchContext) for vTaskSwitchContext
    port.o(.emb_text) refers to tasks.o(.data) for pxCurrentTCB
    port.o(i.prvTaskExitError) refers to port.o(.emb_text) for ulPortSetInterruptMask
    port.o(i.prvTaskExitError) refers to port.o(.data) for .data
    port.o(i.pxPortInitialiseStack) refers to port.o(i.prvTaskExitError) for prvTaskExitError
    port.o(i.vPortEnterCritical) refers to port.o(.emb_text) for ulPortSetInterruptMask
    port.o(i.vPortEnterCritical) refers to port.o(.data) for .data
    port.o(i.vPortExitCritical) refers to port.o(.emb_text) for vPortClearInterruptMask
    port.o(i.vPortExitCritical) refers to port.o(.data) for .data
    port.o(i.vPortSetupTimerInterrupt) refers to system_stm32f3xx.o(.data) for SystemCoreClock
    port.o(i.vPortValidateInterruptPriority) refers to port.o(.emb_text) for vPortGetIPSR
    port.o(i.vPortValidateInterruptPriority) refers to port.o(.data) for .data
    port.o(i.xPortStartScheduler) refers to port.o(i.vPortSetupTimerInterrupt) for vPortSetupTimerInterrupt
    port.o(i.xPortStartScheduler) refers to port.o(.emb_text) for __asm___6_port_c_39a90d8d__prvEnableVFP
    port.o(i.xPortStartScheduler) refers to port.o(.data) for .data
    port.o(i.xPortSysTickHandler) refers to port.o(.emb_text) for ulPortSetInterruptMask
    port.o(i.xPortSysTickHandler) refers to tasks.o(i.xTaskIncrementTick) for xTaskIncrementTick
    queue.o(i.prvCopyDataFromQueue) refers to memcpya.o(.text) for __aeabi_memcpy
    queue.o(i.prvCopyDataToQueue) refers to memcpya.o(.text) for __aeabi_memcpy
    queue.o(i.prvCopyDataToQueue) refers to tasks.o(i.vTaskPriorityDisinherit) for vTaskPriorityDisinherit
    queue.o(i.prvUnlockQueue) refers to port.o(i.vPortEnterCritical) for vPortEnterCritical
    queue.o(i.prvUnlockQueue) refers to tasks.o(i.xTaskRemoveFromEventList) for xTaskRemoveFromEventList
    queue.o(i.prvUnlockQueue) refers to tasks.o(i.vTaskMissedYield) for vTaskMissedYield
    queue.o(i.prvUnlockQueue) refers to port.o(i.vPortExitCritical) for vPortExitCritical
    queue.o(i.uxQueueMessagesWaiting) refers to port.o(i.vPortEnterCritical) for vPortEnterCritical
    queue.o(i.uxQueueMessagesWaiting) refers to port.o(i.vPortExitCritical) for vPortExitCritical
    queue.o(i.uxQueueMessagesWaiting) refers to port.o(.emb_text) for ulPortSetInterruptMask
    queue.o(i.uxQueueMessagesWaitingFromISR) refers to port.o(.emb_text) for ulPortSetInterruptMask
    queue.o(i.uxQueueSpacesAvailable) refers to port.o(i.vPortEnterCritical) for vPortEnterCritical
    queue.o(i.uxQueueSpacesAvailable) refers to port.o(i.vPortExitCritical) for vPortExitCritical
    queue.o(i.uxQueueSpacesAvailable) refers to port.o(.emb_text) for ulPortSetInterruptMask
    queue.o(i.vQueueAddToRegistry) refers to queue.o(.bss) for .bss
    queue.o(i.vQueueDelete) refers to queue.o(i.vQueueUnregisterQueue) for vQueueUnregisterQueue
    queue.o(i.vQueueDelete) refers to heap_4.o(i.vPortFree) for vPortFree
    queue.o(i.vQueueDelete) refers to port.o(.emb_text) for ulPortSetInterruptMask
    queue.o(i.vQueueUnregisterQueue) refers to queue.o(.bss) for .bss
    queue.o(i.xQueueCreateCountingSemaphore) refers to port.o(.emb_text) for ulPortSetInterruptMask
    queue.o(i.xQueueCreateCountingSemaphore) refers to queue.o(i.xQueueGenericCreate) for xQueueGenericCreate
    queue.o(i.xQueueCreateMutex) refers to heap_4.o(i.pvPortMalloc) for pvPortMalloc
    queue.o(i.xQueueCreateMutex) refers to list.o(i.vListInitialise) for vListInitialise
    queue.o(i.xQueueCreateMutex) refers to queue.o(i.xQueueGenericSend) for xQueueGenericSend
    queue.o(i.xQueueCreateMutex) refers to port.o(.emb_text) for ulPortSetInterruptMask
    queue.o(i.xQueueGenericCreate) refers to heap_4.o(i.pvPortMalloc) for pvPortMalloc
    queue.o(i.xQueueGenericCreate) refers to queue.o(i.xQueueGenericReset) for xQueueGenericReset
    queue.o(i.xQueueGenericCreate) refers to heap_4.o(i.vPortFree) for vPortFree
    queue.o(i.xQueueGenericCreate) refers to port.o(.emb_text) for ulPortSetInterruptMask
    queue.o(i.xQueueGenericReceive) refers to port.o(.emb_text) for ulPortSetInterruptMask
    queue.o(i.xQueueGenericReceive) refers to port.o(i.vPortEnterCritical) for vPortEnterCritical
    queue.o(i.xQueueGenericReceive) refers to queue.o(i.prvCopyDataFromQueue) for prvCopyDataFromQueue
    queue.o(i.xQueueGenericReceive) refers to tasks.o(i.xTaskRemoveFromEventList) for xTaskRemoveFromEventList
    queue.o(i.xQueueGenericReceive) refers to port.o(i.vPortYield) for vPortYield
    queue.o(i.xQueueGenericReceive) refers to port.o(i.vPortExitCritical) for vPortExitCritical
    queue.o(i.xQueueGenericReceive) refers to tasks.o(i.xTaskGetCurrentTaskHandle) for xTaskGetCurrentTaskHandle
[...]
    Removing stm32f3xx_hal_tim_ex.o(i.HAL_TIMEx_PWMN_Stop_IT), (136 bytes).
    Removing stm32f3xx_hal_tim_ex.o(i.HAL_TIMEx_RemapConfig), (36 bytes).
    Removing stm32f3xx_hal_tim_ex.o(i.HAL_TIM_ConfigOCrefClear), (252 bytes).
    Removing stm32f3xx_hal_tim_ex.o(i.HAL_TIM_OC_ConfigChannel), (112 bytes).
    Removing stm32f3xx_hal_tim_ex.o(i.TIM_CCxNChannelCmd), (22 bytes).
    Removing stm32f3xx_hal_uart.o(.rev16_text), (4 bytes).
    Removing stm32f3xx_hal_uart.o(.revsh_text), (4 bytes).
    Removing stm32f3xx_hal_uart.o(i.HAL_HalfDuplex_EnableReceiver), (56 bytes).
    Removing stm32f3xx_hal_uart.o(i.HAL_HalfDuplex_EnableTransmitter), (56 bytes).
    Removing stm32f3xx_hal_uart.o(i.HAL_HalfDuplex_Init), (110 bytes).
    Removing stm32f3xx_hal_uart.o(i.HAL_LIN_Init), (132 bytes).
    Removing stm32f3xx_hal_uart.o(i.HAL_LIN_SendBreak), (44 bytes).
    Removing stm32f3xx_hal_uart.o(i.HAL_MultiProcessor_DisableMuteMode), (42 bytes).
    Removing stm32f3xx_hal_uart.o(i.HAL_MultiProcessor_EnableMuteMode), (42 bytes).
    Removing stm32f3xx_hal_uart.o(i.HAL_MultiProcessor_EnterMuteMode), (12 bytes).
    Removing stm32f3xx_hal_uart.o(i.HAL_MultiProcessor_Init), (132 bytes).
    Removing stm32f3xx_hal_uart.o(i.HAL_UART_DMAPause), (78 bytes).
    Removing stm32f3xx_hal_uart.o(i.HAL_UART_DMAResume), (90 bytes).
    Removing stm32f3xx_hal_uart.o(i.HAL_UART_DMAStop), (80 bytes).
    Removing stm32f3xx_hal_uart.o(i.HAL_UART_DeInit), (58 bytes).
    Removing stm32f3xx_hal_uart.o(i.HAL_UART_GetError), (6 bytes).
    Removing stm32f3xx_hal_uart.o(i.HAL_UART_GetState), (6 bytes).
    Removing stm32f3xx_hal_uart.o(i.HAL_UART_MspDeInit), (2 bytes).
    Removing stm32f3xx_hal_uart.o(i.HAL_UART_Receive), (232 bytes).
    Removing stm32f3xx_hal_uart.o(i.HAL_UART_Receive_DMA), (136 bytes).
    Removing stm32f3xx_hal_uart.o(i.HAL_UART_RxCpltCallback), (2 bytes).
    Removing stm32f3xx_hal_uart.o(i.HAL_UART_RxHalfCpltCallback), (2 bytes).
    Removing stm32f3xx_hal_uart.o(i.HAL_UART_Transmit), (192 bytes).
    Removing stm32f3xx_hal_uart.o(i.HAL_UART_Transmit_DMA), (132 bytes).
    Removing stm32f3xx_hal_uart.o(i.HAL_UART_TxCpltCallback), (2 bytes).
    Removing stm32f3xx_hal_uart.o(i.HAL_UART_TxHalfCpltCallback), (2 bytes).
    Removing stm32f3xx_hal_uart.o(i.UART_DMAError), (32 bytes).
    Removing stm32f3xx_hal_uart.o(i.UART_DMAReceiveCplt), (46 bytes).
    Removing stm32f3xx_hal_uart.o(i.UART_DMARxHalfCplt), (10 bytes).
    Removing stm32f3xx_hal_uart.o(i.UART_DMATransmitCplt), (76 bytes).
    Removing stm32f3xx_hal_uart.o(i.UART_DMATxHalfCplt), (10 bytes).
    Removing stm32f3xx_hal_uart.o(i.UART_Wakeup_AddressConfig), (32 bytes).
    Removing stm32f3xx_hal_uart_ex.o(.rev16_text), (4 bytes).
    Removing stm32f3xx_hal_uart_ex.o(.revsh_text), (4 bytes).
    Removing stm32f3xx_hal_uart_ex.o(i.HAL_MultiProcessorEx_AddressLength_Set), (48 bytes).
    Removing stm32f3xx_hal_uart_ex.o(i.HAL_RS485Ex_Init), (136 bytes).
    Removing stm32f3xx_hal_uart_ex.o(i.HAL_UARTEx_DisableStopMode), (44 bytes).
    Removing stm32f3xx_hal_uart_ex.o(i.HAL_UARTEx_EnableStopMode), (44 bytes).
    Removing stm32f3xx_hal_uart_ex.o(i.HAL_UARTEx_StopModeWakeUpSourceConfig), (102 bytes).
    Removing stm32f3xx_hal_usart.o(.rev16_text), (4 bytes).
    Removing stm32f3xx_hal_usart.o(.revsh_text), (4 bytes).
    Removing startup_stm32f303xc.o(HEAP), (512 bytes).
    Removing stm32f3_discovery.o(.rev16_text), (4 bytes).
    Removing stm32f3_discovery.o(.revsh_text), (4 bytes).
    Removing stm32f3_discovery.o(i.BSP_GetVersion), (8 bytes).
    Removing stm32f3_discovery.o(i.BSP_LED_Off), (28 bytes).
    Removing stm32f3_discovery.o(i.BSP_LED_On), (28 bytes).
    Removing stm32f3_discovery.o(i.BSP_PB_GetState), (24 bytes).
    Removing stm32f3_discovery.o(i.BSP_PB_Init), (132 bytes).

391 unused section(s) (total 24511 bytes) removed from the image.

==============================================================================

Image Symbol Table

    Local Symbols

    Symbol Name                              Value     Ov Type        Size  Object(Section)

    ../clib/microlib/init/entry.s            0x00000000   Number         0  entry10a.o ABSOLUTE
    ../clib/microlib/init/entry.s            0x00000000   Number         0  entry2.o ABSOLUTE
    ../clib/microlib/init/entry.s            0x00000000   Number         0  entry11b.o ABSOLUTE
    ../clib/microlib/init/entry.s            0x00000000   Number         0  entry11a.o ABSOLUTE
    ../clib/microlib/init/entry.s            0x00000000   Number         0  entry10b.o ABSOLUTE
    ../clib/microlib/init/entry.s            0x00000000   Number         0  entry7a.o ABSOLUTE
    ../clib/microlib/init/entry.s            0x00000000   Number         0  entry9b.o ABSOLUTE
    ../clib/microlib/init/entry.s            0x00000000   Number         0  entry.o ABSOLUTE
    ../clib/microlib/init/entry.s            0x00000000   Number         0  entry9a.o ABSOLUTE
    ../clib/microlib/init/entry.s            0x00000000   Number         0  entry8b.o ABSOLUTE
    ../clib/microlib/init/entry.s            0x00000000   Number         0  entry8a.o ABSOLUTE
    ../clib/microlib/init/entry.s            0x00000000   Number         0  entry7b.o ABSOLUTE
    ../clib/microlib/init/entry.s            0x00000000   Number         0  entry5.o ABSOLUTE
    ../clib/microlib/longlong.c              0x00000000   Number         0  llushr.o ABSOLUTE
    ../clib/microlib/string/memcpy.c         0x00000000   Number         0  memcpyb.o ABSOLUTE
    ../clib/microlib/string/memcpy.c         0x00000000   Number         0  memcpya.o ABSOLUTE
    ../clib/microlib/string/memset.c         0x00000000   Number         0  memseta.o ABSOLUTE
    ..\..\..\Drivers\BSP\STM32F3-Discovery\stm32f3_discovery.c 0x00000000   Number         0  stm32f3_discovery.o ABSOLUTE
    ..\..\..\Drivers\CMSIS\Device\ST\STM32F3xx\Source\Templates\arm\startup_stm32f303xc.s 0x00000000   Number         0  startup_stm32f303xc.o ABSOLUTE
    ..\..\..\Drivers\CMSIS\Device\ST\STM32F3xx\Source\Templates\system_stm32f3xx.c 0x00000000   Number         0  system_stm32f3xx.o ABSOLUTE
    ..\..\..\Drivers\STM32F3xx_HAL_Driver\Src\stm32f3xx_hal.c 0x00000000   Number         0  stm32f3xx_hal.o ABSOLUTE
    ..\..\..\Drivers\STM32F3xx_HAL_Driver\Src\stm32f3xx_hal_cortex.c 0x00000000   Number         0  stm32f3xx_hal_cortex.o ABSOLUTE
    ..\..\..\Drivers\STM32F3xx_HAL_Driver\Src\stm32f3xx_hal_crc_ex.c 0x00000000   Number         0  stm32f3xx_hal_crc_ex.o ABSOLUTE
    ..\..\..\Drivers\STM32F3xx_HAL_Driver\Src\stm32f3xx_hal_dma.c 0x00000000   Number         0  stm32f3xx_hal_dma.o ABSOLUTE
    ..\..\..\Drivers\STM32F3xx_HAL_Driver\Src\stm32f3xx_hal_flash.c 0x00000000   Number         0  stm32f3xx_hal_flash.o ABSOLUTE
    ..\..\..\Drivers\STM32F3xx_HAL_Driver\Src\stm32f3xx_hal_flash_ex.c 0x00000000   Number         0  stm32f3xx_hal_flash_ex.o ABSOLUTE
    ..\..\..\Drivers\STM32F3xx_HAL_Driver\Src\stm32f3xx_hal_gpio.c 0x00000000   Number         0  stm32f3xx_hal_gpio.o ABSOLUTE
    ..\..\..\Drivers\STM32F3xx_HAL_Driver\Src\stm32f3xx_hal_ppp.c 0x00000000   Number         0  stm32f3xx_hal_ppp.o ABSOLUTE
    ..\..\..\Drivers\STM32F3xx_HAL_Driver\Src\stm32f3xx_hal_pwr_ex.c 0x00000000   Number         0  stm32f3xx_hal_pwr_ex.o ABSOLUTE
    ..\..\..\Drivers\STM32F3xx_HAL_Driver\Src\stm32f3xx_hal_rcc.c 0x00000000   Number         0  stm32f3xx_hal_rcc.o ABSOLUTE
    ..\..\..\Drivers\STM32F3xx_HAL_Driver\Src\stm32f3xx_hal_rcc_ex.c 0x00000000   Number         0  stm32f3xx_hal_rcc_ex.o ABSOLUTE
    ..\..\..\Drivers\STM32F3xx_HAL_Driver\Src\stm32f3xx_hal_rtc.c 0x00000000   Number         0  stm32f3xx_hal_rtc.o ABSOLUTE
    ..\..\..\Drivers\STM32F3xx_HAL_Driver\Src\stm32f3xx_hal_rtc_ex.c 0x00000000   Number         0  stm32f3xx_hal_rtc_ex.o ABSOLUTE
    ..\..\..\Drivers\STM32F3xx_HAL_Driver\Src\stm32f3xx_hal_smbus.c 0x00000000   Number         0  stm32f3xx_hal_smbus.o ABSOLUTE
    ..\..\..\Drivers\STM32F3xx_HAL_Driver\Src\stm32f3xx_hal_tim.c 0x00000000   Number         0  stm32f3xx_hal_tim.o ABSOLUTE
    ..\..\..\Drivers\STM32F3xx_HAL_Driver\Src\stm32f3xx_hal_tim_ex.c 0x00000000   Number         0  stm32f3xx_hal_tim_ex.o ABSOLUTE
    ..\..\..\Drivers\STM32F3xx_HAL_Driver\Src\stm32f3xx_hal_uart.c 0x00000000   Number         0  stm32f3xx_hal_uart.o ABSOLUTE
    ..\..\..\Drivers\STM32F3xx_HAL_Driver\Src\stm32f3xx_hal_uart_ex.c 0x00000000   Number         0  stm32f3xx_hal_uart_ex.o ABSOLUTE
    ..\..\..\Drivers\STM32F3xx_HAL_Driver\Src\stm32f3xx_hal_usart.c 0x00000000   Number         0  stm32f3xx_hal_usart.o ABSOLUTE
    ..\..\..\Middlewares\Third_Party\FreeRTOS\Source\CMSIS_RTOS\cmsis_os.c 0x00000000   Number         0  cmsis_os.o ABSOLUTE
    ..\..\..\Middlewares\Third_Party\FreeRTOS\Source\croutine.c 0x00000000   Number         0  croutine.o ABSOLUTE
    ..\..\..\Middlewares\Third_Party\FreeRTOS\Source\list.c 0x00000000   Number         0  list.o ABSOLUTE
    ..\..\..\Middlewares\Third_Party\FreeRTOS\Source\portable\MemMang\heap_4.c 0x00000000   Number         0  heap_4.o ABSOLUTE
    ..\..\..\Middlewares\Third_Party\FreeRTOS\Source\portable\RVDS\ARM_CM4F\port.c 0x00000000   Number         0  port.o ABSOLUTE
    ..\..\..\Middlewares\Third_Party\FreeRTOS\Source\queue.c 0x00000000   Number         0  queue.o ABSOLUTE
    ..\..\..\Middlewares\Third_Party\FreeRTOS\Source\tasks.c 0x00000000   Number         0  tasks.o ABSOLUTE
    ..\..\..\Middlewares\Third_Party\FreeRTOS\Source\timers.c 0x00000000   Number         0  timers.o ABSOLUTE
    ..\Src\init.c                            0x00000000   Number         0  init.o ABSOLUTE
    ..\Src\main.c                            0x00000000   Number         0  main.o ABSOLUTE
    ..\Src\mylcd.c                           0x00000000   Number         0  mylcd.o ABSOLUTE
    ..\Src\rtos_tasks.c                      0x00000000   Number         0  rtos_tasks.o ABSOLUTE
    ..\Src\stm32f3xx_hal_msp.c               0x00000000   Number         0  stm32f3xx_hal_msp.o ABSOLUTE
    ..\Src\stm32f3xx_it.c                    0x00000000   Number         0  stm32f3xx_it.o ABSOLUTE
    ..\\..\\..\\Drivers\\BSP\\STM32F3-Discovery\\stm32f3_discovery.c 0x00000000   Number         0  stm32f3_discovery.o ABSOLUTE
    ..\\..\\..\\Drivers\\CMSIS\\Device\\ST\\STM32F3xx\\Source\\Templates\\system_stm32f3xx.c 0x00000000   Number         0  system_stm32f3xx.o ABSOLUTE
    ..\\..\\..\\Drivers\\STM32F3xx_HAL_Driver\\Src\\stm32f3xx_hal.c 0x00000000   Number         0  stm32f3xx_hal.o ABSOLUTE
    ..\\..\\..\\Drivers\\STM32F3xx_HAL_Driver\\Src\\stm32f3xx_hal_cortex.c 0x00000000   Number         0  stm32f3xx_hal_cortex.o ABSOLUTE
    ..\\..\\..\\Drivers\\STM32F3xx_HAL_Driver\\Src\\stm32f3xx_hal_crc_ex.c 0x00000000   Number         0  stm32f3xx_hal_crc_ex.o ABSOLUTE
    ..\\..\\..\\Drivers\\STM32F3xx_HAL_Driver\\Src\\stm32f3xx_hal_dma.c 0x00000000   Number         0  stm32f3xx_hal_dma.o ABSOLUTE
    ..\\..\\..\\Drivers\\STM32F3xx_HAL_Driver\\Src\\stm32f3xx_hal_flash.c 0x00000000   Number         0  stm32f3xx_hal_flash.o ABSOLUTE
    ..\\..\\..\\Drivers\\STM32F3xx_HAL_Driver\\Src\\stm32f3xx_hal_flash_ex.c 0x00000000   Number         0  stm32f3xx_hal_flash_ex.o ABSOLUTE
    ..\\..\\..\\Drivers\\STM32F3xx_HAL_Driver\\Src\\stm32f3xx_hal_gpio.c 0x00000000   Number         0  stm32f3xx_hal_gpio.o ABSOLUTE
    ..\\..\\..\\Drivers\\STM32F3xx_HAL_Driver\\Src\\stm32f3xx_hal_ppp.c 0x00000000   Number         0  stm32f3xx_hal_ppp.o ABSOLUTE
    ..\\..\\..\\Drivers\\STM32F3xx_HAL_Driver\\Src\\stm32f3xx_hal_pwr_ex.c 0x00000000   Number         0  stm32f3xx_hal_pwr_ex.o ABSOLUTE
    ..\\..\\..\\Drivers\\STM32F3xx_HAL_Driver\\Src\\stm32f3xx_hal_rcc.c 0x00000000   Number         0  stm32f3xx_hal_rcc.o ABSOLUTE
    ..\\..\\..\\Drivers\\STM32F3xx_HAL_Driver\\Src\\stm32f3xx_hal_rcc_ex.c 0x00000000   Number         0  stm32f3xx_hal_rcc_ex.o ABSOLUTE
    ..\\..\\..\\Drivers\\STM32F3xx_HAL_Driver\\Src\\stm32f3xx_hal_rtc.c 0x00000000   Number         0  stm32f3xx_hal_rtc.o ABSOLUTE
    ..\\..\\..\\Drivers\\STM32F3xx_HAL_Driver\\Src\\stm32f3xx_hal_rtc_ex.c 0x00000000   Number         0  stm32f3xx_hal_rtc_ex.o ABSOLUTE
    ..\\..\\..\\Drivers\\STM32F3xx_HAL_Driver\\Src\\stm32f3xx_hal_smbus.c 0x00000000   Number         0  stm32f3xx_hal_smbus.o ABSOLUTE
    ..\\..\\..\\Drivers\\STM32F3xx_HAL_Driver\\Src\\stm32f3xx_hal_tim.c 0x00000000   Number         0  stm32f3xx_hal_tim.o ABSOLUTE
    ..\\..\\..\\Drivers\\STM32F3xx_HAL_Driver\\Src\\stm32f3xx_hal_tim_ex.c 0x00000000   Number         0  stm32f3xx_hal_tim_ex.o ABSOLUTE
    ..\\..\\..\\Drivers\\STM32F3xx_HAL_Driver\\Src\\stm32f3xx_hal_uart.c 0x00000000   Number         0  stm32f3xx_hal_uart.o ABSOLUTE
    ..\\..\\..\\Drivers\\STM32F3xx_HAL_Driver\\Src\\stm32f3xx_hal_uart_ex.c 0x00000000   Number         0  stm32f3xx_hal_uart_ex.o ABSOLUTE
    ..\\..\\..\\Drivers\\STM32F3xx_HAL_Driver\\Src\\stm32f3xx_hal_usart.c 0x00000000   Number         0  stm32f3xx_hal_usart.o ABSOLUTE
    ..\\..\\..\\Middlewares\\Third_Party\\FreeRTOS\\Source\\portable\\RVDS\\ARM_CM4F\\port.c 0x00000000   Number         0  port.o ABSOLUTE
    ..\\Src\\init.c                          0x00000000   Number         0  init.o ABSOLUTE
    ..\\Src\\main.c                          0x00000000   Number         0  main.o ABSOLUTE
    ..\\Src\\mylcd.c                         0x00000000   Number         0  mylcd.o ABSOLUTE
    ..\\Src\\rtos_tasks.c                    0x00000000   Number         0  rtos_tasks.o ABSOLUTE
    ..\\Src\\stm32f3xx_hal_msp.c             0x00000000   Number         0  stm32f3xx_hal_msp.o ABSOLUTE
    ..\\Src\\stm32f3xx_it.c                  0x00000000   Number         0  stm32f3xx_it.o ABSOLUTE
    dc.s                                     0x00000000   Number         0  dc.o ABSOLUTE
    handlers.s                               0x00000000   Number         0  handlers.o ABSOLUTE
    init.s                                   0x00000000   Number         0  init.o ABSOLUTE
    RESET                                    0x08000000   Section      392  startup_stm32f303xc.o(RESET)
    .ARM.Collect$$$$00000000                 0x08000188   Section        0  entry.o(.ARM.Collect$$$$00000000)
    .ARM.Collect$$$$00000001                 0x08000188   Section        4  entry2.o(.ARM.Collect$$$$00000001)
    .ARM.Collect$$$$00000004                 0x0800018c   Section        4  entry5.o(.ARM.Collect$$$$00000004)
    .ARM.Collect$$$$00000008                 0x08000190   Section        0  entry7b.o(.ARM.Collect$$$$00000008)
    .ARM.Collect$$$$0000000A                 0x08000190   Section        0  entry8b.o(.ARM.Collect$$$$0000000A)
    .ARM.Collect$$$$0000000B                 0x08000190   Section        8  entry9a.o(.ARM.Collect$$$$0000000B)
    .ARM.Collect$$$$0000000D                 0x08000198   Section        0  entry10a.o(.ARM.Collect$$$$0000000D)
    .ARM.Collect$$$$0000000F                 0x08000198   Section        0  entry11a.o(.ARM.Collect$$$$0000000F)
    .ARM.Collect$$$$00002712                 0x08000198   Section        4  entry2.o(.ARM.Collect$$$$00002712)
    __lit__00000000                          0x08000198   Data           4  entry2.o(.ARM.Collect$$$$00002712)
    .emb_text                                0x0800019c   Section      174  port.o(.emb_text)
    $v0                                      0x0800019c   Number         0  port.o(.emb_text)
    .text                                    0x0800024c   Section       36  startup_stm32f303xc.o(.text)
    $v0                                      0x0800024c   Number         0  startup_stm32f303xc.o(.text)
    .text                                    0x08000270   Section        0  memcpya.o(.text)
    .text                                    0x08000294   Section        0  memseta.o(.text)
    .text                                    0x080002b8   Section       36  init.o(.text)
    i.BSP_LED_Init                           0x080002dc   Section        0  stm32f3_discovery.o(i.BSP_LED_Init)
    i.BSP_LED_Toggle                         0x08000348   Section        0  stm32f3_discovery.o(i.BSP_LED_Toggle)
    i.CommandProcessing                      0x08000360   Section        0  rtos_tasks.o(i.CommandProcessing)
    i.EXTI0_IRQHandler                       0x08000544   Section        0  stm32f3xx_it.o(i.EXTI0_IRQHandler)
    i.FloatToStr                             0x0800054c   Section        0  main.o(i.FloatToStr)
    i.FloatToStrNL                           0x080005fc   Section        0  main.o(i.FloatToStrNL)
    i.GPIO_Init                              0x08000690   Section        0  init.o(i.GPIO_Init)
    i.HAL_GPIO_EXTI_Callback                 0x08000740   Section        0  main.o(i.HAL_GPIO_EXTI_Callback)
    i.HAL_GPIO_EXTI_IRQHandler               0x08000770   Section        0  stm32f3xx_hal_gpio.o(i.HAL_GPIO_EXTI_IRQHandler)
    i.HAL_GPIO_Init                          0x08000788   Section        0  stm32f3xx_hal_gpio.o(i.HAL_GPIO_Init)
    i.HAL_GPIO_TogglePin                     0x08000914   Section        0  stm32f3xx_hal_gpio.o(i.HAL_GPIO_TogglePin)
    i.HAL_GPIO_WritePin                      0x0800091c   Section        0  stm32f3xx_hal_gpio.o(i.HAL_GPIO_WritePin)
    i.HAL_GetTick                            0x08000928   Section        0  stm32f3xx_hal.o(i.HAL_GetTick)
    i.HAL_IncTick                            0x08000934   Section        0  stm32f3xx_hal.o(i.HAL_IncTick)
    i.HAL_Init                               0x08000944   Section        0  stm32f3xx_hal.o(i.HAL_Init)
    i.HAL_InitTick                           0x08000968   Section        0  stm32f3xx_hal.o(i.HAL_InitTick)
    i.HAL_MspInit                            0x0800098a   Section        0  stm32f3xx_hal_msp.o(i.HAL_MspInit)
    i.HAL_NVIC_EnableIRQ                     0x080009a0   Section        0  stm32f3xx_hal_cortex.o(i.HAL_NVIC_EnableIRQ)
    i.HAL_NVIC_SetPriority                   0x080009b8   Section        0  stm32f3xx_hal_cortex.o(i.HAL_NVIC_SetPriority)
    i.HAL_NVIC_SetPriorityGrouping           0x080009f8   Section        0  stm32f3xx_hal_cortex.o(i.HAL_NVIC_SetPriorityGrouping)
    i.HAL_RCC_ClockConfig                    0x08000a1c   Section        0  stm32f3xx_hal_rcc.o(i.HAL_RCC_ClockConfig)
    i.HAL_RCC_GetHCLKFreq                    0x08000ca4   Section        0  stm32f3xx_hal_rcc.o(i.HAL_RCC_GetHCLKFreq)
    i.HAL_RCC_GetPCLK1Freq                   0x08000cd8   Section        0  stm32f3xx_hal_rcc.o(i.HAL_RCC_GetPCLK1Freq)
    i.HAL_RCC_GetPCLK2Freq                   0x08000d04   Section        0  stm32f3xx_hal_rcc.o(i.HAL_RCC_GetPCLK2Freq)
    i.HAL_RCC_GetSysClockFreq                0x08000d30   Section        0  stm32f3xx_hal_rcc_ex.o(i.HAL_RCC_GetSysClockFreq)
    i.HAL_RCC_OscConfig                      0x08000d98   Section        0  stm32f3xx_hal_rcc_ex.o(i.HAL_RCC_OscConfig)
    i.HAL_SYSTICK_CLKSourceConfig            0x08001320   Section        0  stm32f3xx_hal_cortex.o(i.HAL_SYSTICK_CLKSourceConfig)
    i.HAL_SYSTICK_Config                     0x08001338   Section        0  stm32f3xx_hal_cortex.o(i.HAL_SYSTICK_Config)
    i.HAL_TIMEx_BreakCallback                0x08001360   Section        0  stm32f3xx_hal_tim_ex.o(i.HAL_TIMEx_BreakCallback)
    i.HAL_TIMEx_CommutationCallback          0x08001362   Section        0  stm32f3xx_hal_tim_ex.o(i.HAL_TIMEx_CommutationCallback)
    i.HAL_TIMEx_MasterConfigSynchronization  0x08001364   Section        0  stm32f3xx_hal_tim_ex.o(i.HAL_TIMEx_MasterConfigSynchronization)
    i.HAL_TIM_Base_Init                      0x080013bc   Section        0  stm32f3xx_hal_tim.o(i.HAL_TIM_Base_Init)
    i.HAL_TIM_Base_MspInit                   0x080013ec   Section        0  stm32f3xx_hal_tim.o(i.HAL_TIM_Base_MspInit)
    i.HAL_TIM_Base_Start_IT                  0x080013ee   Section        0  stm32f3xx_hal_tim.o(i.HAL_TIM_Base_Start_IT)
    i.HAL_TIM_Encoder_Init                   0x08001408   Section        0  stm32f3xx_hal_tim.o(i.HAL_TIM_Encoder_Init)
    i.HAL_TIM_Encoder_MspInit                0x0800149c   Section        0  stm32f3xx_hal_tim.o(i.HAL_TIM_Encoder_MspInit)
    i.HAL_TIM_Encoder_Start                  0x080014a0   Section        0  stm32f3xx_hal_tim.o(i.HAL_TIM_Encoder_Start)
    i.HAL_TIM_IC_CaptureCallback             0x080014d4   Section        0  stm32f3xx_hal_tim.o(i.HAL_TIM_IC_CaptureCallback)
    i.HAL_TIM_IRQHandler                     0x080014d6   Section        0  stm32f3xx_hal_tim.o(i.HAL_TIM_IRQHandler)
    i.HAL_TIM_OC_DelayElapsedCallback        0x0800163c   Section        0  stm32f3xx_hal_tim.o(i.HAL_TIM_OC_DelayElapsedCallback)
    i.HAL_TIM_PWM_ConfigChannel              0x0800163e   Section        0  stm32f3xx_hal_tim_ex.o(i.HAL_TIM_PWM_ConfigChannel)
    i.HAL_TIM_PWM_Init                       0x08001764   Section        0  stm32f3xx_hal_tim.o(i.HAL_TIM_PWM_Init)
    i.HAL_TIM_PWM_MspInit                    0x08001794   Section        0  stm32f3xx_hal_tim.o(i.HAL_TIM_PWM_MspInit)
    i.HAL_TIM_PWM_PulseFinishedCallback      0x08001796   Section        0  stm32f3xx_hal_tim.o(i.HAL_TIM_PWM_PulseFinishedCallback)
    i.HAL_TIM_PWM_Start                      0x08001798   Section        0  stm32f3xx_hal_tim.o(i.HAL_TIM_PWM_Start)
    i.HAL_TIM_PeriodElapsedCallback          0x080017f0   Section        0  main.o(i.HAL_TIM_PeriodElapsedCallback)
    i.HAL_TIM_TriggerCallback                0x08001850   Section        0  stm32f3xx_hal_tim.o(i.HAL_TIM_TriggerCallback)
    i.HAL_UART_ErrorCallback                 0x08001852   Section        0  stm32f3xx_hal_uart.o(i.HAL_UART_ErrorCallback)
    i.HAL_UART_IRQHandler                    0x08001854   Section        0  stm32f3xx_hal_uart.o(i.HAL_UART_IRQHandler)
    i.HAL_UART_Init                          0x0800197a   Section        0  stm32f3xx_hal_uart.o(i.HAL_UART_Init)
    i.HAL_UART_MspInit                       0x080019de   Section        0  stm32f3xx_hal_uart.o(i.HAL_UART_MspInit)
    i.HAL_UART_Receive_IT                    0x080019e0   Section        0  stm32f3xx_hal_uart.o(i.HAL_UART_Receive_IT)
    i.HAL_UART_RxCpltCallback                0x08001a74   Section        0  main.o(i.HAL_UART_RxCpltCallback)
    i.HAL_UART_Transmit_IT                   0x08001aa8   Section        0  stm32f3xx_hal_uart.o(i.HAL_UART_Transmit_IT)
    i.HAL_UART_TxCpltCallback                0x08001b08   Section        0  main.o(i.HAL_UART_TxCpltCallback)
    i.HAL_UART_WakeupCallback                0x08001b0e   Section        0  stm32f3xx_hal_uart.o(i.HAL_UART_WakeupCallback)
    i.LCD_Display                            0x08001b10   Section        0  rtos_tasks.o(i.LCD_Display)
    i.NVIC_SetPriority                       0x08001ce0   Section        0  stm32f3xx_hal_cortex.o(i.NVIC_SetPriority)
    NVIC_SetPriority                         0x08001ce1   Thumb Code    22  stm32f3xx_hal_cortex.o(i.NVIC_SetPriority)
    i.PID_Task_Function                      0x08001d00   Section        0  rtos_tasks.o(i.PID_Task_Function)
    i.StartUp                                0x08001dc4   Section        0  rtos_tasks.o(i.StartUp)
    i.SysTick_Handler                        0x08001e08   Section        0  stm32f3xx_it.o(i.SysTick_Handler)
    i.SystemClock_Config                     0x08001e20   Section        0  init.o(i.SystemClock_Config)
    i.SystemInit                             0x08001e74   Section        0  system_stm32f3xx.o(i.SystemInit)
    i.TIM2_PWMInit                           0x08001edc   Section        0  init.o(i.TIM2_PWMInit)
    i.TIM3_BaseInit                          0x08001f4c   Section        0  init.o(i.TIM3_BaseInit)
    i.TIM3_IRQHandler                        0x08001fa0   Section        0  stm32f3xx_it.o(i.TIM3_IRQHandler)
    i.TIM4_EncInit                           0x08001fac   Section        0  init.o(i.TIM4_EncInit)
    i.TIM_Base_SetConfig                     0x08001ff8   Section        0  stm32f3xx_hal_tim.o(i.TIM_Base_SetConfig)
    i.TIM_CCxChannelCmd                      0x080020a0   Section        0  stm32f3xx_hal_tim.o(i.TIM_CCxChannelCmd)
    i.TIM_OC1_SetConfig                      0x080020b8   Section        0  stm32f3xx_hal_tim.o(i.TIM_OC1_SetConfig)
    i.TIM_OC2_SetConfig                      0x08002154   Section        0  stm32f3xx_hal_tim.o(i.TIM_OC2_SetConfig)
    i.TIM_OC3_SetConfig                      0x080021e4   Section        0  stm32f3xx_hal_tim.o(i.TIM_OC3_SetConfig)
    i.TIM_OC4_SetConfig                      0x08002274   Section        0  stm32f3xx_hal_tim.o(i.TIM_OC4_SetConfig)
    i.TIM_OC5_SetConfig                      0x080022e8   Section        0  stm32f3xx_hal_tim_ex.o(i.TIM_OC5_SetConfig)
    TIM_OC5_SetConfig                        0x080022e9   Thumb Code    86  stm32f3xx_hal_tim_ex.o(i.TIM_OC5_SetConfig)
    i.TIM_OC6_SetConfig                      0x08002358   Section        0  stm32f3xx_hal_tim_ex.o(i.TIM_OC6_SetConfig)
    TIM_OC6_SetConfig                        0x08002359   Thumb Code    88  stm32f3xx_hal_tim_ex.o(i.TIM_OC6_SetConfig)
    i.UART1_Init                             0x080023c8   Section        0  init.o(i.UART1_Init)
    i.UART_AdvFeatureConfig                  0x08002418   Section        0  stm32f3xx_hal_uart.o(i.UART_AdvFeatureConfig)
    i.UART_CheckIdleState                    0x080024e0   Section        0  stm32f3xx_hal_uart.o(i.UART_CheckIdleState)
    i.UART_Receive                           0x08002530   Section        0  rtos_tasks.o(i.UART_Receive)
    i.UART_Receive_IT                        0x08002554   Section        0  stm32f3xx_hal_uart.o(i.UART_Receive_IT)
    UART_Receive_IT                          0x08002555   Thumb Code   140  stm32f3xx_hal_uart.o(i.UART_Receive_IT)
    i.UART_Send                              0x080025e0   Section        0  rtos_tasks.o(i.UART_Send)
    i.UART_SetConfig                         0x0800262c   Section        0  stm32f3xx_hal_uart.o(i.UART_SetConfig)
    i.UART_Transmit_IT                       0x080027f4   Section        0  stm32f3xx_hal_uart.o(i.UART_Transmit_IT)
    UART_Transmit_IT                         0x080027f5   Thumb Code   104  stm32f3xx_hal_uart.o(i.UART_Transmit_IT)
    i.UART_WaitOnFlagUntilTimeout            0x0800285c   Section        0  stm32f3xx_hal_uart.o(i.UART_WaitOnFlagUntilTimeout)
    i.USART1_IRQHandler                      0x080028f0   Section        0  stm32f3xx_it.o(i.USART1_IRQHandler)
    i.__LCD_Pulse                            0x080028fc   Section        0  mylcd.o(i.__LCD_Pulse)
    i.__LCD_SendByte                         0x0800291c   Section        0  mylcd.o(i.__LCD_SendByte)
    i.__scatterload_copy                     0x0800298c   Section       14  handlers.o(i.__scatterload_copy)
    i.__scatterload_null                     0x0800299a   Section        2  handlers.o(i.__scatterload_null)
    i.__scatterload_zeroinit                 0x0800299c   Section       14  handlers.o(i.__scatterload_zeroinit)
    i.abs                                    0x080029aa   Section        0  main.o(i.abs)
    i.command_convert                        0x080029bc   Section        0  main.o(i.command_convert)
    i.command_to_duty                        0x08002a10   Section        0  main.o(i.command_to_duty)
    i.filter                                 0x08002a68   Section        0  main.o(i.filter)
    i.main                                   0x08002a90   Section        0  main.o(i.main)
    i.makeFreeRtosPriority                   0x08002c2c   Section        0  cmsis_os.o(i.makeFreeRtosPriority)
    makeFreeRtosPriority                     0x08002c2d   Thumb Code    12  cmsis_os.o(i.makeFreeRtosPriority)
    i.my_LCD_Clear                           0x08002c38   Section        0  mylcd.o(i.my_LCD_Clear)
    i.my_LCD_Init                            0x08002c40   Section        0  mylcd.o(i.my_LCD_Init)
    i.my_LCD_PrintStr                        0x08002cbc   Section        0  mylcd.o(i.my_LCD_PrintStr)
    i.my_LCD_PutChar                         0x08002cd6   Section        0  mylcd.o(i.my_LCD_PutChar)
    i.my_LCD_gotoXY                          0x08002cdc   Section        0  mylcd.o(i.my_LCD_gotoXY)
    i.osDelay                                0x08002cf8   Section        0  cmsis_os.o(i.osDelay)
    i.osKernelStart                          0x08002d06   Section        0  cmsis_os.o(i.osKernelStart)
    i.osThreadCreate                         0x08002d16   Section        0  cmsis_os.o(i.osThreadCreate)
    i.pid                                    0x08002d48   Section        0  main.o(i.pid)
    i.prvAddCurrentTaskToDelayedList         0x08002e94   Section        0  tasks.o(i.prvAddCurrentTaskToDelayedList)
    prvAddCurrentTaskToDelayedList           0x08002e95   Thumb Code    48  tasks.o(i.prvAddCurrentTaskToDelayedList)
    i.prvCheckTasksWaitingTermination        0x08002ec8   Section        0  tasks.o(i.prvCheckTasksWaitingTermination)
    prvCheckTasksWaitingTermination          0x08002ec9   Thumb Code    76  tasks.o(i.prvCheckTasksWaitingTermination)
    i.prvCopyDataFromQueue                   0x08002f1c   Section        0  queue.o(i.prvCopyDataFromQueue)
    prvCopyDataFromQueue                     0x08002f1d   Thumb Code    40  queue.o(i.prvCopyDataFromQueue)
    i.prvCopyDataToQueue                     0x08002f44   Section        0  queue.o(i.prvCopyDataToQueue)
    prvCopyDataToQueue                       0x08002f45   Thumb Code   104  queue.o(i.prvCopyDataToQueue)
    i.prvHeapInit                            0x08002fac   Section        0  heap_4.o(i.prvHeapInit)
    prvHeapInit                              0x08002fad   Thumb Code    64  heap_4.o(i.prvHeapInit)
    i.prvIdleTask                            0x08002ff4   Section        0  tasks.o(i.prvIdleTask)
    prvIdleTask                              0x08002ff5   Thumb Code    20  tasks.o(i.prvIdleTask)
    i.prvInsertBlockIntoFreeList             0x0800300c   Section        0  heap_4.o(i.prvInsertBlockIntoFreeList)
    prvInsertBlockIntoFreeList               0x0800300d   Thumb Code    72  heap_4.o(i.prvInsertBlockIntoFreeList)
    i.prvTaskExitError                       0x08003058   Section        0  port.o(i.prvTaskExitError)
    prvTaskExitError                         0x08003059   Thumb Code    20  port.o(i.prvTaskExitError)
    i.prvUnlockQueue                         0x08003070   Section        0  queue.o(i.prvUnlockQueue)
    prvUnlockQueue                           0x08003071   Thumb Code   100  queue.o(i.prvUnlockQueue)
    i.pvPortMalloc                           0x080030d4   Section        0  heap_4.o(i.pvPortMalloc)
    i.pxPortInitialiseStack                  0x08003164   Section        0  port.o(i.pxPortInitialiseStack)
    i.uxListRemove                           0x0800318c   Section        0  list.o(i.uxListRemove)
    i.vListInitialise                        0x080031b0   Section        0  list.o(i.vListInitialise)
    i.vListInitialiseItem                    0x080031c6   Section        0  list.o(i.vListInitialiseItem)
    i.vListInsert                            0x080031cc   Section        0  list.o(i.vListInsert)
    i.vListInsertEnd                         0x080031fc   Section        0  list.o(i.vListInsertEnd)
    i.vPortEnterCritical                     0x08003214   Section        0  port.o(i.vPortEnterCritical)
    i.vPortExitCritical                      0x08003230   Section        0  port.o(i.vPortExitCritical)
    i.vPortFree                              0x08003244   Section        0  heap_4.o(i.vPortFree)
    i.vPortSetupTimerInterrupt               0x0800328c   Section        0  port.o(i.vPortSetupTimerInterrupt)
    i.vPortValidateInterruptPriority         0x080032ac   Section        0  port.o(i.vPortValidateInterruptPriority)
    i.vPortYield                             0x080032ec   Section        0  port.o(i.vPortYield)
    i.vTaskDelay                             0x08003304   Section        0  tasks.o(i.vTaskDelay)
    i.vTaskDelete                            0x08003338   Section        0  tasks.o(i.vTaskDelete)
    i.vTaskMissedYield                       0x08003390   Section        0  tasks.o(i.vTaskMissedYield)
    i.vTaskPlaceOnEventList                  0x0800339c   Section        0  tasks.o(i.vTaskPlaceOnEventList)
    i.vTaskPriorityDisinherit                0x080033e0   Section        0  tasks.o(i.vTaskPriorityDisinherit)
    i.vTaskPriorityInherit                   0x08003428   Section        0  tasks.o(i.vTaskPriorityInherit)
    i.vTaskSetTimeOutState                   0x0800348c   Section        0  tasks.o(i.vTaskSetTimeOutState)
    i.vTaskStartScheduler                    0x080034a8   Section        0  tasks.o(i.vTaskStartScheduler)
    i.vTaskSuspendAll                        0x080034f4   Section        0  tasks.o(i.vTaskSuspendAll)
    i.vTaskSwitchContext                     0x08003504   Section        0  tasks.o(i.vTaskSwitchContext)
    i.xPortStartScheduler                    0x08003560   Section        0  port.o(i.xPortStartScheduler)
    i.xPortSysTickHandler                    0x080035e8   Section        0  port.o(i.xPortSysTickHandler)
    i.xQueueGenericCreate                    0x0800360c   Section        0  queue.o(i.xQueueGenericCreate)
    i.xQueueGenericReceive                   0x08003654   Section        0  queue.o(i.xQueueGenericReceive)
    i.xQueueGenericReset                     0x08003772   Section        0  queue.o(i.xQueueGenericReset)
    i.xQueueGenericSend                      0x080037dc   Section        0  queue.o(i.xQueueGenericSend)
    i.xQueueGenericSendFromISR               0x080038dc   Section        0  queue.o(i.xQueueGenericSendFromISR)
    i.xTaskCheckForTimeOut                   0x08003968   Section        0  tasks.o(i.xTaskCheckForTimeOut)
    i.xTaskGenericCreate                     0x080039c0   Section        0  tasks.o(i.xTaskGenericCreate)
    i.xTaskGetCurrentTaskHandle              0x08003b40   Section        0  tasks.o(i.xTaskGetCurrentTaskHandle)
    i.xTaskGetSchedulerState                 0x08003b4c   Section        0  tasks.o(i.xTaskGetSchedulerState)
    i.xTaskIncrementTick                     0x08003b68   Section        0  tasks.o(i.xTaskIncrementTick)
    i.xTaskRemoveFromEventList               0x08003c38   Section        0  tasks.o(i.xTaskRemoveFromEventList)
    i.xTaskResumeAll                         0x08003c9c   Section        0  tasks.o(i.xTaskResumeAll)
    .constdata                               0x08003d44   Section      120  main.o(.constdata)
    .constdata                               0x08003dbc   Section       32  stm32f3xx_hal_rcc_ex.o(.constdata)
    .constdata                               0x08003ddc   Section       16  stm32f3xx_hal_rcc.o(.constdata)
    .constdata                               0x08003dec   Section       20  stm32f3_discovery.o(.constdata)
    .conststring                             0x08003e00   Section       92  main.o(.conststring)
    .data                                    0x20000000   Section       12  port.o(.data)
    ucMaxSysCallPriority                     0x20000000   Data           1  port.o(.data)
    uxCriticalNesting                        0x20000004   Data           4  port.o(.data)
    ulMaxPRIGROUPValue                       0x20000008   Data           4  port.o(.data)
    .data                                    0x2000000c   Section       56  tasks.o(.data)
    uxTasksDeleted                           0x20000010   Data           4  tasks.o(.data)
    uxCurrentNumberOfTasks                   0x20000014   Data           4  tasks.o(.data)
    xTickCount                               0x20000018   Data           4  tasks.o(.data)
    uxTopReadyPriority                       0x2000001c   Data           4  tasks.o(.data)
    xSchedulerRunning                        0x20000020   Data           4  tasks.o(.data)
    uxSchedulerSuspended                     0x20000024   Data           4  tasks.o(.data)
    uxPendedTicks                            0x20000028   Data           4  tasks.o(.data)
    xYieldPending                            0x2000002c   Data           4  tasks.o(.data)
    xNumOfOverflows                          0x20000030   Data           4  tasks.o(.data)
    uxTaskNumber                             0x20000034   Data           4  tasks.o(.data)
    xNextTaskUnblockTime                     0x20000038   Data           4  tasks.o(.data)
    pxDelayedTaskList                        0x2000003c   Data           4  tasks.o(.data)
    pxOverflowDelayedTaskList                0x20000040   Data           4  tasks.o(.data)
    .data                                    0x20000044   Section       20  heap_4.o(.data)
    pxEnd                                    0x20000044   Data           4  heap_4.o(.data)
    xFreeBytesRemaining                      0x20000048   Data           4  heap_4.o(.data)
    xBlockAllocatedBit                       0x2000004c   Data           4  heap_4.o(.data)
    xStart                                   0x20000050   Data           8  heap_4.o(.data)
    .data                                    0x20000058   Section        2  main.o(.data)
    .data                                    0x2000005a   Section        1  main.o(.data)
    .data                                    0x2000005c   Section      109  main.o(.data)
    temp                                     0x20000062   Data           4  main.o(.data)
    out                                      0x20000068   Data           4  main.o(.data)
    out_old                                  0x2000006c   Data           4  main.o(.data)
    err                                      0x20000070   Data           4  main.o(.data)
    err_old                                  0x20000074   Data           4  main.o(.data)
    P_part                                   0x20000078   Data           4  main.o(.data)
    I_part                                   0x2000007c   Data           4  main.o(.data)
    I_part_old                               0x20000080   Data           4  main.o(.data)
    D_part                                   0x20000084   Data           4  main.o(.data)
    D_part_old                               0x20000088   Data           4  main.o(.data)
    temp                                     0x200000bc   Data           6  main.o(.data)
    temp                                     0x200000c2   Data           7  main.o(.data)
    .data                                    0x200000cc   Section        4  main.o(.data)
    .data                                    0x200000d0   Section        4  main.o(.data)
    .data                                    0x200000d4   Section        1  mylcd.o(.data)
    .data                                    0x200000d8   Section       13  rtos_tasks.o(.data)
    .data                                    0x200000e8   Section       20  system_stm32f3xx.o(.data)
    .data                                    0x200000fc   Section        4  stm32f3xx_hal.o(.data)
    uwTick                                   0x200000fc   Data           4  stm32f3xx_hal.o(.data)
    .data                                    0x20000100   Section       36  stm32f3_discovery.o(.data)
    .bss                                     0x20000124   Section      240  tasks.o(.bss)
    pxReadyTasksLists                        0x20000124   Data         140  tasks.o(.bss)
    xDelayedTaskList1                        0x200001b0   Data          20  tasks.o(.bss)
    xDelayedTaskList2                        0x200001c4   Data          20  tasks.o(.bss)
    xPendingReadyList                        0x200001d8   Data          20  tasks.o(.bss)
    xTasksWaitingTermination                 0x200001ec   Data          20  tasks.o(.bss)
    xSuspendedTaskList                       0x20000200   Data          20  tasks.o(.bss)
    .bss                                     0x20000214   Section     6000  heap_4.o(.bss)
    ucHeap                                   0x20000214   Data        6000  heap_4.o(.bss)
    .bss                                     0x20001984   Section       60  main.o(.bss)
    .bss                                     0x200019c0   Section       60  main.o(.bss)
    .bss                                     0x200019fc   Section       28  main.o(.bss)
    .bss                                     0x20001a18   Section      112  main.o(.bss)
    .bss                                     0x20001a88   Section      108  main.o(.bss)
    .bss                                     0x20001af4   Section       20  mylcd.o(.bss)
    STACK                                    0x20001b08   Section     1024  startup_stm32f303xc.o(STACK)

    Global Symbols

    Symbol Name                              Value     Ov Type        Size  Object(Section)

    BuildAttributes$$THM_ISAv4$E$P$D$K$B$S$7EM$VFPi3$EXTD16$VFPS$VFMA$PE$A:L22UL41UL21$X:L11$S22US41US21$IEEE1$IW$USESV6$~STKCKD$USESV7$~SHL$OSPACE$EBA8$MICROLIB$REQ8$PRES8$EABIv2 0x00000000   Number         0  anon$$obj.o ABSOLUTE
    __ARM_use_no_argv                        0x00000000   Number         0  main.o ABSOLUTE
    __cpp_initialize__aeabi_                  - Undefined Weak Reference
    __cxa_finalize                            - Undefined Weak Reference
    __decompress                              - Undefined Weak Reference
    _clock_init                               - Undefined Weak Reference
    _microlib_exit                            - Undefined Weak Reference
    __Vectors_Size                           0x00000188   Number         0  startup_stm32f303xc.o ABSOLUTE
    __Vectors                                0x08000000   Data           4  startup_stm32f303xc.o(RESET)
    __Vectors_End                            0x08000188   Data           0  startup_stm32f303xc.o(RESET)
    __main                                   0x08000189   Thumb Code     0  entry.o(.ARM.Collect$$$$00000000)
    _main_stk                                0x08000189   Thumb Code     0  entry2.o(.ARM.Collect$$$$00000001)
    _main_scatterload                        0x0800018d   Thumb Code     0  entry5.o(.ARM.Collect$$$$00000004)
    __main_after_scatterload                 0x08000191   Thumb Code     0  entry5.o(.ARM.Collect$$$$00000004)
    _main_clock                              0x08000191   Thumb Code     0  entry7b.o(.ARM.Collect$$$$00000008)
    _main_cpp_init                           0x08000191   Thumb Code     0  entry8b.o(.ARM.Collect$$$$0000000A)
    _main_init                               0x08000191   Thumb Code     0  entry9a.o(.ARM.Collect$$$$0000000B)
    __rt_final_cpp                           0x08000199   Thumb Code     0  entry10a.o(.ARM.Collect$$$$0000000D)
    __rt_final_exit                          0x08000199   Thumb Code     0  entry11a.o(.ARM.Collect$$$$0000000F)
    SVC_Handler                              0x0800019d   Thumb Code    24  port.o(.emb_text)
    __asm___6_port_c_39a90d8d__prvStartFirstTask 0x080001b9   Thumb Code    16  port.o(.emb_text)
    __asm___6_port_c_39a90d8d__prvEnableVFP  0x080001cd   Thumb Code    16  port.o(.emb_text)
    PendSV_Handler                           0x080001e1   Thumb Code    76  port.o(.emb_text)
    ulPortSetInterruptMask                   0x08000231   Thumb Code    14  port.o(.emb_text)
    vPortClearInterruptMask                  0x0800023f   Thumb Code     6  port.o(.emb_text)
    vPortGetIPSR                             0x08000245   Thumb Code     6  port.o(.emb_text)
    Reset_Handler                            0x0800024d   Thumb Code     8  startup_stm32f303xc.o(.text)
    NMI_Handler                              0x08000255   Thumb Code     2  startup_stm32f303xc.o(.text)
    HardFault_Handler                        0x08000257   Thumb Code     2  startup_stm32f303xc.o(.text)
    MemManage_Handler                        0x08000259   Thumb Code     2  startup_stm32f303xc.o(.text)
    BusFault_Handler                         0x0800025b   Thumb Code     2  startup_stm32f303xc.o(.text)
    UsageFault_Handler                       0x0800025d   Thumb Code     2  startup_stm32f303xc.o(.text)
    DebugMon_Handler                         0x08000261   Thumb Code     2  startup_stm32f303xc.o(.text)
    ADC1_2_IRQHandler                        0x08000267   Thumb Code     0  startup_stm32f303xc.o(.text)
    ADC3_IRQHandler                          0x08000267   Thumb Code     0  startup_stm32f303xc.o(.text)
    ADC4_IRQHandler                          0x08000267   Thumb Code     0  startup_stm32f303xc.o(.text)
    CAN_RX1_IRQHandler                       0x08000267   Thumb Code     0  startup_stm32f303xc.o(.text)
    CAN_SCE_IRQHandler                       0x08000267   Thumb Code     0  startup_stm32f303xc.o(.text)
    COMP1_2_3_IRQHandler                     0x08000267   Thumb Code     0  startup_stm32f303xc.o(.text)
    COMP4_5_6_IRQHandler                     0x08000267   Thumb Code     0  startup_stm32f303xc.o(.text)
    COMP7_IRQHandler                         0x08000267   Thumb Code     0  startup_stm32f303xc.o(.text)
    DMA1_Channel1_IRQHandler                 0x08000267   Thumb Code     0  startup_stm32f303xc.o(.text)
    DMA1_Channel2_IRQHandler                 0x08000267   Thumb Code     0  startup_stm32f303xc.o(.text)
    DMA1_Channel3_IRQHandler                 0x08000267   Thumb Code     0  startup_stm32f303xc.o(.text)
    DMA1_Channel4_IRQHandler                 0x08000267   Thumb Code     0  startup_stm32f303xc.o(.text)
    DMA1_Channel5_IRQHandler                 0x08000267   Thumb Code     0  startup_stm32f303xc.o(.text)
    DMA1_Channel6_IRQHandler                 0x08000267   Thumb Code     0  startup_stm32f303xc.o(.text)
    DMA1_Channel7_IRQHandler                 0x08000267   Thumb Code     0  startup_stm32f303xc.o(.text)
    DMA2_Channel1_IRQHandler                 0x08000267   Thumb Code     0  startup_stm32f303xc.o(.text)
    DMA2_Channel2_IRQHandler                 0x08000267   Thumb Code     0  startup_stm32f303xc.o(.text)
    DMA2_Channel3_IRQHandler                 0x08000267   Thumb Code     0  startup_stm32f303xc.o(.text)
    DMA2_Channel4_IRQHandler                 0x08000267   Thumb Code     0  startup_stm32f303xc.o(.text)
    DMA2_Channel5_IRQHandler                 0x08000267   Thumb Code     0  startup_stm32f303xc.o(.text)
    EXTI15_10_IRQHandler                     0x08000267   Thumb Code     0  startup_stm32f303xc.o(.text)
    EXTI1_IRQHandler                         0x08000267   Thumb Code     0  startup_stm32f303xc.o(.text)
    EXTI2_TSC_IRQHandler                     0x08000267   Thumb Code     0  startup_stm32f303xc.o(.text)
    EXTI3_IRQHandler                         0x08000267   Thumb Code     0  startup_stm32f303xc.o(.text)
    EXTI4_IRQHandler                         0x08000267   Thumb Code     0  startup_stm32f303xc.o(.text)
    EXTI9_5_IRQHandler                       0x08000267   Thumb Code     0  startup_stm32f303xc.o(.text)
    FLASH_IRQHandler                         0x08000267   Thumb Code     0  startup_stm32f303xc.o(.text)
    FPU_IRQHandler                           0x08000267   Thumb Code     0  startup_stm32f303xc.o(.text)
    I2C1_ER_IRQHandler                       0x08000267   Thumb Code     0  startup_stm32f303xc.o(.text)
    I2C1_EV_IRQHandler                       0x08000267   Thumb Code     0  startup_stm32f303xc.o(.text)
    I2C2_ER_IRQHandler                       0x08000267   Thumb Code     0  startup_stm32f303xc.o(.text)
    I2C2_EV_IRQHandler                       0x08000267   Thumb Code     0  startup_stm32f303xc.o(.text)
    PVD_IRQHandler                           0x08000267   Thumb Code     0  startup_stm32f303xc.o(.text)
    RCC_IRQHandler                           0x08000267   Thumb Code     0  startup_stm32f303xc.o(.text)
    RTC_Alarm_IRQHandler                     0x08000267   Thumb Code     0  startup_stm32f303xc.o(.text)
    RTC_WKUP_IRQHandler                      0x08000267   Thumb Code     0  startup_stm32f303xc.o(.text)
    SPI1_IRQHandler                          0x08000267   Thumb Code     0  startup_stm32f303xc.o(.text)
    SPI2_IRQHandler                          0x08000267   Thumb Code     0  startup_stm32f303xc.o(.text)
    SPI3_IRQHandler                          0x08000267   Thumb Code     0  startup_stm32f303xc.o(.text)
    TAMP_STAMP_IRQHandler                    0x08000267   Thumb Code     0  startup_stm32f303xc.o(.text)
    TIM1_BRK_TIM15_IRQHandler                0x08000267   Thumb Code     0  startup_stm32f303xc.o(.text)
    TIM1_CC_IRQHandler                       0x08000267   Thumb Code     0  startup_stm32f303xc.o(.text)
    TIM1_TRG_COM_TIM17_IRQHandler            0x08000267   Thumb Code     0  startup_stm32f303xc.o(.text)
    TIM1_UP_TIM16_IRQHandler                 0x08000267   Thumb Code     0  startup_stm32f303xc.o(.text)
    TIM2_IRQHandler                          0x08000267   Thumb Code     0  startup_stm32f303xc.o(.text)
    TIM4_IRQHandler                          0x08000267   Thumb Code     0  startup_stm32f303xc.o(.text)
    TIM6_DAC_IRQHandler                      0x08000267   Thumb Code     0  startup_stm32f303xc.o(.text)
    TIM7_IRQHandler                          0x08000267   Thumb Code     0  startup_stm32f303xc.o(.text)
    TIM8_BRK_IRQHandler                      0x08000267   Thumb Code     0  startup_stm32f303xc.o(.text)
    TIM8_CC_IRQHandler                       0x08000267   Thumb Code     0  startup_stm32f303xc.o(.text)
    TIM8_TRG_COM_IRQHandler                  0x08000267   Thumb Code     0  startup_stm32f303xc.o(.text)
    TIM8_UP_IRQHandler                       0x08000267   Thumb Code     0  startup_stm32f303xc.o(.text)
    UART4_IRQHandler                         0x08000267   Thumb Code     0  startup_stm32f303xc.o(.text)
    UART5_IRQHandler                         0x08000267   Thumb Code     0  startup_stm32f303xc.o(.text)
    USART2_IRQHandler                        0x08000267   Thumb Code     0  startup_stm32f303xc.o(.text)
    USART3_IRQHandler                        0x08000267   Thumb Code     0  startup_stm32f303xc.o(.text)
    USBWakeUp_IRQHandler                     0x08000267   Thumb Code     0  startup_stm32f303xc.o(.text)
    USBWakeUp_RMP_IRQHandler                 0x08000267   Thumb Code     0  startup_stm32f303xc.o(.text)
    USB_HP_CAN_TX_IRQHandler                 0x08000267   Thumb Code     0  startup_stm32f303xc.o(.text)
    USB_HP_IRQHandler                        0x08000267   Thumb Code     0  startup_stm32f303xc.o(.text)
    USB_LP_CAN_RX0_IRQHandler                0x08000267   Thumb Code     0  startup_stm32f303xc.o(.text)
    USB_LP_IRQHandler                        0x08000267   Thumb Code     0  startup_stm32f303xc.o(.text)
    WWDG_IRQHandler                          0x08000267   Thumb Code     0  startup_stm32f303xc.o(.text)
    __aeabi_memcpy                           0x08000271   Thumb Code    36  memcpya.o(.text)
    __aeabi_memcpy4                          0x08000271   Thumb Code     0  memcpya.o(.text)
    __aeabi_memcpy8                          0x08000271   Thumb Code     0  memcpya.o(.text)
    __aeabi_memset                           0x08000295   Thumb Code    14  memseta.o(.text)
    __aeabi_memset4                          0x08000295   Thumb Code     0  memseta.o(.text)
    __aeabi_memset8                          0x08000295   Thumb Code     0  memseta.o(.text)
    __aeabi_memclr                           0x080002a3   Thumb Code     4  memseta.o(.text)
    __aeabi_memclr4                          0x080002a3   Thumb Code     0  memseta.o(.text)
    __aeabi_memclr8                          0x080002a3   Thumb Code     0  memseta.o(.text)
    _memset$wrapper                          0x080002a7   Thumb Code    18  memseta.o(.text)
    __scatterload                            0x080002b9   Thumb Code    28  init.o(.text)
    __scatterload_rt2                        0x080002b9   Thumb Code     0  init.o(.text)
    BSP_LED_Init                             0x080002dd   Thumb Code    94  stm32f3_discovery.o(i.BSP_LED_Init)
    BSP_LED_Toggle                           0x08000349   Thumb Code    16  stm32f3_discovery.o(i.BSP_LED_Toggle)
    CommandProcessing                        0x08000361   Thumb Code   460  rtos_tasks.o(i.CommandProcessing)
    EXTI0_IRQHandler                         0x08000545   Thumb Code     6  stm32f3xx_it.o(i.EXTI0_IRQHandler)
    FloatToStr                               0x0800054d   Thumb Code   162  main.o(i.FloatToStr)
    FloatToStrNL                             0x080005fd   Thumb Code   138  main.o(i.FloatToStrNL)
    GPIO_Init                                0x08000691   Thumb Code   160  init.o(i.GPIO_Init)
    HAL_GPIO_EXTI_Callback                   0x08000741   Thumb Code    40  main.o(i.HAL_GPIO_EXTI_Callback)
    HAL_GPIO_EXTI_IRQHandler                 0x08000771   Thumb Code    18  stm32f3xx_hal_gpio.o(i.HAL_GPIO_EXTI_IRQHandler)
    HAL_GPIO_Init                            0x08000789   Thumb Code   364  stm32f3xx_hal_gpio.o(i.HAL_GPIO_Init)
    HAL_GPIO_TogglePin                       0x08000915   Thumb Code     8  stm32f3xx_hal_gpio.o(i.HAL_GPIO_TogglePin)
    HAL_GPIO_WritePin                        0x0800091d   Thumb Code    10  stm32f3xx_hal_gpio.o(i.HAL_GPIO_WritePin)
    HAL_GetTick                              0x08000929   Thumb Code     6  stm32f3xx_hal.o(i.HAL_GetTick)
    HAL_IncTick                              0x08000935   Thumb Code    10  stm32f3xx_hal.o(i.HAL_IncTick)
    HAL_Init                                 0x08000945   Thumb Code    32  stm32f3xx_hal.o(i.HAL_Init)
    HAL_InitTick                             0x08000969   Thumb Code    34  stm32f3xx_hal.o(i.HAL_InitTick)
    HAL_MspInit                              0x0800098b   Thumb Code    22  stm32f3xx_hal_msp.o(i.HAL_MspInit)
    HAL_NVIC_EnableIRQ                       0x080009a1   Thumb Code    24  stm32f3xx_hal_cortex.o(i.HAL_NVIC_EnableIRQ)
    HAL_NVIC_SetPriority                     0x080009b9   Thumb Code    60  stm32f3xx_hal_cortex.o(i.HAL_NVIC_SetPriority)
    HAL_NVIC_SetPriorityGrouping             0x080009f9   Thumb Code    26  stm32f3xx_hal_cortex.o(i.HAL_NVIC_SetPriorityGrouping)
    HAL_RCC_ClockConfig                      0x08000a1d   Thumb Code   638  stm32f3xx_hal_rcc.o(i.HAL_RCC_ClockConfig)
    HAL_RCC_GetHCLKFreq                      0x08000ca5   Thumb Code    38  stm32f3xx_hal_rcc.o(i.HAL_RCC_GetHCLKFreq)
    HAL_RCC_GetPCLK1Freq                     0x08000cd9   Thumb Code    36  stm32f3xx_hal_rcc.o(i.HAL_RCC_GetPCLK1Freq)
    HAL_RCC_GetPCLK2Freq                     0x08000d05   Thumb Code    36  stm32f3xx_hal_rcc.o(i.HAL_RCC_GetPCLK2Freq)
    HAL_RCC_GetSysClockFreq                  0x08000d31   Thumb Code    88  stm32f3xx_hal_rcc_ex.o(i.HAL_RCC_GetSysClockFreq)
    HAL_RCC_OscConfig                        0x08000d99   Thumb Code  1416  stm32f3xx_hal_rcc_ex.o(i.HAL_RCC_OscConfig)
    HAL_SYSTICK_CLKSourceConfig              0x08001321   Thumb Code    24  stm32f3xx_hal_cortex.o(i.HAL_SYSTICK_CLKSourceConfig)
    HAL_SYSTICK_Config                       0x08001339   Thumb Code    40  stm32f3xx_hal_cortex.o(i.HAL_SYSTICK_Config)
    HAL_TIMEx_BreakCallback                  0x08001361   Thumb Code     2  stm32f3xx_hal_tim_ex.o(i.HAL_TIMEx_BreakCallback)
    HAL_TIMEx_CommutationCallback            0x08001363   Thumb Code     2  stm32f3xx_hal_tim_ex.o(i.HAL_TIMEx_CommutationCallback)
    HAL_TIMEx_MasterConfigSynchronization    0x08001365   Thumb Code    78  stm32f3xx_hal_tim_ex.o(i.HAL_TIMEx_MasterConfigSynchronization)
    HAL_TIM_Base_Init                        0x080013bd   Thumb Code    48  stm32f3xx_hal_tim.o(i.HAL_TIM_Base_Init)
    HAL_TIM_Base_MspInit                     0x080013ed   Thumb Code     2  stm32f3xx_hal_tim.o(i.HAL_TIM_Base_MspInit)
    HAL_TIM_Base_Start_IT                    0x080013ef   Thumb Code    24  stm32f3xx_hal_tim.o(i.HAL_TIM_Base_Start_IT)
    HAL_TIM_Encoder_Init                     0x08001409   Thumb Code   144  stm32f3xx_hal_tim.o(i.HAL_TIM_Encoder_Init)
    HAL_TIM_Encoder_MspInit                  0x0800149d   Thumb Code     2  stm32f3xx_hal_tim.o(i.HAL_TIM_Encoder_MspInit)
    HAL_TIM_Encoder_Start                    0x080014a1   Thumb Code    52  stm32f3xx_hal_tim.o(i.HAL_TIM_Encoder_Start)
    HAL_TIM_IC_CaptureCallback               0x080014d5   Thumb Code     2  stm32f3xx_hal_tim.o(i.HAL_TIM_IC_CaptureCallback)
    HAL_TIM_IRQHandler                       0x080014d7   Thumb Code   358  stm32f3xx_hal_tim.o(i.HAL_TIM_IRQHandler)
    HAL_TIM_OC_DelayElapsedCallback          0x0800163d   Thumb Code     2  stm32f3xx_hal_tim.o(i.HAL_TIM_OC_DelayElapsedCallback)
    HAL_TIM_PWM_ConfigChannel                0x0800163f   Thumb Code   294  stm32f3xx_hal_tim_ex.o(i.HAL_TIM_PWM_ConfigChannel)
    HAL_TIM_PWM_Init                         0x08001765   Thumb Code    48  stm32f3xx_hal_tim.o(i.HAL_TIM_PWM_Init)
    HAL_TIM_PWM_MspInit                      0x08001795   Thumb Code     2  stm32f3xx_hal_tim.o(i.HAL_TIM_PWM_MspInit)
    HAL_TIM_PWM_PulseFinishedCallback        0x08001797   Thumb Code     2  stm32f3xx_hal_tim.o(i.HAL_TIM_PWM_PulseFinishedCallback)
    HAL_TIM_PWM_Start                        0x08001799   Thumb Code    66  stm32f3xx_hal_tim.o(i.HAL_TIM_PWM_Start)
    HAL_TIM_PeriodElapsedCallback            0x080017f1   Thumb Code    82  main.o(i.HAL_TIM_PeriodElapsedCallback)
    HAL_TIM_TriggerCallback                  0x08001851   Thumb Code     2  stm32f3xx_hal_tim.o(i.HAL_TIM_TriggerCallback)
    HAL_UART_ErrorCallback                   0x08001853   Thumb Code     2  stm32f3xx_hal_uart.o(i.HAL_UART_ErrorCallback)
    HAL_UART_IRQHandler                      0x08001855   Thumb Code   294  stm32f3xx_hal_uart.o(i.HAL_UART_IRQHandler)
    HAL_UART_Init                            0x0800197b   Thumb Code   100  stm32f3xx_hal_uart.o(i.HAL_UART_Init)
    HAL_UART_MspInit                         0x080019df   Thumb Code     2  stm32f3xx_hal_uart.o(i.HAL_UART_MspInit)
    HAL_UART_Receive_IT                      0x080019e1   Thumb Code   148  stm32f3xx_hal_uart.o(i.HAL_UART_Receive_IT)
    HAL_UART_RxCpltCallback                  0x08001a75   Thumb Code    42  main.o(i.HAL_UART_RxCpltCallback)
    HAL_UART_Transmit_IT                     0x08001aa9   Thumb Code    96  stm32f3xx_hal_uart.o(i.HAL_UART_Transmit_IT)
    HAL_UART_TxCpltCallback                  0x08001b09   Thumb Code     6  main.o(i.HAL_UART_TxCpltCallback)
    HAL_UART_WakeupCallback                  0x08001b0f   Thumb Code     2  stm32f3xx_hal_uart.o(i.HAL_UART_WakeupCallback)
    LCD_Display                              0x08001b11   Thumb Code   380  rtos_tasks.o(i.LCD_Display)
    PID_Task_Function                        0x08001d01   Thumb Code   146  rtos_tasks.o(i.PID_Task_Function)
    StartUp                                  0x08001dc5   Thumb Code    54  rtos_tasks.o(i.StartUp)
    SysTick_Handler                          0x08001e09   Thumb Code    24  stm32f3xx_it.o(i.SysTick_Handler)
    SystemClock_Config                       0x08001e21   Thumb Code    82  init.o(i.SystemClock_Config)
    SystemInit                               0x08001e75   Thumb Code    82  system_stm32f3xx.o(i.SystemInit)
    TIM2_PWMInit                             0x08001edd   Thumb Code    86  init.o(i.TIM2_PWMInit)
    TIM3_BaseInit                            0x08001f4d   Thumb Code    68  init.o(i.TIM3_BaseInit)
    TIM3_IRQHandler                          0x08001fa1   Thumb Code     6  stm32f3xx_it.o(i.TIM3_IRQHandler)
    TIM4_EncInit                             0x08001fad   Thumb Code    64  init.o(i.TIM4_EncInit)
    TIM_Base_SetConfig                       0x08001ff9   Thumb Code   138  stm32f3xx_hal_tim.o(i.TIM_Base_SetConfig)
    TIM_CCxChannelCmd                        0x080020a1   Thumb Code    22  stm32f3xx_hal_tim.o(i.TIM_CCxChannelCmd)
    TIM_OC1_SetConfig                        0x080020b9   Thumb Code   132  stm32f3xx_hal_tim.o(i.TIM_OC1_SetConfig)
    TIM_OC2_SetConfig                        0x08002155   Thumb Code   120  stm32f3xx_hal_tim.o(i.TIM_OC2_SetConfig)
    TIM_OC3_SetConfig                        0x080021e5   Thumb Code   118  stm32f3xx_hal_tim.o(i.TIM_OC3_SetConfig)
    TIM_OC4_SetConfig                        0x08002275   Thumb Code    92  stm32f3xx_hal_tim.o(i.TIM_OC4_SetConfig)
    UART1_Init                               0x080023c9   Thumb Code    68  init.o(i.UART1_Init)
    UART_AdvFeatureConfig                    0x08002419   Thumb Code   200  stm32f3xx_hal_uart.o(i.UART_AdvFeatureConfig)
    UART_CheckIdleState                      0x080024e1   Thumb Code    78  stm32f3xx_hal_uart.o(i.UART_CheckIdleState)
    UART_Receive                             0x08002531   Thumb Code    26  rtos_tasks.o(i.UART_Receive)
    UART_Send                                0x080025e1   Thumb Code    56  rtos_tasks.o(i.UART_Send)
    UART_SetConfig                           0x0800262d   Thumb Code   424  stm32f3xx_hal_uart.o(i.UART_SetConfig)
    UART_WaitOnFlagUntilTimeout              0x0800285d   Thumb Code   146  stm32f3xx_hal_uart.o(i.UART_WaitOnFlagUntilTimeout)
    USART1_IRQHandler                        0x080028f1   Thumb Code     6  stm32f3xx_it.o(i.USART1_IRQHandler)
    __LCD_Pulse                              0x080028fd   Thumb Code    28  mylcd.o(i.__LCD_Pulse)
    __LCD_SendByte                           0x0800291d   Thumb Code   106  mylcd.o(i.__LCD_SendByte)
    __scatterload_copy                       0x0800298d   Thumb Code    14  handlers.o(i.__scatterload_copy)
    __scatterload_null                       0x0800299b   Thumb Code     2  handlers.o(i.__scatterload_null)
    __scatterload_zeroinit                   0x0800299d   Thumb Code    14  handlers.o(i.__scatterload_zeroinit)
    abs                                      0x080029ab   Thumb Code    16  main.o(i.abs)
    command_convert                          0x080029bd   Thumb Code    74  main.o(i.command_convert)
    command_to_duty                          0x08002a11   Thumb Code    78  main.o(i.command_to_duty)
    filter                                   0x08002a69   Thumb Code    36  main.o(i.filter)
    main                                     0x08002a91   Thumb Code   382  main.o(i.main)
    my_LCD_Clear                             0x08002c39   Thumb Code     8  mylcd.o(i.my_LCD_Clear)
    my_LCD_Init                              0x08002c41   Thumb Code   106  mylcd.o(i.my_LCD_Init)
    my_LCD_PrintStr                          0x08002cbd   Thumb Code    26  mylcd.o(i.my_LCD_PrintStr)
    my_LCD_PutChar                           0x08002cd7   Thumb Code     6  mylcd.o(i.my_LCD_PutChar)
    my_LCD_gotoXY                            0x08002cdd   Thumb Code    28  mylcd.o(i.my_LCD_gotoXY)
    osDelay                                  0x08002cf9   Thumb Code    14  cmsis_os.o(i.osDelay)
    osKernelStart                            0x08002d07   Thumb Code    16  cmsis_os.o(i.osKernelStart)
    osThreadCreate                           0x08002d17   Thumb Code    48  cmsis_os.o(i.osThreadCreate)
    pid                                      0x08002d49   Thumb Code   314  main.o(i.pid)
    pvPortMalloc                             0x080030d5   Thumb Code   140  heap_4.o(i.pvPortMalloc)
    pxPortInitialiseStack                    0x08003165   Thumb Code    36  port.o(i.pxPortInitialiseStack)
    uxListRemove                             0x0800318d   Thumb Code    36  list.o(i.uxListRemove)
    vListInitialise                          0x080031b1   Thumb Code    22  list.o(i.vListInitialise)
    vListInitialiseItem                      0x080031c7   Thumb Code     6  list.o(i.vListInitialiseItem)
    vListInsert                              0x080031cd   Thumb Code    48  list.o(i.vListInsert)
    vListInsertEnd                           0x080031fd   Thumb Code    24  list.o(i.vListInsertEnd)
    vPortEnterCritical                       0x08003215   Thumb Code    24  port.o(i.vPortEnterCritical)
    vPortExitCritical                        0x08003231   Thumb Code    16  port.o(i.vPortExitCritical)
    vPortFree                                0x08003245   Thumb Code    68  heap_4.o(i.vPortFree)
    vPortSetupTimerInterrupt                 0x0800328d   Thumb Code    26  port.o(i.vPortSetupTimerInterrupt)
    vPortValidateInterruptPriority           0x080032ad   Thumb Code    56  port.o(i.vPortValidateInterruptPriority)
    vPortYield                               0x080032ed   Thumb Code    18  port.o(i.vPortYield)
    vTaskDelay                               0x08003305   Thumb Code    48  tasks.o(i.vTaskDelay)
    vTaskDelete                              0x08003339   Thumb Code    78  tasks.o(i.vTaskDelete)
    vTaskMissedYield                         0x08003391   Thumb Code     8  tasks.o(i.vTaskMissedYield)
    vTaskPlaceOnEventList                    0x0800339d   Thumb Code    60  tasks.o(i.vTaskPlaceOnEventList)
    vTaskPriorityDisinherit                  0x080033e1   Thumb Code    64  tasks.o(i.vTaskPriorityDisinherit)
    vTaskPriorityInherit                     0x08003429   Thumb Code    92  tasks.o(i.vTaskPriorityInherit)
    vTaskSetTimeOutState                     0x0800348d   Thumb Code    22  tasks.o(i.vTaskSetTimeOutState)
    vTaskStartScheduler                      0x080034a9   Thumb Code    60  tasks.o(i.vTaskStartScheduler)
    vTaskSuspendAll                          0x080034f5   Thumb Code    10  tasks.o(i.vTaskSuspendAll)
    vTaskSwitchContext                       0x08003505   Thumb Code    84  tasks.o(i.vTaskSwitchContext)
    xPortStartScheduler                      0x08003561   Thumb Code   120  port.o(i.xPortStartScheduler)
    xPortSysTickHandler                      0x080035e9   Thumb Code    30  port.o(i.xPortSysTickHandler)
    xQueueGenericCreate                      0x0800360d   Thumb Code    70  queue.o(i.xQueueGenericCreate)
    xQueueGenericReceive                     0x08003655   Thumb Code   286  queue.o(i.xQueueGenericReceive)
    xQueueGenericReset                       0x08003773   Thumb Code   106  queue.o(i.xQueueGenericReset)
    xQueueGenericSend                        0x080037dd   Thumb Code   256  queue.o(i.xQueueGenericSend)
    xQueueGenericSendFromISR                 0x080038dd   Thumb Code   140  queue.o(i.xQueueGenericSendFromISR)
    xTaskCheckForTimeOut                     0x08003969   Thumb Code    82  tasks.o(i.xTaskCheckForTimeOut)
    xTaskGenericCreate                       0x080039c1   Thumb Code   374  tasks.o(i.xTaskGenericCreate)
    xTaskGetCurrentTaskHandle                0x08003b41   Thumb Code     6  tasks.o(i.xTaskGetCurrentTaskHandle)
    xTaskGetSchedulerState                   0x08003b4d   Thumb Code    22  tasks.o(i.xTaskGetSchedulerState)
    xTaskIncrementTick                       0x08003b69   Thumb Code   200  tasks.o(i.xTaskIncrementTick)
    xTaskRemoveFromEventList                 0x08003c39   Thumb Code    90  tasks.o(i.xTaskRemoveFromEventList)
    xTaskResumeAll                           0x08003c9d   Thumb Code   158  tasks.o(i.xTaskResumeAll)
    PLLMULFactorTable                        0x08003dbc   Data          16  stm32f3xx_hal_rcc_ex.o(.constdata)
    PredivFactorTable                        0x08003dcc   Data          16  stm32f3xx_hal_rcc_ex.o(.constdata)
    APBAHBPrescTable                         0x08003ddc   Data          16  stm32f3xx_hal_rcc.o(.constdata)
    BUTTON_IRQn                              0x08003dec   Data           1  stm32f3_discovery.o(.constdata)
    BUTTON_PIN                               0x08003dee   Data           2  stm32f3_discovery.o(.constdata)
    LED_PIN                                  0x08003df0   Data          16  stm32f3_discovery.o(.constdata)
    Region$$Table$$Base                      0x08003e5c   Number         0  anon$$obj.o(Region$$Table)
    Region$$Table$$Limit                     0x08003e7c   Number         0  anon$$obj.o(Region$$Table)
    pxCurrentTCB                             0x2000000c   Data           4  tasks.o(.data)
    PWM_Pulse                                0x20000058   Data           2  main.o(.data)
    UART_SEND_EN                             0x2000005a   Data           1  main.o(.data)
    DIRECTION                                0x2000005c   Data           1  main.o(.data)
    count                                    0x2000005e   Data           2  main.o(.data)
    count_old                                0x20000060   Data           2  main.o(.data)
    LCD_DisplayTask_Handle                   0x2000008c   Data           4  main.o(.data)
    StartUpTask_Handle                       0x20000090   Data           4  main.o(.data)
    UART_SendTask_Handle                     0x20000094   Data           4  main.o(.data)
    UART_ReceiveTask_Handle                  0x20000098   Data           4  main.o(.data)
    CommandProcessingTask_Handle             0x2000009c   Data           4  main.o(.data)
    PID_Task_Handle                          0x200000a0   Data           4  main.o(.data)
    tim3_semph                               0x200000a4   Data           4  main.o(.data)
    btn_semph                                0x200000a8   Data           4  main.o(.data)
    uart_semph                               0x200000ac   Data           4  main.o(.data)
    pid_semph                                0x200000b0   Data           4  main.o(.data)
    delta_count                              0x200000b4   Data           4  main.o(.data)
    delta_count_old                          0x200000b8   Data           4  main.o(.data)
    speed                                    0x200000cc   Data           4  main.o(.data)
    speed_raw                                0x200000d0   Data           4  main.o(.data)
    initialized                              0x200000d4   Data           1  mylcd.o(.data)
    rps                                      0x200000d8   Data           4  rtos_tasks.o(.data)
    speed_str                                0x200000dc   Data           4  rtos_tasks.o(.data)
    command                                  0x200000e0   Data           5  rtos_tasks.o(.data)
    SystemCoreClock                          0x200000e8   Data           4  system_stm32f3xx.o(.data)
    AHBPrescTable                            0x200000ec   Data          16  system_stm32f3xx.o(.data)
    BUTTON_PORT                              0x20000100   Data           4  stm32f3_discovery.o(.data)
    LED_PORT                                 0x20000104   Data          32  stm32f3_discovery.o(.data)
    TIM3_Handle                              0x20001984   Data          60  main.o(.bss)
    TIM2_Handle                              0x200019c0   Data          60  main.o(.bss)
    TIM2_PWM_InitStruct                      0x200019fc   Data          28  main.o(.bss)
    TIM4_Handle                              0x20001a18   Data          60  main.o(.bss)
    pid_param                                0x20001a54   Data          52  main.o(.bss)
    UART1_Handle                             0x20001a88   Data         108  main.o(.bss)
    GPIO_InitStructure                       0x20001af4   Data          20  mylcd.o(.bss)
    __initial_sp                             0x20001f08   Data           0  startup_stm32f303xc.o(STACK)



==============================================================================

Memory Map of the image

  Image Entry point : 0x08000189

  Load Region LR_IROM1 (Base: 0x08000000, Size: 0x00003fa0, Max: 0x00040000, ABSOLUTE)

    Execution Region ER_IROM1 (Base: 0x08000000, Size: 0x00003e7c, Max: 0x00040000, ABSOLUTE)

    Base Addr    Size         Type   Attr      Idx    E Section Name        Object

    0x08000000   0x00000188   Data   RO         3430    RESET               startup_stm32f303xc.o
    0x08000188   0x00000000   Code   RO         3495  * .ARM.Collect$$$$00000000  mc_w.l(entry.o)
    0x08000188   0x00000004   Code   RO         3506    .ARM.Collect$$$$00000001  mc_w.l(entry2.o)
    0x0800018c   0x00000004   Code   RO         3509    .ARM.Collect$$$$00000004  mc_w.l(entry5.o)
    0x08000190   0x00000000   Code   RO         3511    .ARM.Collect$$$$00000008  mc_w.l(entry7b.o)
    0x08000190   0x00000000   Code   RO         3513    .ARM.Collect$$$$0000000A  mc_w.l(entry8b.o)
    0x08000190   0x00000008   Code   RO         3514    .ARM.Collect$$$$0000000B  mc_w.l(entry9a.o)
    0x08000198   0x00000000   Code   RO         3516    .ARM.Collect$$$$0000000D  mc_w.l(entry10a.o)
    0x08000198   0x00000000   Code   RO         3518    .ARM.Collect$$$$0000000F  mc_w.l(entry11a.o)
    0x08000198   0x00000004   Code   RO         3507    .ARM.Collect$$$$00002712  mc_w.l(entry2.o)
    0x0800019c   0x000000ae   Code   RO            1    .emb_text           port.o
    0x0800024a   0x00000002   PAD
    0x0800024c   0x00000024   Code   RO         3431    .text               startup_stm32f303xc.o
    0x08000270   0x00000024   Code   RO         3500    .text               mc_w.l(memcpya.o)
    0x08000294   0x00000024   Code   RO         3502    .text               mc_w.l(memseta.o)
    0x080002b8   0x00000024   Code   RO         3520    .text               mc_w.l(init.o)
    0x080002dc   0x0000006c   Code   RO         3438    i.BSP_LED_Init      stm32f3_discovery.o
    0x08000348   0x00000018   Code   RO         3441    i.BSP_LED_Toggle    stm32f3_discovery.o
    0x08000360   0x000001e4   Code   RO         1323    i.CommandProcessing  rtos_tasks.o
    0x08000544   0x00000006   Code   RO          918    i.EXTI0_IRQHandler  stm32f3xx_it.o
    0x0800054a   0x00000002   PAD
    0x0800054c   0x000000b0   Code   RO         1084    i.FloatToStr        main.o
    0x080005fc   0x00000094   Code   RO         1085    i.FloatToStrNL      main.o
    0x08000690   0x000000b0   Code   RO         1273    i.GPIO_Init         init.o
    0x08000740   0x00000030   Code   RO         1086    i.HAL_GPIO_EXTI_Callback  main.o
    0x08000770   0x00000018   Code   RO         1988    i.HAL_GPIO_EXTI_IRQHandler  stm32f3xx_hal_gpio.o
    0x08000788   0x0000018c   Code   RO         1989    i.HAL_GPIO_Init     stm32f3xx_hal_gpio.o
    0x08000914   0x00000008   Code   RO         1992    i.HAL_GPIO_TogglePin  stm32f3xx_hal_gpio.o
    0x0800091c   0x0000000a   Code   RO         1993    i.HAL_GPIO_WritePin  stm32f3xx_hal_gpio.o
    0x08000926   0x00000002   PAD
    0x08000928   0x0000000c   Code   RO         1425    i.HAL_GetTick       stm32f3xx_hal.o
    0x08000934   0x00000010   Code   RO         1426    i.HAL_IncTick       stm32f3xx_hal.o
    0x08000944   0x00000024   Code   RO         1427    i.HAL_Init          stm32f3xx_hal.o
    0x08000968   0x00000022   Code   RO         1428    i.HAL_InitTick      stm32f3xx_hal.o
    0x0800098a   0x00000016   Code   RO         1064    i.HAL_MspInit       stm32f3xx_hal_msp.o
    0x080009a0   0x00000018   Code   RO         1802    i.HAL_NVIC_EnableIRQ  stm32f3xx_hal_cortex.o
    0x080009b8   0x00000040   Code   RO         1808    i.HAL_NVIC_SetPriority  stm32f3xx_hal_cortex.o
    0x080009f8   0x00000024   Code   RO         1809    i.HAL_NVIC_SetPriorityGrouping  stm32f3xx_hal_cortex.o
    0x08000a1c   0x00000288   Code   RO         2049    i.HAL_RCC_ClockConfig  stm32f3xx_hal_rcc.o
    0x08000ca4   0x00000034   Code   RO         2054    i.HAL_RCC_GetHCLKFreq  stm32f3xx_hal_rcc.o
    0x08000cd8   0x0000002c   Code   RO         2056    i.HAL_RCC_GetPCLK1Freq  stm32f3xx_hal_rcc.o
    0x08000d04   0x0000002c   Code   RO         2057    i.HAL_RCC_GetPCLK2Freq  stm32f3xx_hal_rcc.o
    0x08000d30   0x00000068   Code   RO         1712    i.HAL_RCC_GetSysClockFreq  stm32f3xx_hal_rcc_ex.o
    0x08000d98   0x00000588   Code   RO         1713    i.HAL_RCC_OscConfig  stm32f3xx_hal_rcc_ex.o
    0x08001320   0x00000018   Code   RO         1811    i.HAL_SYSTICK_CLKSourceConfig  stm32f3xx_hal_cortex.o
    0x08001338   0x00000028   Code   RO         1813    i.HAL_SYSTICK_Config  stm32f3xx_hal_cortex.o
    0x08001360   0x00000002   Code   RO         2838    i.HAL_TIMEx_BreakCallback  stm32f3xx_hal_tim_ex.o
    0x08001362   0x00000002   Code   RO         2839    i.HAL_TIMEx_CommutationCallback  stm32f3xx_hal_tim_ex.o
    0x08001364   0x00000058   Code   RO         2857    i.HAL_TIMEx_MasterConfigSynchronization  stm32f3xx_hal_tim_ex.o
    0x080013bc   0x00000030   Code   RO         2221    i.HAL_TIM_Base_Init  stm32f3xx_hal_tim.o
    0x080013ec   0x00000002   Code   RO         2223    i.HAL_TIM_Base_MspInit  stm32f3xx_hal_tim.o
    0x080013ee   0x00000018   Code   RO         2226    i.HAL_TIM_Base_Start_IT  stm32f3xx_hal_tim.o
    0x08001406   0x00000002   PAD
    0x08001408   0x00000094   Code   RO         2242    i.HAL_TIM_Encoder_Init  stm32f3xx_hal_tim.o
    0x0800149c   0x00000002   Code   RO         2244    i.HAL_TIM_Encoder_MspInit  stm32f3xx_hal_tim.o
    0x0800149e   0x00000002   PAD
    0x080014a0   0x00000034   Code   RO         2245    i.HAL_TIM_Encoder_Start  stm32f3xx_hal_tim.o
    0x080014d4   0x00000002   Code   RO         2253    i.HAL_TIM_IC_CaptureCallback  stm32f3xx_hal_tim.o
    0x080014d6   0x00000166   Code   RO         2266    i.HAL_TIM_IRQHandler  stm32f3xx_hal_tim.o
    0x0800163c   0x00000002   Code   RO         2269    i.HAL_TIM_OC_DelayElapsedCallback  stm32f3xx_hal_tim.o
    0x0800163e   0x00000126   Code   RO         2877    i.HAL_TIM_PWM_ConfigChannel  stm32f3xx_hal_tim_ex.o
    0x08001764   0x00000030   Code   RO         2293    i.HAL_TIM_PWM_Init  stm32f3xx_hal_tim.o
    0x08001794   0x00000002   Code   RO         2295    i.HAL_TIM_PWM_MspInit  stm32f3xx_hal_tim.o
    0x08001796   0x00000002   Code   RO         2296    i.HAL_TIM_PWM_PulseFinishedCallback  stm32f3xx_hal_tim.o
    0x08001798   0x00000058   Code   RO         2297    i.HAL_TIM_PWM_Start  stm32f3xx_hal_tim.o
    0x080017f0   0x00000060   Code   RO         1087    i.HAL_TIM_PeriodElapsedCallback  main.o
    0x08001850   0x00000002   Code   RO         2306    i.HAL_TIM_TriggerCallback  stm32f3xx_hal_tim.o
    0x08001852   0x00000002   Code   RO         3120    i.HAL_UART_ErrorCallback  stm32f3xx_hal_uart.o
    0x08001854   0x00000126   Code   RO         3123    i.HAL_UART_IRQHandler  stm32f3xx_hal_uart.o
    0x0800197a   0x00000064   Code   RO         3124    i.HAL_UART_Init     stm32f3xx_hal_uart.o
    0x080019de   0x00000002   Code   RO         3126    i.HAL_UART_MspInit  stm32f3xx_hal_uart.o
    0x080019e0   0x00000094   Code   RO         3129    i.HAL_UART_Receive_IT  stm32f3xx_hal_uart.o
    0x08001a74   0x00000034   Code   RO         1088    i.HAL_UART_RxCpltCallback  main.o
    0x08001aa8   0x00000060   Code   RO         3134    i.HAL_UART_Transmit_IT  stm32f3xx_hal_uart.o
    0x08001b08   0x00000006   Code   RO         1089    i.HAL_UART_TxCpltCallback  main.o
    0x08001b0e   0x00000002   Code   RO         3137    i.HAL_UART_WakeupCallback  stm32f3xx_hal_uart.o
    0x08001b10   0x000001d0   Code   RO         1324    i.LCD_Display       rtos_tasks.o
    0x08001ce0   0x00000020   Code   RO         1815    i.NVIC_SetPriority  stm32f3xx_hal_cortex.o
    0x08001d00   0x000000c4   Code   RO         1325    i.PID_Task_Function  rtos_tasks.o
    0x08001dc4   0x00000044   Code   RO         1326    i.StartUp           rtos_tasks.o
    0x08001e08   0x00000018   Code   RO          919    i.SysTick_Handler   stm32f3xx_it.o
    0x08001e20   0x00000052   Code   RO         1274    i.SystemClock_Config  init.o
    0x08001e72   0x00000002   PAD
    0x08001e74   0x00000068   Code   RO         1383    i.SystemInit        system_stm32f3xx.o
    0x08001edc   0x00000070   Code   RO         1275    i.TIM2_PWMInit      init.o
    0x08001f4c   0x00000054   Code   RO         1276    i.TIM3_BaseInit     init.o
    0x08001fa0   0x0000000c   Code   RO          920    i.TIM3_IRQHandler   stm32f3xx_it.o
    0x08001fac   0x0000004c   Code   RO         1277    i.TIM4_EncInit      init.o
    0x08001ff8   0x000000a8   Code   RO         2307    i.TIM_Base_SetConfig  stm32f3xx_hal_tim.o
    0x080020a0   0x00000016   Code   RO         2308    i.TIM_CCxChannelCmd  stm32f3xx_hal_tim.o
    0x080020b6   0x00000002   PAD
    0x080020b8   0x0000009c   Code   RO         2313    i.TIM_OC1_SetConfig  stm32f3xx_hal_tim.o
    0x08002154   0x00000090   Code   RO         2314    i.TIM_OC2_SetConfig  stm32f3xx_hal_tim.o
    0x080021e4   0x00000090   Code   RO         2315    i.TIM_OC3_SetConfig  stm32f3xx_hal_tim.o
    0x08002274   0x00000074   Code   RO         2316    i.TIM_OC4_SetConfig  stm32f3xx_hal_tim.o
    0x080022e8   0x00000070   Code   RO         2879    i.TIM_OC5_SetConfig  stm32f3xx_hal_tim_ex.o
    0x08002358   0x00000070   Code   RO         2880    i.TIM_OC6_SetConfig  stm32f3xx_hal_tim_ex.o
    0x080023c8   0x00000050   Code   RO         1278    i.UART1_Init        init.o
    0x08002418   0x000000c8   Code   RO         3138    i.UART_AdvFeatureConfig  stm32f3xx_hal_uart.o
    0x080024e0   0x0000004e   Code   RO         3139    i.UART_CheckIdleState  stm32f3xx_hal_uart.o
    0x0800252e   0x00000002   PAD
    0x08002530   0x00000024   Code   RO         1327    i.UART_Receive      rtos_tasks.o
    0x08002554   0x0000008c   Code   RO         3145    i.UART_Receive_IT   stm32f3xx_hal_uart.o
    0x080025e0   0x0000004c   Code   RO         1328    i.UART_Send         rtos_tasks.o
    0x0800262c   0x000001c8   Code   RO         3146    i.UART_SetConfig    stm32f3xx_hal_uart.o
    0x080027f4   0x00000068   Code   RO         3147    i.UART_Transmit_IT  stm32f3xx_hal_uart.o
    0x0800285c   0x00000092   Code   RO         3148    i.UART_WaitOnFlagUntilTimeout  stm32f3xx_hal_uart.o
    0x080028ee   0x00000002   PAD
    0x080028f0   0x0000000c   Code   RO          921    i.USART1_IRQHandler  stm32f3xx_it.o
    0x080028fc   0x00000020   Code   RO         1208    i.__LCD_Pulse       mylcd.o
    0x0800291c   0x00000070   Code   RO         1209    i.__LCD_SendByte    mylcd.o
    0x0800298c   0x0000000e   Code   RO         3524    i.__scatterload_copy  mc_w.l(handlers.o)
    0x0800299a   0x00000002   Code   RO         3525    i.__scatterload_null  mc_w.l(handlers.o)
    0x0800299c   0x0000000e   Code   RO         3526    i.__scatterload_zeroinit  mc_w.l(handlers.o)
    0x080029aa   0x00000010   Code   RO         1091    i.abs               main.o
    0x080029ba   0x00000002   PAD
    0x080029bc   0x00000054   Code   RO         1092    i.command_convert   main.o
    0x08002a10   0x00000058   Code   RO         1093    i.command_to_duty   main.o
    0x08002a68   0x00000028   Code   RO         1094    i.filter            main.o
    0x08002a90   0x0000019c   Code   RO         1095    i.main              main.o
    0x08002c2c   0x0000000c   Code   RO          495    i.makeFreeRtosPriority  cmsis_os.o
    0x08002c38   0x00000008   Code   RO         1211    i.my_LCD_Clear      mylcd.o
    0x08002c40   0x0000007c   Code   RO         1212    i.my_LCD_Init       mylcd.o
    0x08002cbc   0x0000001a   Code   RO         1213    i.my_LCD_PrintStr   mylcd.o
    0x08002cd6   0x00000006   Code   RO         1214    i.my_LCD_PutChar    mylcd.o
    0x08002cdc   0x0000001c   Code   RO         1215    i.my_LCD_gotoXY     mylcd.o
    0x08002cf8   0x0000000e   Code   RO          496    i.osDelay           cmsis_os.o
    0x08002d06   0x00000010   Code   RO          499    i.osKernelStart     cmsis_os.o
    0x08002d16   0x00000030   Code   RO          526    i.osThreadCreate    cmsis_os.o
    0x08002d46   0x00000002   PAD
    0x08002d48   0x0000014c   Code   RO         1096    i.pid               main.o
    0x08002e94   0x00000034   Code   RO          274    i.prvAddCurrentTaskToDelayedList  tasks.o
    0x08002ec8   0x00000054   Code   RO          275    i.prvCheckTasksWaitingTermination  tasks.o
    0x08002f1c   0x00000028   Code   RO          106    i.prvCopyDataFromQueue  queue.o
    0x08002f44   0x00000068   Code   RO          107    i.prvCopyDataToQueue  queue.o
    0x08002fac   0x00000048   Code   RO          795    i.prvHeapInit       heap_4.o
    0x08002ff4   0x00000018   Code   RO          276    i.prvIdleTask       tasks.o
    0x0800300c   0x0000004c   Code   RO          796    i.prvInsertBlockIntoFreeList  heap_4.o
    0x08003058   0x00000018   Code   RO            2    i.prvTaskExitError  port.o
    0x08003070   0x00000064   Code   RO          108    i.prvUnlockQueue    queue.o
    0x080030d4   0x00000090   Code   RO          797    i.pvPortMalloc      heap_4.o
    0x08003164   0x00000028   Code   RO            3    i.pxPortInitialiseStack  port.o
    0x0800318c   0x00000024   Code   RO          838    i.uxListRemove      list.o
    0x080031b0   0x00000016   Code   RO          839    i.vListInitialise   list.o
    0x080031c6   0x00000006   Code   RO          840    i.vListInitialiseItem  list.o
    0x080031cc   0x00000030   Code   RO          841    i.vListInsert       list.o
    0x080031fc   0x00000018   Code   RO          842    i.vListInsertEnd    list.o
    0x08003214   0x0000001c   Code   RO            5    i.vPortEnterCritical  port.o
    0x08003230   0x00000014   Code   RO            6    i.vPortExitCritical  port.o
    0x08003244   0x00000048   Code   RO          798    i.vPortFree         heap_4.o
    0x0800328c   0x00000020   Code   RO            7    i.vPortSetupTimerInterrupt  port.o
    0x080032ac   0x00000040   Code   RO            8    i.vPortValidateInterruptPriority  port.o
    0x080032ec   0x00000018   Code   RO            9    i.vPortYield        port.o
    0x08003304   0x00000034   Code   RO          282    i.vTaskDelay        tasks.o
    0x08003338   0x00000058   Code   RO          283    i.vTaskDelete       tasks.o
    0x08003390   0x0000000c   Code   RO          285    i.vTaskMissedYield  tasks.o
    0x0800339c   0x00000044   Code   RO          286    i.vTaskPlaceOnEventList  tasks.o
    0x080033e0   0x00000048   Code   RO          287    i.vTaskPriorityDisinherit  tasks.o
    0x08003428   0x00000064   Code   RO          288    i.vTaskPriorityInherit  tasks.o
    0x0800348c   0x0000001c   Code   RO          292    i.vTaskSetTimeOutState  tasks.o
    0x080034a8   0x0000004c   Code   RO          293    i.vTaskStartScheduler  tasks.o
    0x080034f4   0x00000010   Code   RO          295    i.vTaskSuspendAll   tasks.o
    0x08003504   0x0000005c   Code   RO          296    i.vTaskSwitchContext  tasks.o
    0x08003560   0x00000088   Code   RO           10    i.xPortStartScheduler  port.o
    0x080035e8   0x00000024   Code   RO           11    i.xPortSysTickHandler  port.o
    0x0800360c   0x00000046   Code   RO          120    i.xQueueGenericCreate  queue.o
    0x08003652   0x00000002   PAD
    0x08003654   0x0000011e   Code   RO          121    i.xQueueGenericReceive  queue.o
    0x08003772   0x0000006a   Code   RO          122    i.xQueueGenericReset  queue.o
    0x080037dc   0x00000100   Code   RO          123    i.xQueueGenericSend  queue.o
    0x080038dc   0x0000008c   Code   RO          124    i.xQueueGenericSendFromISR  queue.o
    0x08003968   0x00000058   Code   RO          297    i.xTaskCheckForTimeOut  tasks.o
    0x080039c0   0x00000180   Code   RO          298    i.xTaskGenericCreate  tasks.o
    0x08003b40   0x0000000c   Code   RO          299    i.xTaskGetCurrentTaskHandle  tasks.o
    0x08003b4c   0x0000001c   Code   RO          300    i.xTaskGetSchedulerState  tasks.o
    0x08003b68   0x000000d0   Code   RO          303    i.xTaskIncrementTick  tasks.o
    0x08003c38   0x00000064   Code   RO          305    i.xTaskRemoveFromEventList  tasks.o
    0x08003c9c   0x000000a8   Code   RO          306    i.xTaskResumeAll    tasks.o
    0x08003d44   0x00000078   Data   RO         1103    .constdata          main.o
    0x08003dbc   0x00000020   Data   RO         1714    .constdata          stm32f3xx_hal_rcc_ex.o
    0x08003ddc   0x00000010   Data   RO         2062    .constdata          stm32f3xx_hal_rcc.o
    0x08003dec   0x00000014   Data   RO         3444    .constdata          stm32f3_discovery.o
    0x08003e00   0x0000005c   Data   RO         1104    .conststring        main.o
    0x08003e5c   0x00000020   Data   RO         3522    Region$$Table       anon$$obj.o


    Execution Region RW_IRAM1 (Base: 0x20000000, Size: 0x00001f08, Max: 0x0000a000, ABSOLUTE)

    Base Addr    Size         Type   Attr      Idx    E Section Name        Object

    0x20000000   0x0000000c   Data   RW           12    .data               port.o
    0x2000000c   0x00000038   Data   RW          309    .data               tasks.o
    0x20000044   0x00000014   Data   RW          802    .data               heap_4.o
    0x20000058   0x00000002   Data   RW         1105    .data               main.o
    0x2000005a   0x00000001   Data   RW         1106    .data               main.o
    0x2000005b   0x00000001   PAD
    0x2000005c   0x0000006d   Data   RW         1107    .data               main.o
    0x200000c9   0x00000003   PAD
    0x200000cc   0x00000004   Data   RW         1109    .data               main.o
    0x200000d0   0x00000004   Data   RW         1110    .data               main.o
    0x200000d4   0x00000001   Data   RW         1217    .data               mylcd.o
    0x200000d5   0x00000003   PAD
    0x200000d8   0x0000000d   Data   RW         1331    .data               rtos_tasks.o
    0x200000e5   0x00000003   PAD
    0x200000e8   0x00000014   Data   RW         1384    .data               system_stm32f3xx.o
    0x200000fc   0x00000004   Data   RW         1433    .data               stm32f3xx_hal.o
    0x20000100   0x00000024   Data   RW         3445    .data               stm32f3_discovery.o
    0x20000124   0x000000f0   Zero   RW          308    .bss                tasks.o
    0x20000214   0x00001770   Zero   RW          801    .bss                heap_4.o
    0x20001984   0x0000003c   Zero   RW         1098    .bss                main.o
    0x200019c0   0x0000003c   Zero   RW         1099    .bss                main.o
    0x200019fc   0x0000001c   Zero   RW         1100    .bss                main.o
    0x20001a18   0x00000070   Zero   RW         1101    .bss                main.o
    0x20001a88   0x0000006c   Zero   RW         1102    .bss                main.o
    0x20001af4   0x00000014   Zero   RW         1216    .bss                mylcd.o
    0x20001b08   0x00000400   Zero   RW         3428    STACK               startup_stm32f303xc.o


==============================================================================

Image component sizes


      Code (inc. data)   RO Data    RW Data    ZI Data      Debug   Object Name

        90          0          0          0          0       9341   cmsis_os.o
       364         20          0         20       6000       4223   heap_4.o
       610         82          0          0          0       3332   init.o
       136          0          0          0          0       3450   list.o
      1498        128        212        120        368      14125   main.o
       336         28          0          1         20       4078   mylcd.o
       578         74          0         12          0      20058   port.o
      1102          0          0          0          0      13149   queue.o
      1324        202          0         13          0       4535   rtos_tasks.o
        36          8        392          0       1024        928   startup_stm32f303xc.o
       132         22         20         36          0       2422   stm32f3_discovery.o
        98         16          0          4          0       3194   stm32f3xx_hal.o
       220         24          0          0          0      30557   stm32f3xx_hal_cortex.o
       438         38          0          0          0       3896   stm32f3xx_hal_gpio.o
        22          0          0          0          0        498   stm32f3xx_hal_msp.o
       788         40         16          0          0       3921   stm32f3xx_hal_rcc.o
      1520         32         32          0          0       3260   stm32f3xx_hal_rcc_ex.o
      1530        154          0          0          0      14550   stm32f3xx_hal_tim.o
       610         60          0          0          0       4766   stm32f3xx_hal_tim_ex.o
      1768         52          0          0          0      10046   stm32f3xx_hal_uart.o
        54         12          0          0          0     315707   stm32f3xx_it.o
       104         22          0         20          0       1381   system_stm32f3xx.o
      1752        150          0         56        240      20115   tasks.o

    ----------------------------------------------------------------------
     15134       1164        704        292       7652     491532   Object Totals
         0          0         32          0          0          0   (incl. Generated)
        24          0          0         10          0          0   (incl. Padding)

    ----------------------------------------------------------------------

      Code (inc. data)   RO Data    RW Data    ZI Data      Debug   Library Member Name

         0          0          0          0          0          0   entry.o
         0          0          0          0          0          0   entry10a.o
         0          0          0          0          0          0   entry11a.o
         8          4          0          0          0          0   entry2.o
         4          0          0          0          0          0   entry5.o
         0          0          0          0          0          0   entry7b.o
         0          0          0          0          0          0   entry8b.o
         8          4          0          0          0          0   entry9a.o
        30          0          0          0          0          0   handlers.o
        36          8          0          0          0         68   init.o
        36          0          0          0          0         68   memcpya.o
        36          0          0          0          0        108   memseta.o

    ----------------------------------------------------------------------
       158         16          0          0          0        244   Library Totals
         0          0          0          0          0          0   (incl. Padding)

    ----------------------------------------------------------------------

      Code (inc. data)   RO Data    RW Data    ZI Data      Debug   Library Name

       158         16          0          0          0        244   mc_w.l

    ----------------------------------------------------------------------
       158         16          0          0          0        244   Library Totals

    ----------------------------------------------------------------------

==============================================================================


      Code (inc. data)   RO Data    RW Data    ZI Data      Debug   

     15292       1180        704        292       7652     477924   Grand Totals
     15292       1180        704        292       7652     477924   ELF Image Totals
     15292       1180        704        292          0          0   ROM Totals

==============================================================================

    Total RO  Size (Code + RO Data)                15996 (  15.62kB)
    Total RW  Size (RW Data + ZI Data)              7944 (   7.76kB)
    Total ROM Size (Code + RO Data + RW Data)      16288 (  15.91kB)

==============================================================================

