<html>
<body>
<pre>
<h1>µVision Build Log</h1>
<h2>Project:</h2>
D:\_ARM\CubeMX Projects\STM32Cube_FW_F3_V1.2.0\MyProjects\RD_Project_v2\MDK-ARM\RD_Project.uvproj
Project File Date:  09/20/2015

<h2>Output:</h2>
Build target 'RD_Project'
compiling rtos_tasks.c...
linking...
Program Size: Code=15292 RO-data=704 RW-data=292 ZI-data=7652  
FromELF: creating hex file...
"RD_Project Configuration\RD_Project Configuration.axf" - 0 Errors, 0 Warning(s).
Load "RD_Project Configuration\\RD_Project Configuration.axf" 
Erase Done.
Programming Done.
Verify OK.
