Archive member included to satisfy reference by file (symbol)

c:/program files (x86)/atollic/truestudio for stm32 9.0.0/armtools/bin/../lib/gcc/arm-atollic-eabi/6.3.1/../../../../arm-atollic-eabi/lib/armv7e-m/fpu\libc_nano.a(lib_a-init.o)
                              startup\startup_stm32f303xc.o (__libc_init_array)
c:/program files (x86)/atollic/truestudio for stm32 9.0.0/armtools/bin/../lib/gcc/arm-atollic-eabi/6.3.1/../../../../arm-atollic-eabi/lib/armv7e-m/fpu\libc_nano.a(lib_a-memcpy-stub.o)
                              Middlewares\Third_Party\FreeRTOS\Source\queue.o (memcpy)
c:/program files (x86)/atollic/truestudio for stm32 9.0.0/armtools/bin/../lib/gcc/arm-atollic-eabi/6.3.1/../../../../arm-atollic-eabi/lib/armv7e-m/fpu\libc_nano.a(lib_a-memset.o)
                              Src\tests.o (memset)
c:/program files (x86)/atollic/truestudio for stm32 9.0.0/armtools/bin/../lib/gcc/arm-atollic-eabi/6.3.1/../../../../arm-atollic-eabi/lib/armv7e-m/fpu\libc_nano.a(lib_a-sprintf.o)
                              Src\tasks.o (sprintf)
c:/program files (x86)/atollic/truestudio for stm32 9.0.0/armtools/bin/../lib/gcc/arm-atollic-eabi/6.3.1/../../../../arm-atollic-eabi/lib/armv7e-m/fpu\libc_nano.a(lib_a-impure.o)
                              c:/program files (x86)/atollic/truestudio for stm32 9.0.0/armtools/bin/../lib/gcc/arm-atollic-eabi/6.3.1/../../../../arm-atollic-eabi/lib/armv7e-m/fpu\libc_nano.a(lib_a-sprintf.o) (_impure_ptr)
c:/program files (x86)/atollic/truestudio for stm32 9.0.0/armtools/bin/../lib/gcc/arm-atollic-eabi/6.3.1/../../../../arm-atollic-eabi/lib/armv7e-m/fpu\libc_nano.a(lib_a-nano-svfprintf.o)
                              c:/program files (x86)/atollic/truestudio for stm32 9.0.0/armtools/bin/../lib/gcc/arm-atollic-eabi/6.3.1/../../../../arm-atollic-eabi/lib/armv7e-m/fpu\libc_nano.a(lib_a-sprintf.o) (_svfprintf_r)
c:/program files (x86)/atollic/truestudio for stm32 9.0.0/armtools/bin/../lib/gcc/arm-atollic-eabi/6.3.1/../../../../arm-atollic-eabi/lib/armv7e-m/fpu\libc_nano.a(lib_a-nano-vfprintf_i.o)
                              c:/program files (x86)/atollic/truestudio for stm32 9.0.0/armtools/bin/../lib/gcc/arm-atollic-eabi/6.3.1/../../../../arm-atollic-eabi/lib/armv7e-m/fpu\libc_nano.a(lib_a-nano-svfprintf.o) (_printf_i)
c:/program files (x86)/atollic/truestudio for stm32 9.0.0/armtools/bin/../lib/gcc/arm-atollic-eabi/6.3.1/../../../../arm-atollic-eabi/lib/armv7e-m/fpu\libc_nano.a(lib_a-memchr.o)
                              c:/program files (x86)/atollic/truestudio for stm32 9.0.0/armtools/bin/../lib/gcc/arm-atollic-eabi/6.3.1/../../../../arm-atollic-eabi/lib/armv7e-m/fpu\libc_nano.a(lib_a-nano-svfprintf.o) (memchr)
c:/program files (x86)/atollic/truestudio for stm32 9.0.0/armtools/bin/../lib/gcc/arm-atollic-eabi/6.3.1/../../../../arm-atollic-eabi/lib/armv7e-m/fpu\libc_nano.a(lib_a-memmove.o)
                              c:/program files (x86)/atollic/truestudio for stm32 9.0.0/armtools/bin/../lib/gcc/arm-atollic-eabi/6.3.1/../../../../arm-atollic-eabi/lib/armv7e-m/fpu\libc_nano.a(lib_a-nano-svfprintf.o) (memmove)
c:/program files (x86)/atollic/truestudio for stm32 9.0.0/armtools/bin/../lib/gcc/arm-atollic-eabi/6.3.1/../../../../arm-atollic-eabi/lib/armv7e-m/fpu\libc_nano.a(lib_a-nano-freer.o)
                              c:/program files (x86)/atollic/truestudio for stm32 9.0.0/armtools/bin/../lib/gcc/arm-atollic-eabi/6.3.1/../../../../arm-atollic-eabi/lib/armv7e-m/fpu\libc_nano.a(lib_a-nano-svfprintf.o) (_free_r)
c:/program files (x86)/atollic/truestudio for stm32 9.0.0/armtools/bin/../lib/gcc/arm-atollic-eabi/6.3.1/../../../../arm-atollic-eabi/lib/armv7e-m/fpu\libc_nano.a(lib_a-nano-mallocr.o)
                              c:/program files (x86)/atollic/truestudio for stm32 9.0.0/armtools/bin/../lib/gcc/arm-atollic-eabi/6.3.1/../../../../arm-atollic-eabi/lib/armv7e-m/fpu\libc_nano.a(lib_a-nano-svfprintf.o) (_malloc_r)
c:/program files (x86)/atollic/truestudio for stm32 9.0.0/armtools/bin/../lib/gcc/arm-atollic-eabi/6.3.1/../../../../arm-atollic-eabi/lib/armv7e-m/fpu\libc_nano.a(lib_a-nano-reallocr.o)
                              c:/program files (x86)/atollic/truestudio for stm32 9.0.0/armtools/bin/../lib/gcc/arm-atollic-eabi/6.3.1/../../../../arm-atollic-eabi/lib/armv7e-m/fpu\libc_nano.a(lib_a-nano-svfprintf.o) (_realloc_r)
c:/program files (x86)/atollic/truestudio for stm32 9.0.0/armtools/bin/../lib/gcc/arm-atollic-eabi/6.3.1/../../../../arm-atollic-eabi/lib/armv7e-m/fpu\libc_nano.a(lib_a-sbrkr.o)
                              c:/program files (x86)/atollic/truestudio for stm32 9.0.0/armtools/bin/../lib/gcc/arm-atollic-eabi/6.3.1/../../../../arm-atollic-eabi/lib/armv7e-m/fpu\libc_nano.a(lib_a-nano-mallocr.o) (_sbrk_r)
c:/program files (x86)/atollic/truestudio for stm32 9.0.0/armtools/bin/../lib/gcc/arm-atollic-eabi/6.3.1/../../../../arm-atollic-eabi/lib/armv7e-m/fpu\libc_nano.a(lib_a-mlock.o)
[...]
Memory Configuration

Name             Origin             Length             Attributes
RAM              0x20000000         0x0000a000         xrw
CCMRAM           0x10000000         0x00002000         rw
FLASH            0x08000000         0x00040000         xr
*default*        0x00000000         0xffffffff

Linker script and memory map

LOAD c:/program files (x86)/atollic/truestudio for stm32 9.0.0/armtools/bin/../lib/gcc/arm-atollic-eabi/6.3.1/armv7e-m/fpu/crti.o
LOAD c:/program files (x86)/atollic/truestudio for stm32 9.0.0/armtools/bin/../lib/gcc/arm-atollic-eabi/6.3.1/armv7e-m/fpu/crtbegin.o
LOAD Drivers\STM32F3xx_HAL_Driver\Src\stm32f3xx_hal.o
LOAD Drivers\STM32F3xx_HAL_Driver\Src\stm32f3xx_hal_adc.o
LOAD Drivers\STM32F3xx_HAL_Driver\Src\stm32f3xx_hal_adc_ex.o
LOAD Drivers\STM32F3xx_HAL_Driver\Src\stm32f3xx_hal_cortex.o
LOAD Drivers\STM32F3xx_HAL_Driver\Src\stm32f3xx_hal_crc.o
LOAD Drivers\STM32F3xx_HAL_Driver\Src\stm32f3xx_hal_crc_ex.o
LOAD Drivers\STM32F3xx_HAL_Driver\Src\stm32f3xx_hal_dma.o
LOAD Drivers\STM32F3xx_HAL_Driver\Src\stm32f3xx_hal_flash.o
LOAD Drivers\STM32F3xx_HAL_Driver\Src\stm32f3xx_hal_flash_ex.o
LOAD Drivers\STM32F3xx_HAL_Driver\Src\stm32f3xx_hal_gpio.o
LOAD Drivers\STM32F3xx_HAL_Driver\Src\stm32f3xx_hal_i2c.o
LOAD Drivers\STM32F3xx_HAL_Driver\Src\stm32f3xx_hal_i2c_ex.o
LOAD Drivers\STM32F3xx_HAL_Driver\Src\stm32f3xx_hal_iwdg.o
LOAD Drivers\STM32F3xx_HAL_Driver\Src\stm32f3xx_hal_pcd.o
LOAD Drivers\STM32F3xx_HAL_Driver\Src\stm32f3xx_hal_pcd_ex.o
LOAD Drivers\STM32F3xx_HAL_Driver\Src\stm32f3xx_hal_pwr.o
LOAD Drivers\STM32F3xx_HAL_Driver\Src\stm32f3xx_hal_pwr_ex.o
LOAD Drivers\STM32F3xx_HAL_Driver\Src\stm32f3xx_hal_rcc.o
LOAD Drivers\STM32F3xx_HAL_Driver\Src\stm32f3xx_hal_rcc_ex.o
LOAD Drivers\STM32F3xx_HAL_Driver\Src\stm32f3xx_hal_spi.o
LOAD Drivers\STM32F3xx_HAL_Driver\Src\stm32f3xx_hal_spi_ex.o
LOAD Drivers\STM32F3xx_HAL_Driver\Src\stm32f3xx_hal_tim.o
LOAD Drivers\STM32F3xx_HAL_Driver\Src\stm32f3xx_hal_tim_ex.o
LOAD Drivers\STM32F3xx_HAL_Driver\Src\stm32f3xx_hal_uart.o
LOAD Drivers\STM32F3xx_HAL_Driver\Src\stm32f3xx_hal_uart_ex.o
LOAD Middlewares\ST\STM32_USB_Device_Library\Class\CDC\Src\usbd_cdc.o
LOAD Middlewares\ST\STM32_USB_Device_Library\Core\Src\usbd_core.o
LOAD Middlewares\ST\STM32_USB_Device_Library\Core\Src\usbd_ctlreq.o
LOAD Middlewares\ST\STM32_USB_Device_Library\Core\Src\usbd_ioreq.o
LOAD Middlewares\Third_Party\FreeRTOS\Source\CMSIS_RTOS\cmsis_os.o
LOAD Middlewares\Third_Party\FreeRTOS\Source\croutine.o
LOAD Middlewares\Third_Party\FreeRTOS\Source\event_groups.o
LOAD Middlewares\Third_Party\FreeRTOS\Source\list.o
LOAD Middlewares\Third_Party\FreeRTOS\Source\portable\GCC\ARM_CM4F\port.o
LOAD Middlewares\Third_Party\FreeRTOS\Source\portable\MemMang\heap_4.o
LOAD Middlewares\Third_Party\FreeRTOS\Source\queue.o
LOAD Middlewares\Third_Party\FreeRTOS\Source\tasks.o
LOAD Middlewares\Third_Party\FreeRTOS\Source\timers.o
LOAD Src\Libs\cycle_counter.o
LOAD Src\Libs\debug.o
LOAD Src\Libs\mylcd.o
LOAD Src\freertos.o
LOAD Src\main.o
LOAD Src\stm32f3xx_hal_msp.o
LOAD Src\stm32f3xx_it.o
LOAD Src\system_stm32f3xx.o
LOAD Src\tasks.o
LOAD Src\tests.o
LOAD Src\usb_device.o
LOAD Src\usbd_cdc_if.o
LOAD Src\usbd_conf.o
LOAD Src\usbd_desc.o
LOAD startup\startup_stm32f303xc.o
                0x00000080                malloc_getpagesize_P = 0x80
START GROUP
LOAD c:/program files (x86)/atollic/truestudio for stm32 9.0.0/armtools/bin/../lib/gcc/arm-atollic-eabi/6.3.1/../../../../arm-atollic-eabi/lib/armv7e-m/fpu\libc_nano.a
LOAD c:/program files (x86)/atollic/truestudio for stm32 9.0.0/armtools/bin/../lib/gcc/arm-atollic-eabi/6.3.1/../../../../arm-atollic-eabi/lib/armv7e-m/fpu\libm.a
END GROUP
START GROUP
LOAD c:/program files (x86)/atollic/truestudio for stm32 9.0.0/armtools/bin/../lib/gcc/arm-atollic-eabi/6.3.1/armv7e-m/fpu\libgcc.a
LOAD c:/program files (x86)/atollic/truestudio for stm32 9.0.0/armtools/bin/../lib/gcc/arm-atollic-eabi/6.3.1/../../../../arm-atollic-eabi/lib/armv7e-m/fpu\libc_nano.a
END GROUP
START GROUP
LOAD c:/program files (x86)/atollic/truestudio for stm32 9.0.0/armtools/bin/../lib/gcc/arm-atollic-eabi/6.3.1/armv7e-m/fpu\libgcc.a
LOAD c:/program files (x86)/atollic/truestudio for stm32 9.0.0/armtools/bin/../lib/gcc/arm-atollic-eabi/6.3.1/../../../../arm-atollic-eabi/lib/armv7e-m/fpu\libc_nano.a
LOAD c:/program files (x86)/atollic/truestudio for stm32 9.0.0/armtools/bin/../lib/gcc/arm-atollic-eabi/6.3.1/../../../../arm-atollic-eabi/lib/armv7e-m/fpu\libnosys.a
END GROUP
START GROUP
LOAD c:/program files (x86)/atollic/truestudio for stm32 9.0.0/armtools/bin/../lib/gcc/arm-atollic-eabi/6.3.1/armv7e-m/fpu\libgcc.a
LOAD c:/program files (x86)/atollic/truestudio for stm32 9.0.0/armtools/bin/../lib/gcc/arm-atollic-eabi/6.3.1/../../../../arm-atollic-eabi/lib/armv7e-m/fpu\libc_nano.a
LOAD c:/program files (x86)/atollic/truestudio for stm32 9.0.0/armtools/bin/../lib/gcc/arm-atollic-eabi/6.3.1/../../../../arm-atollic-eabi/lib/armv7e-m/fpu\libnosys.a
END GROUP
LOAD c:/program files (x86)/atollic/truestudio for stm32 9.0.0/armtools/bin/../lib/gcc/arm-atollic-eabi/6.3.1/armv7e-m/fpu/crtend.o
LOAD c:/program files (x86)/atollic/truestudio for stm32 9.0.0/armtools/bin/../lib/gcc/arm-atollic-eabi/6.3.1/armv7e-m/fpu/crtn.o
                0x2000a000                _estack = 0x2000a000
                0x00000200                _Min_Heap_Size = 0x200
                0x00000400                _Min_Stack_Size = 0x400

.isr_vector     0x08000000      0x188
                0x08000000                . = ALIGN (0x4)
 *(.isr_vector)
 .isr_vector    0x08000000      0x188 startup\startup_stm32f303xc.o
                0x08000000                g_pfnVectors
                0x08000188                . = ALIGN (0x4)

.text           0x08000190     0x784c
                0x08000190                . = ALIGN (0x4)
 *(.text)
 .text          0x08000190       0x40 c:/program files (x86)/atollic/truestudio for stm32 9.0.0/armtools/bin/../lib/gcc/arm-atollic-eabi/6.3.1/armv7e-m/fpu/crtbegin.o
 .text          0x080001d0       0xa0 c:/program files (x86)/atollic/truestudio for stm32 9.0.0/armtools/bin/../lib/gcc/arm-atollic-eabi/6.3.1/../../../../arm-atollic-eabi/lib/armv7e-m/fpu\libc_nano.a(lib_a-memchr.o)
                0x080001d0                memchr
 *(.text*)
 .text.HAL_InitTick
                0x08000270       0x28 Drivers\STM32F3xx_HAL_Driver\Src\stm32f3xx_hal.o
                0x08000270                HAL_InitTick
 .text.HAL_Init
                0x08000298       0x24 Drivers\STM32F3xx_HAL_Driver\Src\stm32f3xx_hal.o
                0x08000298                HAL_Init
 .text.HAL_IncTick
                0x080002bc       0x10 Drivers\STM32F3xx_HAL_Driver\Src\stm32f3xx_hal.o
                0x080002bc                HAL_IncTick
 .text.HAL_GetTick
                0x080002cc        0xc Drivers\STM32F3xx_HAL_Driver\Src\stm32f3xx_hal.o
                0x080002cc                HAL_GetTick
 .text.HAL_ADC_ConvHalfCpltCallback
                0x080002d8        0x2 Drivers\STM32F3xx_HAL_Driver\Src\stm32f3xx_hal_adc.o
                0x080002d8                HAL_ADC_ConvHalfCpltCallback
 .text.HAL_ADC_LevelOutOfWindowCallback
                0x080002da        0x2 Drivers\STM32F3xx_HAL_Driver\Src\stm32f3xx_hal_adc.o
                0x080002da                HAL_ADC_LevelOutOfWindowCallback
 .text.HAL_ADC_ErrorCallback
                0x080002dc        0x2 Drivers\STM32F3xx_HAL_Driver\Src\stm32f3xx_hal_adc.o
                0x080002dc                HAL_ADC_ErrorCallback
 .text.ADC_Disable
                0x080002de       0x6e Drivers\STM32F3xx_HAL_Driver\Src\stm32f3xx_hal_adc_ex.o
 .text.ADC_Enable
                0x0800034c       0x5c Drivers\STM32F3xx_HAL_Driver\Src\stm32f3xx_hal_adc_ex.o
 .text.ADC_DMAError
                0x080003a8       0x16 Drivers\STM32F3xx_HAL_Driver\Src\stm32f3xx_hal_adc_ex.o
 .text.ADC_DMAHalfConvCplt
                0x080003be        0x6 Drivers\STM32F3xx_HAL_Driver\Src\stm32f3xx_hal_adc_ex.o
 .text.ADC_DMAConvCplt
                0x080003c4       0x42 Drivers\STM32F3xx_HAL_Driver\Src\stm32f3xx_hal_adc_ex.o
 *fill*         0x08000406        0x2 
 .text.HAL_ADC_Init
                0x08000408      0x234 Drivers\STM32F3xx_HAL_Driver\Src\stm32f3xx_hal_adc_ex.o
                0x08000408                HAL_ADC_Init
 .text.HAL_ADC_Start_DMA
                0x0800063c      0x158 Drivers\STM32F3xx_HAL_Driver\Src\stm32f3xx_hal_adc_ex.o
                0x0800063c                HAL_ADC_Start_DMA
 .text.HAL_ADCEx_InjectedQueueOverflowCallback
                0x08000794        0x2 Drivers\STM32F3xx_HAL_Driver\Src\stm32f3xx_hal_adc_ex.o
                0x08000794                HAL_ADCEx_InjectedQueueOverflowCallback
 .text.HAL_ADCEx_LevelOutOfWindow2Callback
                0x08000796        0x2 Drivers\STM32F3xx_HAL_Driver\Src\stm32f3xx_hal_adc_ex.o
                0x08000796                HAL_ADCEx_LevelOutOfWindow2Callback
 .text.HAL_ADCEx_LevelOutOfWindow3Callback
                0x08000798        0x2 Drivers\STM32F3xx_HAL_Driver\Src\stm32f3xx_hal_adc_ex.o
                0x08000798                HAL_ADCEx_LevelOutOfWindow3Callback
 *fill*         0x0800079a        0x2 
 .text.HAL_ADC_IRQHandler
                0x0800079c      0x3f8 Drivers\STM32F3xx_HAL_Driver\Src\stm32f3xx_hal_adc_ex.o
                0x0800079c                HAL_ADC_IRQHandler
 .text.HAL_ADC_ConfigChannel
                0x08000b94      0x330 Drivers\STM32F3xx_HAL_Driver\Src\stm32f3xx_hal_adc_ex.o
                0x08000b94                HAL_ADC_ConfigChannel
 .text.HAL_NVIC_SetPriorityGrouping
                0x08000ec4       0x24 Drivers\STM32F3xx_HAL_Driver\Src\stm32f3xx_hal_cortex.o
                0x08000ec4                HAL_NVIC_SetPriorityGrouping
 .text.HAL_NVIC_SetPriority
                0x08000ee8       0x68 Drivers\STM32F3xx_HAL_Driver\Src\stm32f3xx_hal_cortex.o
                0x08000ee8                HAL_NVIC_SetPriority
 .text.HAL_NVIC_EnableIRQ
                0x08000f50       0x18 Drivers\STM32F3xx_HAL_Driver\Src\stm32f3xx_hal_cortex.o
                0x08000f50                HAL_NVIC_EnableIRQ
 .text.HAL_SYSTICK_Config
                0x08000f68       0x2c Drivers\STM32F3xx_HAL_Driver\Src\stm32f3xx_hal_cortex.o
                0x08000f68                HAL_SYSTICK_Config
 .text.HAL_SYSTICK_CLKSourceConfig
                0x08000f94       0x18 Drivers\STM32F3xx_HAL_Driver\Src\stm32f3xx_hal_cortex.o
                0x08000f94                HAL_SYSTICK_CLKSourceConfig
 .text.HAL_CRC_Init
                0x08000fac       0x74 Drivers\STM32F3xx_HAL_Driver\Src\stm32f3xx_hal_crc.o
                0x08000fac                HAL_CRC_Init
 .text.HAL_CRCEx_Polynomial_Set
                0x08001020       0x4e Drivers\STM32F3xx_HAL_Driver\Src\stm32f3xx_hal_crc_ex.o
                0x08001020                HAL_CRCEx_Polynomial_Set
 *fill*         0x0800106e        0x2 
 .text.DMA_CalcBaseAndBitshift
                0x08001070       0x44 Drivers\STM32F3xx_HAL_Driver\Src\stm32f3xx_hal_dma.o
 .text.HAL_DMA_Init
                0x080010b4       0x56 Drivers\STM32F3xx_HAL_Driver\Src\stm32f3xx_hal_dma.o
                0x080010b4                HAL_DMA_Init
 .text.HAL_DMA_Start_IT
                0x0800110a       0x7a Drivers\STM32F3xx_HAL_Driver\Src\stm32f3xx_hal_dma.o
                0x0800110a                HAL_DMA_Start_IT
 .text.HAL_DMA_Abort_IT
                0x08001184       0x48 Drivers\STM32F3xx_HAL_Driver\Src\stm32f3xx_hal_dma.o
                0x08001184                HAL_DMA_Abort_IT
 .text.HAL_DMA_IRQHandler
                0x080011cc       0x90 Drivers\STM32F3xx_HAL_Driver\Src\stm32f3xx_hal_dma.o
                0x080011cc                HAL_DMA_IRQHandler
 .text.HAL_GPIO_Init
                0x0800125c      0x184 Drivers\STM32F3xx_HAL_Driver\Src\stm32f3xx_hal_gpio.o
                0x0800125c                HAL_GPIO_Init
 .text.HAL_GPIO_WritePin
                0x080013e0        0xa Drivers\STM32F3xx_HAL_Driver\Src\stm32f3xx_hal_gpio.o
                0x080013e0                HAL_GPIO_WritePin
 .text.HAL_GPIO_TogglePin
                0x080013ea        0x8 Drivers\STM32F3xx_HAL_Driver\Src\stm32f3xx_hal_gpio.o
                0x080013ea                HAL_GPIO_TogglePin
 .text.I2C_Flush_TXDR
                0x080013f2       0x1c Drivers\STM32F3xx_HAL_Driver\Src\stm32f3xx_hal_i2c.o
 .text.I2C_Disable_IRQ
                0x0800140e       0x5c Drivers\STM32F3xx_HAL_Driver\Src\stm32f3xx_hal_i2c.o
 .text.HAL_I2C_Init
                0x0800146a       0xa2 Drivers\STM32F3xx_HAL_Driver\Src\stm32f3xx_hal_i2c.o
                0x0800146a                HAL_I2C_Init
 .text.HAL_I2C_EV_IRQHandler
                0x0800150c        0xe Drivers\STM32F3xx_HAL_Driver\Src\stm32f3xx_hal_i2c.o
                0x0800150c                HAL_I2C_EV_IRQHandler
 .text.HAL_I2C_SlaveTxCpltCallback
                0x0800151a        0x2 Drivers\STM32F3xx_HAL_Driver\Src\stm32f3xx_hal_i2c.o
                0x0800151a                HAL_I2C_SlaveTxCpltCallback
 .text.HAL_I2C_SlaveRxCpltCallback
                0x0800151c        0x2 Drivers\STM32F3xx_HAL_Driver\Src\stm32f3xx_hal_i2c.o
                0x0800151c                HAL_I2C_SlaveRxCpltCallback
 .text.I2C_ITSlaveSequentialCplt
                0x0800151e       0x52 Drivers\STM32F3xx_HAL_Driver\Src\stm32f3xx_hal_i2c.o
 .text.HAL_I2C_AddrCallback
                0x08001570        0x2 Drivers\STM32F3xx_HAL_Driver\Src\stm32f3xx_hal_i2c.o
                0x08001570                HAL_I2C_AddrCallback
 .text.HAL_I2C_ListenCpltCallback
                0x08001572        0x2 Drivers\STM32F3xx_HAL_Driver\Src\stm32f3xx_hal_i2c.o
                0x08001572                HAL_I2C_ListenCpltCallback
 .text.I2C_ITListenCplt
                0x08001574       0x60 Drivers\STM32F3xx_HAL_Driver\Src\stm32f3xx_hal_i2c.o
 .text.HAL_I2C_ErrorCallback
                0x080015d4        0x2 Drivers\STM32F3xx_HAL_Driver\Src\stm32f3xx_hal_i2c.o
                0x080015d4                HAL_I2C_ErrorCallback
 .text.HAL_I2C_AbortCpltCallback
                0x080015d6        0x2 Drivers\STM32F3xx_HAL_Driver\Src\stm32f3xx_hal_i2c.o
                0x080015d6                HAL_I2C_AbortCpltCallback
 .text.I2C_ITError
                0x080015d8       0xe4 Drivers\STM32F3xx_HAL_Driver\Src\stm32f3xx_hal_i2c.o
 .text.I2C_ITSlaveCplt
                0x080016bc      0x100 Drivers\STM32F3xx_HAL_Driver\Src\stm32f3xx_hal_i2c.o
 .text.I2C_Slave_ISR_IT
                0x080017bc      0x1b0 Drivers\STM32F3xx_HAL_Driver\Src\stm32f3xx_hal_i2c.o
 .text.HAL_I2C_ER_IRQHandler
                0x0800196c       0x62 Drivers\STM32F3xx_HAL_Driver\Src\stm32f3xx_hal_i2c.o
                0x0800196c                HAL_I2C_ER_IRQHandler
 .text.I2C_DMAAbort
                0x080019ce       0x32 Drivers\STM32F3xx_HAL_Driver\Src\stm32f3xx_hal_i2c.o
 .text.HAL_I2CEx_ConfigAnalogFilter
                0x08001a00       0x4c Drivers\STM32F3xx_HAL_Driver\Src\stm32f3xx_hal_i2c_ex.o
                0x08001a00                HAL_I2CEx_ConfigAnalogFilter
 .text.HAL_I2CEx_ConfigDigitalFilter
                0x08001a4c       0x4a Drivers\STM32F3xx_HAL_Driver\Src\stm32f3xx_hal_i2c_ex.o
                0x08001a4c                HAL_I2CEx_ConfigDigitalFilter
 .text.HAL_IWDG_Init
                0x08001a96       0x4c Drivers\STM32F3xx_HAL_Driver\Src\stm32f3xx_hal_iwdg.o
                0x08001a96                HAL_IWDG_Init
 .text.HAL_IWDG_Refresh
                0x08001ae2        0xc Drivers\STM32F3xx_HAL_Driver\Src\stm32f3xx_hal_iwdg.o
                0x08001ae2                HAL_IWDG_Refresh
 .text.HAL_PCD_Init
                0x08001aee       0xa8 Drivers\STM32F3xx_HAL_Driver\Src\stm32f3xx_hal_pcd.o
                0x08001aee                HAL_PCD_Init
 .text.HAL_PCD_Start
                0x08001b96        0xc Drivers\STM32F3xx_HAL_Driver\Src\stm32f3xx_hal_pcd.o
                0x08001b96                HAL_PCD_Start
 .text.HAL_PCD_SetAddress
                0x08001ba2       0x2c Drivers\STM32F3xx_HAL_Driver\Src\stm32f3xx_hal_pcd.o
                0x08001ba2                HAL_PCD_SetAddress
 *fill*         0x08001bce        0x2 
 .text.HAL_PCD_EP_Open
                0x08001bd0      0x2fc Drivers\STM32F3xx_HAL_Driver\Src\stm32f3xx_hal_pcd.o
                0x08001bd0                HAL_PCD_EP_Open
 .text.HAL_PCD_EP_Close
                0x08001ecc      0x1b0 Drivers\STM32F3xx_HAL_Driver\Src\stm32f3xx_hal_pcd.o
                0x08001ecc                HAL_PCD_EP_Close
 .text.HAL_PCD_EP_Receive
                0x0800207c       0xdc Drivers\STM32F3xx_HAL_Driver\Src\stm32f3xx_hal_pcd.o
                0x0800207c                HAL_PCD_EP_Receive
 .text.HAL_PCD_EP_GetRxCount
                0x08002158       0x10 Drivers\STM32F3xx_HAL_Driver\Src\stm32f3xx_hal_pcd.o
                0x08002158                HAL_PCD_EP_GetRxCount
 .text.HAL_PCD_EP_Transmit
                0x08002168       0xf6 Drivers\STM32F3xx_HAL_Driver\Src\stm32f3xx_hal_pcd.o
                0x08002168                HAL_PCD_EP_Transmit
 *fill*         0x0800225e        0x2 
 .text.HAL_PCD_IRQHandler
                0x08002260      0x488 Drivers\STM32F3xx_HAL_Driver\Src\stm32f3xx_hal_pcd.o
                0x08002260                HAL_PCD_IRQHandler
 .text.HAL_PCD_EP_SetStall
                0x080026e8       0x9a Drivers\STM32F3xx_HAL_Driver\Src\stm32f3xx_hal_pcd.o
                0x080026e8                HAL_PCD_EP_SetStall
 .text.HAL_PCD_EP_ClrStall
                0x08002782       0xc0 Drivers\STM32F3xx_HAL_Driver\Src\stm32f3xx_hal_pcd.o
                0x08002782                HAL_PCD_EP_ClrStall
 .text.HAL_PCDEx_PMAConfig
                0x08002842       0x36 Drivers\STM32F3xx_HAL_Driver\Src\stm32f3xx_hal_pcd_ex.o
                0x08002842                HAL_PCDEx_PMAConfig
 .text.PCD_WritePMA
                0x08002878       0x26 Drivers\STM32F3xx_HAL_Driver\Src\stm32f3xx_hal_pcd_ex.o
                0x08002878                PCD_WritePMA
 .text.PCD_ReadPMA
                0x0800289e       0x3a Drivers\STM32F3xx_HAL_Driver\Src\stm32f3xx_hal_pcd_ex.o
                0x0800289e                PCD_ReadPMA
 .text.HAL_RCC_OscConfig
                0x080028d8      0x4e4 Drivers\STM32F3xx_HAL_Driver\Src\stm32f3xx_hal_rcc.o
                0x080028d8                HAL_RCC_OscConfig
 .text.HAL_RCC_GetSysClockFreq
                0x08002dbc       0x64 Drivers\STM32F3xx_HAL_Driver\Src\stm32f3xx_hal_rcc.o
                0x08002dbc                HAL_RCC_GetSysClockFreq
 .text.HAL_RCC_ClockConfig
                0x08002e20      0x184 Drivers\STM32F3xx_HAL_Driver\Src\stm32f3xx_hal_rcc.o
                0x08002e20                HAL_RCC_ClockConfig
 .text.HAL_RCC_GetHCLKFreq
                0x08002fa4        0xc Drivers\STM32F3xx_HAL_Driver\Src\stm32f3xx_hal_rcc.o
                0x08002fa4                HAL_RCC_GetHCLKFreq
 .text.HAL_RCC_GetPCLK1Freq
                0x08002fb0       0x30 Drivers\STM32F3xx_HAL_Driver\Src\stm32f3xx_hal_rcc.o
                0x08002fb0                HAL_RCC_GetPCLK1Freq
 .text.HAL_RCC_GetPCLK2Freq
                0x08002fe0       0x30 Drivers\STM32F3xx_HAL_Driver\Src\stm32f3xx_hal_rcc.o
                0x08002fe0                HAL_RCC_GetPCLK2Freq
 .text.HAL_RCCEx_PeriphCLKConfig
                0x08003010      0x20c Drivers\STM32F3xx_HAL_Driver\Src\stm32f3xx_hal_rcc_ex.o
                0x08003010                HAL_RCCEx_PeriphCLKConfig
 .text.HAL_SPI_Init
                0x0800321c       0xaa Drivers\STM32F3xx_HAL_Driver\Src\stm32f3xx_hal_spi.o
                0x0800321c                HAL_SPI_Init
 .text.HAL_SPI_ErrorCallback
                0x080032c6        0x2 Drivers\STM32F3xx_HAL_Driver\Src\stm32f3xx_hal_spi.o
                0x080032c6                HAL_SPI_ErrorCallback
 .text.HAL_SPI_IRQHandler
                0x080032c8       0xe8 Drivers\STM32F3xx_HAL_Driver\Src\stm32f3xx_hal_spi.o
                0x080032c8                HAL_SPI_IRQHandler
 .text.SPI_DMAAbortOnError
                0x080033b0       0x12 Drivers\STM32F3xx_HAL_Driver\Src\stm32f3xx_hal_spi.o
 *fill*         0x080033c2        0x2 
 .text.UART_SetConfig
                0x080033c4      0x210 Drivers\STM32F3xx_HAL_Driver\Src\stm32f3xx_hal_uart.o
                0x080033c4                UART_SetConfig
 .text.UART_AdvFeatureConfig
                0x080035d4       0xa8 Drivers\STM32F3xx_HAL_Driver\Src\stm32f3xx_hal_uart.o
                0x080035d4                UART_AdvFeatureConfig
 .text.UART_WaitOnFlagUntilTimeout
                0x0800367c       0x62 Drivers\STM32F3xx_HAL_Driver\Src\stm32f3xx_hal_uart.o
                0x0800367c                UART_WaitOnFlagUntilTimeout
 .text.UART_CheckIdleState
                0x080036de       0x64 Drivers\STM32F3xx_HAL_Driver\Src\stm32f3xx_hal_uart.o
                0x080036de                UART_CheckIdleState
 .text.HAL_UART_Init
                0x08003742       0x64 Drivers\STM32F3xx_HAL_Driver\Src\stm32f3xx_hal_uart.o
                0x08003742                HAL_UART_Init
 .text.USBD_CDC_DataIn
                0x080037a6       0x12 Middlewares\ST\STM32_USB_Device_Library\Class\CDC\Src\usbd_cdc.o
 .text.USBD_CDC_EP0_RxReady
                0x080037b8       0x28 Middlewares\ST\STM32_USB_Device_Library\Class\CDC\Src\usbd_cdc.o
 .text.USBD_CDC_GetFSCfgDesc
                0x080037e0        0xc Middlewares\ST\STM32_USB_Device_Library\Class\CDC\Src\usbd_cdc.o
 .text.USBD_CDC_GetHSCfgDesc
                0x080037ec        0xc Middlewares\ST\STM32_USB_Device_Library\Class\CDC\Src\usbd_cdc.o
 .text.USBD_CDC_GetOtherSpeedCfgDesc
                0x080037f8        0xc Middlewares\ST\STM32_USB_Device_Library\Class\CDC\Src\usbd_cdc.o
 .text.USBD_CDC_GetDeviceQualifierDescriptor
                0x08003804        0xc Middlewares\ST\STM32_USB_Device_Library\Class\CDC\Src\usbd_cdc.o
                0x08003804                USBD_CDC_GetDeviceQualifierDescriptor
 .text.USBD_CDC_DataOut
                0x08003810       0x2e Middlewares\ST\STM32_USB_Device_Library\Class\CDC\Src\usbd_cdc.o
 *fill*         0x0800383e        0x2 
 .text.USBD_CDC_Setup
                0x08003840       0x68 Middlewares\ST\STM32_USB_Device_Library\Class\CDC\Src\usbd_cdc.o
 .text.USBD_CDC_DeInit
                0x080038a8       0x3a Middlewares\ST\STM32_USB_Device_Library\Class\CDC\Src\usbd_cdc.o
 .text.USBD_CDC_Init
                0x080038e2       0x8c Middlewares\ST\STM32_USB_Device_Library\Class\CDC\Src\usbd_cdc.o
 .text.USBD_CDC_RegisterInterface
                0x0800396e        0xe Middlewares\ST\STM32_USB_Device_Library\Class\CDC\Src\usbd_cdc.o
                0x0800396e                USBD_CDC_RegisterInterface
 .text.USBD_CDC_SetTxBuffer
                0x0800397c       0x10 Middlewares\ST\STM32_USB_Device_Library\Class\CDC\Src\usbd_cdc.o
                0x0800397c                USBD_CDC_SetTxBuffer
 .text.USBD_CDC_SetRxBuffer
                0x0800398c        0xc Middlewares\ST\STM32_USB_Device_Library\Class\CDC\Src\usbd_cdc.o
                0x0800398c                USBD_CDC_SetRxBuffer
 .text.USBD_CDC_ReceivePacket
                0x08003998       0x26 Middlewares\ST\STM32_USB_Device_Library\Class\CDC\Src\usbd_cdc.o
                0x08003998                USBD_CDC_ReceivePacket
 .text.USBD_Init
                0x080039be       0x2a Middlewares\ST\STM32_USB_Device_Library\Core\Src\usbd_core.o
                0x080039be                USBD_Init
 .text.USBD_RegisterClass
                0x080039e8        0xe Middlewares\ST\STM32_USB_Device_Library\Core\Src\usbd_core.o
                0x080039e8                USBD_RegisterClass
 .text.USBD_Start
                0x080039f6        0xa Middlewares\ST\STM32_USB_Device_Library\Core\Src\usbd_core.o
                0x080039f6                USBD_Start
 .text.USBD_SetClassConfig
                0x08003a00       0x16 Middlewares\ST\STM32_USB_Device_Library\Core\Src\usbd_core.o
                0x08003a00                USBD_SetClassConfig
 .text.USBD_ClrClassConfig
                0x08003a16        0xe Middlewares\ST\STM32_USB_Device_Library\Core\Src\usbd_core.o
                0x08003a16                USBD_ClrClassConfig
 .text.USBD_LL_SetupStage
                0x08003a24       0x5a Middlewares\ST\STM32_USB_Device_Library\Core\Src\usbd_core.o
                0x08003a24                USBD_LL_SetupStage
 .text.USBD_LL_DataOutStage
                0x08003a7e       0x64 Middlewares\ST\STM32_USB_Device_Library\Core\Src\usbd_core.o
                0x08003a7e                USBD_LL_DataOutStage
 .text.USBD_LL_DataInStage
                0x08003ae2       0x9e Middlewares\ST\STM32_USB_Device_Library\Core\Src\usbd_core.o
                0x08003ae2                USBD_LL_DataInStage
 .text.USBD_LL_Reset
                0x08003b80       0x3e Middlewares\ST\STM32_USB_Device_Library\Core\Src\usbd_core.o
                0x08003b80                USBD_LL_Reset
 .text.USBD_LL_SetSpeed
                0x08003bbe        0x6 Middlewares\ST\STM32_USB_Device_Library\Core\Src\usbd_core.o
                0x08003bbe                USBD_LL_SetSpeed
 .text.USBD_LL_Suspend
                0x08003bc4       0x12 Middlewares\ST\STM32_USB_Device_Library\Core\Src\usbd_core.o
                0x08003bc4                USBD_LL_Suspend
 .text.USBD_LL_Resume
                0x08003bd6        0xc Middlewares\ST\STM32_USB_Device_Library\Core\Src\usbd_core.o
                0x08003bd6                USBD_LL_Resume
 .text.USBD_LL_SOF
                0x08003be2       0x18 Middlewares\ST\STM32_USB_Device_Library\Core\Src\usbd_core.o
                0x08003be2                USBD_LL_SOF
 .text.USBD_CtlError.constprop.0
                0x08003bfa       0x16 Middlewares\ST\STM32_USB_Device_Library\Core\Src\usbd_ctlreq.o
 .text.USBD_StdDevReq
                0x08003c10      0x1f4 Middlewares\ST\STM32_USB_Device_Library\Core\Src\usbd_ctlreq.o
                0x08003c10                USBD_StdDevReq
 .text.USBD_StdItfReq
                0x08003e04       0x30 Middlewares\ST\STM32_USB_Device_Library\Core\Src\usbd_ctlreq.o
                0x08003e04                USBD_StdItfReq
 .text.USBD_StdEPReq
                0x08003e34       0xc6 Middlewares\ST\STM32_USB_Device_Library\Core\Src\usbd_ctlreq.o
                0x08003e34                USBD_StdEPReq
 .text.USBD_ParseSetupRequest
                0x08003efa       0x28 Middlewares\ST\STM32_USB_Device_Library\Core\Src\usbd_ctlreq.o
                0x08003efa                USBD_ParseSetupRequest
 .text.USBD_GetString
                0x08003f22       0x38 Middlewares\ST\STM32_USB_Device_Library\Core\Src\usbd_ctlreq.o
                0x08003f22                USBD_GetString
 .text.USBD_CtlSendData
                0x08003f5a       0x1a Middlewares\ST\STM32_USB_Device_Library\Core\Src\usbd_ioreq.o
                0x08003f5a                USBD_CtlSendData
 .text.USBD_CtlContinueSendData
                0x08003f74       0x10 Middlewares\ST\STM32_USB_Device_Library\Core\Src\usbd_ioreq.o
                0x08003f74                USBD_CtlContinueSendData
 .text.USBD_CtlPrepareRx
                0x08003f84       0x1e Middlewares\ST\STM32_USB_Device_Library\Core\Src\usbd_ioreq.o
                0x08003f84                USBD_CtlPrepareRx
 .text.USBD_CtlContinueRx
                0x08003fa2       0x10 Middlewares\ST\STM32_USB_Device_Library\Core\Src\usbd_ioreq.o
                0x08003fa2                USBD_CtlContinueRx
 .text.USBD_CtlSendStatus
                0x08003fb2       0x16 Middlewares\ST\STM32_USB_Device_Library\Core\Src\usbd_ioreq.o
                0x08003fb2                USBD_CtlSendStatus
 .text.USBD_CtlReceiveStatus
                0x08003fc8       0x16 Middlewares\ST\STM32_USB_Device_Library\Core\Src\usbd_ioreq.o
                0x08003fc8                USBD_CtlReceiveStatus
 .text.osKernelStart
                0x08003fde        0xa Middlewares\Third_Party\FreeRTOS\Source\CMSIS_RTOS\cmsis_os.o
                0x08003fde                osKernelStart
 .text.osThreadCreate
                0x08003fe8       0x50 Middlewares\Third_Party\FreeRTOS\Source\CMSIS_RTOS\cmsis_os.o
                0x08003fe8                osThreadCreate
 .text.osDelay  0x08004038       0x10 Middlewares\Third_Party\FreeRTOS\Source\CMSIS_RTOS\cmsis_os.o
                0x08004038                osDelay
 .text.osTimerCreate
                0x08004048       0x38 Middlewares\Third_Party\FreeRTOS\Source\CMSIS_RTOS\cmsis_os.o
                0x08004048                osTimerCreate
 .text.osTimerStart
                0x08004080       0x54 Middlewares\Third_Party\FreeRTOS\Source\CMSIS_RTOS\cmsis_os.o
                0x08004080                osTimerStart
 .text.osSemaphoreCreate
                0x080040d4       0x5e Middlewares\Third_Party\FreeRTOS\Source\CMSIS_RTOS\cmsis_os.o
                0x080040d4                osSemaphoreCreate
 *fill*         0x08004132        0x2 
 .text.osSemaphoreWait
                0x08004134       0x50 Middlewares\Third_Party\FreeRTOS\Source\CMSIS_RTOS\cmsis_os.o
                0x08004134                osSemaphoreWait
 .text.osSemaphoreRelease
                0x08004184       0x48 Middlewares\Third_Party\FreeRTOS\Source\CMSIS_RTOS\cmsis_os.o
                0x08004184                osSemaphoreRelease
 .text.osSystickHandler
                0x080041cc       0x14 Middlewares\Third_Party\FreeRTOS\Source\CMSIS_RTOS\cmsis_os.o
                0x080041cc                osSystickHandler
 .text.vListInitialise
                0x080041e0       0x16 Middlewares\Third_Party\FreeRTOS\Source\list.o
                0x080041e0                vListInitialise
 .text.vListInitialiseItem
                0x080041f6        0x6 Middlewares\Third_Party\FreeRTOS\Source\list.o
                0x080041f6                vListInitialiseItem
 .text.vListInsertEnd
                0x080041fc       0x18 Middlewares\Third_Party\FreeRTOS\Source\list.o
                0x080041fc                vListInsertEnd
 .text.vListInsert
                0x08004214       0x2e Middlewares\Third_Party\FreeRTOS\Source\list.o
                0x08004214                vListInsert
 .text.uxListRemove
                0x08004242       0x20 Middlewares\Third_Party\FreeRTOS\Source\list.o
                0x08004242                uxListRemove
 *fill*         0x08004262        0x2 
 .text.prvTaskExitError
                0x08004264       0x30 Middlewares\Third_Party\FreeRTOS\Source\portable\GCC\ARM_CM4F\port.o
 .text.prvPortStartFirstTask
                0x08004294       0x20 Middlewares\Third_Party\FreeRTOS\Source\portable\GCC\ARM_CM4F\port.o
 .text.vPortEnableVFP
                0x080042b4       0x14 Middlewares\Third_Party\FreeRTOS\Source\portable\GCC\ARM_CM4F\port.o
 .text.pxPortInitialiseStack
                0x080042c8       0x2c Middlewares\Third_Party\FreeRTOS\Source\portable\GCC\ARM_CM4F\port.o
                0x080042c8                pxPortInitialiseStack
 *fill*         0x080042f4        0xc 
 .text.SVC_Handler
                0x08004300       0x24 Middlewares\Third_Party\FreeRTOS\Source\portable\GCC\ARM_CM4F\port.o
                0x08004300                SVC_Handler
 .text.vPortEnterCritical
                0x08004324       0x44 Middlewares\Third_Party\FreeRTOS\Source\portable\GCC\ARM_CM4F\port.o
                0x08004324                vPortEnterCritical
 .text.vPortExitCritical
                0x08004368       0x28 Middlewares\Third_Party\FreeRTOS\Source\portable\GCC\ARM_CM4F\port.o
                0x08004368                vPortExitCritical
 .text.PendSV_Handler
                0x08004390       0x64 Middlewares\Third_Party\FreeRTOS\Source\portable\GCC\ARM_CM4F\port.o
                0x08004390                PendSV_Handler
 .text.xPortSysTickHandler
                0x080043f4       0x2c Middlewares\Third_Party\FreeRTOS\Source\portable\GCC\ARM_CM4F\port.o
                0x080043f4                xPortSysTickHandler
 .text.vPortSetupTimerInterrupt
                0x08004420       0x28 Middlewares\Third_Party\FreeRTOS\Source\portable\GCC\ARM_CM4F\port.o
                0x08004420                vPortSetupTimerInterrupt
 .text.xPortStartScheduler
                0x08004448       0xec Middlewares\Third_Party\FreeRTOS\Source\portable\GCC\ARM_CM4F\port.o
                0x08004448                xPortStartScheduler
 .text.vPortValidateInterruptPriority
                0x08004534       0x5c Middlewares\Third_Party\FreeRTOS\Source\portable\GCC\ARM_CM4F\port.o
                0x08004534                vPortValidateInterruptPriority
 .text.unlikely.prvInsertBlockIntoFreeList
                0x08004590       0x48 Middlewares\Third_Party\FreeRTOS\Source\portable\MemMang\heap_4.o
 .text.pvPortMalloc
                0x080045d8      0x11c Middlewares\Third_Party\FreeRTOS\Source\portable\MemMang\heap_4.o
                0x080045d8                pvPortMalloc
 .text.vPortFree
                0x080046f4       0x70 Middlewares\Third_Party\FreeRTOS\Source\portable\MemMang\heap_4.o
                0x080046f4                vPortFree
 .text.unlikely.prvCopyDataToQueue
                0x08004764       0x66 Middlewares\Third_Party\FreeRTOS\Source\queue.o
 .text.unlikely.prvCopyDataFromQueue
                0x080047ca       0x2a Middlewares\Third_Party\FreeRTOS\Source\queue.o
 .text.prvUnlockQueue
                0x080047f4       0x70 Middlewares\Third_Party\FreeRTOS\Source\queue.o
 .text.xQueueGenericReset
                0x08004864       0x80 Middlewares\Third_Party\FreeRTOS\Source\queue.o
                0x08004864                xQueueGenericReset
 .text.xQueueGenericCreateStatic
                0x080048e4       0x92 Middlewares\Third_Party\FreeRTOS\Source\queue.o
                0x080048e4                xQueueGenericCreateStatic
 .text.xQueueGenericCreate
                0x08004976       0x48 Middlewares\Third_Party\FreeRTOS\Source\queue.o
                0x08004976                xQueueGenericCreate
 .text.xQueueCreateCountingSemaphoreStatic
                0x080049be       0x44 Middlewares\Third_Party\FreeRTOS\Source\queue.o
                0x080049be                xQueueCreateCountingSemaphoreStatic
 .text.xQueueCreateCountingSemaphore
                0x08004a02       0x3c Middlewares\Third_Party\FreeRTOS\Source\queue.o
                0x08004a02                xQueueCreateCountingSemaphore
 *fill*         0x08004a3e        0x2 
 .text.xQueueGenericSend
                0x08004a40      0x16c Middlewares\Third_Party\FreeRTOS\Source\queue.o
                0x08004a40                xQueueGenericSend
 .text.xQueueGenericSendFromISR
                0x08004bac       0xc4 Middlewares\Third_Party\FreeRTOS\Source\queue.o
                0x08004bac                xQueueGenericSendFromISR
 .text.xQueueGiveFromISR
                0x08004c70       0xa8 Middlewares\Third_Party\FreeRTOS\Source\queue.o
                0x08004c70                xQueueGiveFromISR
 .text.xQueueGenericReceive
                0x08004d18      0x188 Middlewares\Third_Party\FreeRTOS\Source\queue.o
                0x08004d18                xQueueGenericReceive
 .text.xQueueReceiveFromISR
                0x08004ea0       0xa0 Middlewares\Third_Party\FreeRTOS\Source\queue.o
                0x08004ea0                xQueueReceiveFromISR
 .text.vQueueAddToRegistry
                0x08004f40       0x24 Middlewares\Third_Party\FreeRTOS\Source\queue.o
                0x08004f40                vQueueAddToRegistry
 .text.vQueueWaitForMessageRestricted
                0x08004f64       0x46 Middlewares\Third_Party\FreeRTOS\Source\queue.o
                0x08004f64                vQueueWaitForMessageRestricted
 *fill*         0x08004faa        0x2 
 .text.prvAddNewTaskToReadyList
                0x08004fac       0xf8 Middlewares\Third_Party\FreeRTOS\Source\tasks.o
 .text.prvResetNextTaskUnblockTime
                0x080050a4       0x24 Middlewares\Third_Party\FreeRTOS\Source\tasks.o
 .text.prvInitialiseNewTask.isra.2
                0x080050c8       0x82 Middlewares\Third_Party\FreeRTOS\Source\tasks.o
 .text.prvDeleteTCB
                0x0800514a       0x36 Middlewares\Third_Party\FreeRTOS\Source\tasks.o
 .text.prvAddCurrentTaskToDelayedList
                0x08005180       0x8c Middlewares\Third_Party\FreeRTOS\Source\tasks.o
 .text.vTaskSetTimeOutState.part.7
                0x0800520c       0x12 Middlewares\Third_Party\FreeRTOS\Source\tasks.o
 .text.xTaskCreateStatic
                0x0800521e       0x44 Middlewares\Third_Party\FreeRTOS\Source\tasks.o
                0x0800521e                xTaskCreateStatic
 .text.xTaskCreate
                0x08005262       0x5a Middlewares\Third_Party\FreeRTOS\Source\tasks.o
                0x08005262                xTaskCreate
 .text.vTaskStartScheduler
                0x080052bc       0x88 Middlewares\Third_Party\FreeRTOS\Source\tasks.o
                0x080052bc                vTaskStartScheduler
 .text.vTaskSuspendAll
                0x08005344       0x10 Middlewares\Third_Party\FreeRTOS\Source\tasks.o
                0x08005344                vTaskSuspendAll
 .text.xTaskGetTickCount
                0x08005354        0xc Middlewares\Third_Party\FreeRTOS\Source\tasks.o
                0x08005354                xTaskGetTickCount
 .text.xTaskIncrementTick
                0x08005360      0x124 Middlewares\Third_Party\FreeRTOS\Source\tasks.o
                0x08005360                xTaskIncrementTick
 .text.xTaskResumeAll
                0x08005484       0xf0 Middlewares\Third_Party\FreeRTOS\Source\tasks.o
                0x08005484                xTaskResumeAll
 .text.vTaskDelay
                0x08005574       0x48 Middlewares\Third_Party\FreeRTOS\Source\tasks.o
                0x08005574                vTaskDelay
 .text.prvIdleTask
                0x080055bc       0x70 Middlewares\Third_Party\FreeRTOS\Source\tasks.o
 .text.vTaskSwitchContext
                0x0800562c       0x74 Middlewares\Third_Party\FreeRTOS\Source\tasks.o
                0x0800562c                vTaskSwitchContext
 .text.vTaskPlaceOnEventList
                0x080056a0       0x34 Middlewares\Third_Party\FreeRTOS\Source\tasks.o
                0x080056a0                vTaskPlaceOnEventList
 .text.vTaskPlaceOnEventListRestricted
                0x080056d4       0x3c Middlewares\Third_Party\FreeRTOS\Source\tasks.o
                0x080056d4                vTaskPlaceOnEventListRestricted
 .text.xTaskRemoveFromEventList
                0x08005710       0x84 Middlewares\Third_Party\FreeRTOS\Source\tasks.o
                0x08005710                xTaskRemoveFromEventList
 .text.vTaskSetTimeOutState
                0x08005794       0x20 Middlewares\Third_Party\FreeRTOS\Source\tasks.o
                0x08005794                vTaskSetTimeOutState
 .text.xTaskCheckForTimeOut
                0x080057b4       0x74 Middlewares\Third_Party\FreeRTOS\Source\tasks.o
                0x080057b4                xTaskCheckForTimeOut
 .text.vTaskMissedYield
                0x08005828        0xc Middlewares\Third_Party\FreeRTOS\Source\tasks.o
                0x08005828                vTaskMissedYield
 .text.xTaskGetSchedulerState
                0x08005834       0x20 Middlewares\Third_Party\FreeRTOS\Source\tasks.o
                0x08005834                xTaskGetSchedulerState
 .text.vTaskPriorityInherit
                0x08005854       0x8c Middlewares\Third_Party\FreeRTOS\Source\tasks.o
                0x08005854                vTaskPriorityInherit
 .text.xTaskPriorityDisinherit
                0x080058e0       0xa0 Middlewares\Third_Party\FreeRTOS\Source\tasks.o
                0x080058e0                xTaskPriorityDisinherit
 .text.pvTaskIncrementMutexHeldCount
                0x08005980       0x18 Middlewares\Third_Party\FreeRTOS\Source\tasks.o
                0x08005980                pvTaskIncrementMutexHeldCount
 .text.prvCheckForValidListAndQueue
                0x08005998       0x68 Middlewares\Third_Party\FreeRTOS\Source\timers.o
 .text.prvInsertTimerInActiveList
                0x08005a00       0x3c Middlewares\Third_Party\FreeRTOS\Source\timers.o
 .text.xTimerCreateTimerTask
                0x08005a3c       0x64 Middlewares\Third_Party\FreeRTOS\Source\timers.o
                0x08005a3c                xTimerCreateTimerTask
 .text.xTimerCreate
                0x08005aa0       0x4e Middlewares\Third_Party\FreeRTOS\Source\timers.o
                0x08005aa0                xTimerCreate
 .text.xTimerCreateStatic
                0x08005aee       0x78 Middlewares\Third_Party\FreeRTOS\Source\timers.o
                0x08005aee                xTimerCreateStatic
 *fill*         0x08005b66        0x2 
 .text.xTimerGenericCommand
                0x08005b68       0x58 Middlewares\Third_Party\FreeRTOS\Source\timers.o
                0x08005b68                xTimerGenericCommand
 .text.prvSwitchTimerLists
                0x08005bc0       0x7c Middlewares\Third_Party\FreeRTOS\Source\timers.o
 .text.prvTimerTask
                0x08005c3c      0x1d8 Middlewares\Third_Party\FreeRTOS\Source\timers.o
 .text.reset_timer
                0x08005e14       0x28 Src\Libs\cycle_counter.o
                0x08005e14                reset_timer
 .text.start_timer
                0x08005e3c       0x14 Src\Libs\cycle_counter.o
                0x08005e3c                start_timer
 .text.stop_timer
                0x08005e50       0x10 Src\Libs\cycle_counter.o
                0x08005e50                stop_timer
 .text.getCycles
                0x08005e60        0xc Src\Libs\cycle_counter.o
                0x08005e60                getCycles
 .text.debug_outbyte
                0x08005e6c       0x14 Src\Libs\debug.o
                0x08005e6c                debug_outbyte
 .text.printchar
                0x08005e80       0x14 Src\Libs\debug.o
 .text.prints   0x08005e94       0x84 Src\Libs\debug.o
 .text.printi   0x08005f18       0x96 Src\Libs\debug.o
 *fill*         0x08005fae        0x2 
 .text.print    0x08005fb0      0x114 Src\Libs\debug.o
 .text.debug_print
                0x080060c4       0x12 Src\Libs\debug.o
                0x080060c4                debug_print
 .text.debug_printf
                0x080060d6       0x14 Src\Libs\debug.o
                0x080060d6                debug_printf
 .text.__LCD_Wait
                0x080060ea       0x18 Src\Libs\mylcd.o
 *fill*         0x08006102        0x2 
 .text.__LCD_Pulse
                0x08006104       0x18 Src\Libs\mylcd.o
 .text.__LCD_SendByte
                0x0800611c       0x54 Src\Libs\mylcd.o
 .text.myLCD_GotoXY
                0x08006170       0x28 Src\Libs\mylcd.o
                0x08006170                myLCD_GotoXY
 .text.myLCD_Clear
                0x08006198       0x14 Src\Libs\mylcd.o
                0x08006198                myLCD_Clear
 .text.myLCD_Init
                0x080061ac       0x90 Src\Libs\mylcd.o
                0x080061ac                myLCD_Init
 .text.myLCD_PrintStr
                0x0800623c       0x18 Src\Libs\mylcd.o
                0x0800623c                myLCD_PrintStr
 .text.myLCD_PutChar
                0x08006254        0x6 Src\Libs\mylcd.o
                0x08006254                myLCD_PutChar
 *fill*         0x0800625a        0x2 
 .text.vApplicationGetIdleTaskMemory
                0x0800625c       0x18 Src\freertos.o
                0x0800625c                vApplicationGetIdleTaskMemory
 .text.vApplicationGetTimerTaskMemory
                0x08006274       0x18 Src\freertos.o
                0x08006274                vApplicationGetTimerTaskMemory
 .text.SystemClock_Config
                0x0800628c       0x9c Src\main.o
                0x0800628c                SystemClock_Config
 .text.startup.main
                0x08006328      0x39c Src\main.o
                0x08006328                main
 .text._Error_Handler
                0x080066c4        0x2 Src\main.o
                0x080066c4                _Error_Handler
 *fill*         0x080066c6        0x2 
 .text.HAL_MspInit
                0x080066c8       0x7c Src\stm32f3xx_hal_msp.o
                0x080066c8                HAL_MspInit
 .text.HAL_ADC_MspInit
                0x08006744       0xa8 Src\stm32f3xx_hal_msp.o
                0x08006744                HAL_ADC_MspInit
 .text.HAL_CRC_MspInit
                0x080067ec       0x28 Src\stm32f3xx_hal_msp.o
                0x080067ec                HAL_CRC_MspInit
 .text.HAL_I2C_MspInit
                0x08006814       0x70 Src\stm32f3xx_hal_msp.o
                0x08006814                HAL_I2C_MspInit
 .text.HAL_SPI_MspInit
                0x08006884       0x58 Src\stm32f3xx_hal_msp.o
                0x08006884                HAL_SPI_MspInit
 .text.HAL_UART_MspInit
                0x080068dc       0x5c Src\stm32f3xx_hal_msp.o
                0x080068dc                HAL_UART_MspInit
 .text.SysTick_Handler
                0x08006938        0xe Src\stm32f3xx_it.o
                0x08006938                SysTick_Handler
 *fill*         0x08006946        0x2 
 .text.ADC1_2_IRQHandler
                0x08006948        0xc Src\stm32f3xx_it.o
                0x08006948                ADC1_2_IRQHandler
 .text.HAL_ADC_ConvCpltCallback
                0x08006954       0x18 Src\stm32f3xx_it.o
                0x08006954                HAL_ADC_ConvCpltCallback
 .text.HAL_ADCEx_InjectedConvCpltCallback
                0x0800696c        0x4 Src\stm32f3xx_it.o
                0x0800696c                HAL_ADCEx_InjectedConvCpltCallback
 .text.USB_LP_CAN_RX0_IRQHandler
                0x08006970        0xc Src\stm32f3xx_it.o
                0x08006970                USB_LP_CAN_RX0_IRQHandler
 .text.I2C1_EV_IRQHandler
                0x0800697c        0xc Src\stm32f3xx_it.o
                0x0800697c                I2C1_EV_IRQHandler
 .text.I2C1_ER_IRQHandler
                0x08006988        0xc Src\stm32f3xx_it.o
                0x08006988                I2C1_ER_IRQHandler
 .text.SPI1_IRQHandler
                0x08006994        0xc Src\stm32f3xx_it.o
                0x08006994                SPI1_IRQHandler
 .text.USART1_IRQHandler
                0x080069a0       0x3c Src\stm32f3xx_it.o
                0x080069a0                USART1_IRQHandler
 .text.DMA2_Channel1_IRQHandler
                0x080069dc        0xc Src\stm32f3xx_it.o
                0x080069dc                DMA2_Channel1_IRQHandler
 .text.DMA1_Channel1_IRQHandler
                0x080069e8        0xc Src\stm32f3xx_it.o
                0x080069e8                DMA1_Channel1_IRQHandler
 .text.DMA1Chan1_Complete
                0x080069f4        0xc Src\stm32f3xx_it.o
                0x080069f4                DMA1Chan1_Complete
 .text.SystemInit
                0x08006a00       0x68 Src\system_stm32f3xx.o
                0x08006a00                SystemInit
 .text.DefaultTask
                0x08006a68       0xa8 Src\tasks.o
                0x08006a68                DefaultTask
 .text.ProcessCmdTask
                0x08006b10       0x74 Src\tasks.o
                0x08006b10                ProcessCmdTask
 .text.SwTmrCallback
                0x08006b84       0x10 Src\tasks.o
                0x08006b84                SwTmrCallback
 .text.DMA1_Test
                0x08006b94      0x100 Src\tests.o
                0x08006b94                DMA1_Test
 .text.ADC2_Test
                0x08006c94       0x7c Src\tests.o
                0x08006c94                ADC2_Test
 .text.MX_USB_DEVICE_Init
                0x08006d10       0x38 Src\usb_device.o
                0x08006d10                MX_USB_DEVICE_Init
 .text.CDC_DeInit_FS
                0x08006d48        0x4 Src\usbd_cdc_if.o
 .text.CDC_Control_FS
                0x08006d4c        0x4 Src\usbd_cdc_if.o
 .text.CDC_Receive_FS
                0x08006d50       0x1c Src\usbd_cdc_if.o
 .text.CDC_Init_FS
                0x08006d6c       0x28 Src\usbd_cdc_if.o
 .text.HAL_PCD_MspInit
                0x08006d94       0x5c Src\usbd_conf.o
                0x08006d94                HAL_PCD_MspInit
 .text.HAL_PCD_SetupStageCallback
                0x08006df0        0xc Src\usbd_conf.o
                0x08006df0                HAL_PCD_SetupStageCallback
 .text.HAL_PCD_DataOutStageCallback
                0x08006dfc       0x12 Src\usbd_conf.o
                0x08006dfc                HAL_PCD_DataOutStageCallback
 .text.HAL_PCD_DataInStageCallback
                0x08006e0e       0x10 Src\usbd_conf.o
                0x08006e0e                HAL_PCD_DataInStageCallback
 .text.HAL_PCD_SOFCallback
                0x08006e1e        0x8 Src\usbd_conf.o
                0x08006e1e                HAL_PCD_SOFCallback
 .text.HAL_PCD_ResetCallback
                0x08006e26       0x1a Src\usbd_conf.o
                0x08006e26                HAL_PCD_ResetCallback
 .text.HAL_PCD_SuspendCallback
                0x08006e40       0x20 Src\usbd_conf.o
                0x08006e40                HAL_PCD_SuspendCallback
 .text.HAL_PCD_ResumeCallback
                0x08006e60        0x8 Src\usbd_conf.o
                0x08006e60                HAL_PCD_ResumeCallback
 .text.USBD_LL_Init
                0x08006e68       0x90 Src\usbd_conf.o
                0x08006e68                USBD_LL_Init
 .text.USBD_LL_Start
                0x08006ef8       0x1c Src\usbd_conf.o
                0x08006ef8                USBD_LL_Start
 .text.USBD_LL_OpenEP
                0x08006f14       0x20 Src\usbd_conf.o
                0x08006f14                USBD_LL_OpenEP
 .text.USBD_LL_CloseEP
                0x08006f34       0x1c Src\usbd_conf.o
                0x08006f34                USBD_LL_CloseEP
 .text.USBD_LL_StallEP
                0x08006f50       0x1c Src\usbd_conf.o
                0x08006f50                USBD_LL_StallEP
 .text.USBD_LL_ClearStallEP
                0x08006f6c       0x1c Src\usbd_conf.o
                0x08006f6c                USBD_LL_ClearStallEP
 .text.USBD_LL_IsStallEP
                0x08006f88       0x26 Src\usbd_conf.o
                0x08006f88                USBD_LL_IsStallEP
 *fill*         0x08006fae        0x2 
 .text.USBD_LL_SetUSBAddress
                0x08006fb0       0x1c Src\usbd_conf.o
                0x08006fb0                USBD_LL_SetUSBAddress
 .text.USBD_LL_Transmit
                0x08006fcc       0x1c Src\usbd_conf.o
                0x08006fcc                USBD_LL_Transmit
 .text.USBD_LL_PrepareReceive
                0x08006fe8       0x1c Src\usbd_conf.o
                0x08006fe8                USBD_LL_PrepareReceive
 .text.USBD_LL_GetRxDataSize
                0x08007004        0xc Src\usbd_conf.o
                0x08007004                USBD_LL_GetRxDataSize
 .text.USBD_static_malloc
                0x08007010        0x8 Src\usbd_conf.o
                0x08007010                USBD_static_malloc
 .text.USBD_static_free
                0x08007018        0x2 Src\usbd_conf.o
                0x08007018                USBD_static_free
 .text.HAL_PCDEx_SetConnectionState
                0x0800701a        0x2 Src\usbd_conf.o
                0x0800701a                HAL_PCDEx_SetConnectionState
 .text.USBD_FS_DeviceDescriptor
                0x0800701c        0xc Src\usbd_desc.o
                0x0800701c                USBD_FS_DeviceDescriptor
 .text.USBD_FS_LangIDStrDescriptor
                0x08007028        0xc Src\usbd_desc.o
                0x08007028                USBD_FS_LangIDStrDescriptor
 .text.USBD_FS_ManufacturerStrDescriptor
                0x08007034       0x1c Src\usbd_desc.o
                0x08007034                USBD_FS_ManufacturerStrDescriptor
 .text.USBD_FS_ProductStrDescriptor
                0x08007050       0x1c Src\usbd_desc.o
                0x08007050                USBD_FS_ProductStrDescriptor
 .text.USBD_FS_SerialStrDescriptor
                0x0800706c       0x1c Src\usbd_desc.o
                0x0800706c                USBD_FS_SerialStrDescriptor
 .text.USBD_FS_ConfigStrDescriptor
                0x08007088       0x1c Src\usbd_desc.o
                0x08007088                USBD_FS_ConfigStrDescriptor
 .text.USBD_FS_InterfaceStrDescriptor
                0x080070a4       0x1c Src\usbd_desc.o
                0x080070a4                USBD_FS_InterfaceStrDescriptor
 .text.Reset_Handler
                0x080070c0       0x50 startup\startup_stm32f303xc.o
                0x080070c0                Reset_Handler
 .text.Default_Handler
                0x08007110        0x2 startup\startup_stm32f303xc.o
                0x08007110                RTC_Alarm_IRQHandler
                0x08007110                TIM8_TRG_COM_IRQHandler
                0x08007110                TIM8_CC_IRQHandler
                0x08007110                DebugMon_Handler
                0x08007110                TIM1_CC_IRQHandler
                0x08007110                HardFault_Handler
                0x08007110                USB_HP_IRQHandler
                0x08007110                PVD_IRQHandler
                0x08007110                TAMP_STAMP_IRQHandler
                0x08007110                NMI_Handler
                0x08007110                EXTI3_IRQHandler
                0x08007110                USB_HP_CAN_TX_IRQHandler
                0x08007110                EXTI0_IRQHandler
                0x08007110                I2C2_EV_IRQHandler
                0x08007110                FPU_IRQHandler
                0x08007110                TIM1_UP_TIM16_IRQHandler
                0x08007110                UsageFault_Handler
                0x08007110                CAN_SCE_IRQHandler
                0x08007110                TIM6_DAC_IRQHandler
                0x08007110                TIM8_UP_IRQHandler
                0x08007110                DMA2_Channel2_IRQHandler
                0x08007110                DMA1_Channel4_IRQHandler
                0x08007110                USART3_IRQHandler
                0x08007110                DMA1_Channel7_IRQHandler
                0x08007110                UART5_IRQHandler
                0x08007110                ADC3_IRQHandler
                0x08007110                TIM4_IRQHandler
                0x08007110                CAN_RX1_IRQHandler
                0x08007110                DMA1_Channel6_IRQHandler
                0x08007110                UART4_IRQHandler
                0x08007110                DMA2_Channel4_IRQHandler
                0x08007110                TIM3_IRQHandler
                0x08007110                RCC_IRQHandler
                0x08007110                Default_Handler
                0x08007110                USBWakeUp_RMP_IRQHandler
                0x08007110                EXTI15_10_IRQHandler
                0x08007110                TIM7_IRQHandler
                0x08007110                EXTI9_5_IRQHandler
                0x08007110                RTC_WKUP_IRQHandler
                0x08007110                SPI2_IRQHandler
                0x08007110                MemManage_Handler
                0x08007110                DMA2_Channel5_IRQHandler
                0x08007110                DMA1_Channel5_IRQHandler
                0x08007110                USB_LP_IRQHandler
                0x08007110                EXTI4_IRQHandler
                0x08007110                TIM1_TRG_COM_TIM17_IRQHandler
                0x08007110                DMA1_Channel3_IRQHandler
                0x08007110                ADC4_IRQHandler
                0x08007110                WWDG_IRQHandler
                0x08007110                TIM2_IRQHandler
                0x08007110                COMP7_IRQHandler
                0x08007110                COMP1_2_3_IRQHandler
                0x08007110                EXTI1_IRQHandler
                0x08007110                USART2_IRQHandler
                0x08007110                COMP4_5_6_IRQHandler
                0x08007110                I2C2_ER_IRQHandler
                0x08007110                DMA1_Channel2_IRQHandler
                0x08007110                TIM8_BRK_IRQHandler
                0x08007110                FLASH_IRQHandler
                0x08007110                BusFault_Handler
                0x08007110                SPI3_IRQHandler
                0x08007110                USBWakeUp_IRQHandler
                0x08007110                DMA2_Channel3_IRQHandler
                0x08007110                EXTI2_TSC_IRQHandler
                0x08007110                TIM1_BRK_TIM15_IRQHandler
 *fill*         0x08007112        0x2 
 .text.__libc_init_array
                0x08007114       0x48 c:/program files (x86)/atollic/truestudio for stm32 9.0.0/armtools/bin/../lib/gcc/arm-atollic-eabi/6.3.1/../../../../arm-atollic-eabi/lib/armv7e-m/fpu\libc_nano.a(lib_a-init.o)
                0x08007114                __libc_init_array
 .text.memcpy   0x0800715c       0x16 c:/program files (x86)/atollic/truestudio for stm32 9.0.0/armtools/bin/../lib/gcc/arm-atollic-eabi/6.3.1/../../../../arm-atollic-eabi/lib/armv7e-m/fpu\libc_nano.a(lib_a-memcpy-stub.o)
                0x0800715c                memcpy
 .text.memset   0x08007172       0x10 c:/program files (x86)/atollic/truestudio for stm32 9.0.0/armtools/bin/../lib/gcc/arm-atollic-eabi/6.3.1/../../../../arm-atollic-eabi/lib/armv7e-m/fpu\libc_nano.a(lib_a-memset.o)
                0x08007172                memset
 *fill*         0x08007182        0x2 
 .text.sprintf  0x08007184       0x48 c:/program files (x86)/atollic/truestudio for stm32 9.0.0/armtools/bin/../lib/gcc/arm-atollic-eabi/6.3.1/../../../../arm-atollic-eabi/lib/armv7e-m/fpu\libc_nano.a(lib_a-sprintf.o)
                0x08007184                siprintf
                0x08007184                sprintf
 .text.__ssputs_r
                0x080071cc       0xb6 c:/program files (x86)/atollic/truestudio for stm32 9.0.0/armtools/bin/../lib/gcc/arm-atollic-eabi/6.3.1/../../../../arm-atollic-eabi/lib/armv7e-m/fpu\libc_nano.a(lib_a-nano-svfprintf.o)
                0x080071cc                __ssputs_r
 *fill*         0x08007282        0x2 
 .text._svfprintf_r
                0x08007284      0x1e8 c:/program files (x86)/atollic/truestudio for stm32 9.0.0/armtools/bin/../lib/gcc/arm-atollic-eabi/6.3.1/../../../../arm-atollic-eabi/lib/armv7e-m/fpu\libc_nano.a(lib_a-nano-svfprintf.o)
                0x08007284                _svfiprintf_r
                0x08007284                _svfprintf_r
 .text._printf_common
                0x0800746c       0xec c:/program files (x86)/atollic/truestudio for stm32 9.0.0/armtools/bin/../lib/gcc/arm-atollic-eabi/6.3.1/../../../../arm-atollic-eabi/lib/armv7e-m/fpu\libc_nano.a(lib_a-nano-vfprintf_i.o)
                0x0800746c                _printf_common
 .text._printf_i
                0x08007558      0x240 c:/program files (x86)/atollic/truestudio for stm32 9.0.0/armtools/bin/../lib/gcc/arm-atollic-eabi/6.3.1/../../../../arm-atollic-eabi/lib/armv7e-m/fpu\libc_nano.a(lib_a-nano-vfprintf_i.o)
                0x08007558                _printf_i
 .text.memmove  0x08007798       0x34 c:/program files (x86)/atollic/truestudio for stm32 9.0.0/armtools/bin/../lib/gcc/arm-atollic-eabi/6.3.1/../../../../arm-atollic-eabi/lib/armv7e-m/fpu\libc_nano.a(lib_a-memmove.o)
                0x08007798                memmove
 .text._free_r  0x080077cc       0x9c c:/program files (x86)/atollic/truestudio for stm32 9.0.0/armtools/bin/../lib/gcc/arm-atollic-eabi/6.3.1/../../../../arm-atollic-eabi/lib/armv7e-m/fpu\libc_nano.a(lib_a-nano-freer.o)
                0x080077cc                _free_r
 .text._malloc_r
                0x08007868       0xbc c:/program files (x86)/atollic/truestudio for stm32 9.0.0/armtools/bin/../lib/gcc/arm-atollic-eabi/6.3.1/../../../../arm-atollic-eabi/lib/armv7e-m/fpu\libc_nano.a(lib_a-nano-mallocr.o)
                0x08007868                _malloc_r
 .text._realloc_r
                0x08007924       0x4c c:/program files (x86)/atollic/truestudio for stm32 9.0.0/armtools/bin/../lib/gcc/arm-atollic-eabi/6.3.1/../../../../arm-atollic-eabi/lib/armv7e-m/fpu\libc_nano.a(lib_a-nano-reallocr.o)
                0x08007924                _realloc_r
 .text._sbrk_r  0x08007970       0x20 c:/program files (x86)/atollic/truestudio for stm32 9.0.0/armtools/bin/../lib/gcc/arm-atollic-eabi/6.3.1/../../../../arm-atollic-eabi/lib/armv7e-m/fpu\libc_nano.a(lib_a-sbrkr.o)
                0x08007970                _sbrk_r
 .text.__malloc_lock
                0x08007990        0x2 c:/program files (x86)/atollic/truestudio for stm32 9.0.0/armtools/bin/../lib/gcc/arm-atollic-eabi/6.3.1/../../../../arm-atollic-eabi/lib/armv7e-m/fpu\libc_nano.a(lib_a-mlock.o)
                0x08007990                __malloc_lock
 .text.__malloc_unlock
                0x08007992        0x2 c:/program files (x86)/atollic/truestudio for stm32 9.0.0/armtools/bin/../lib/gcc/arm-atollic-eabi/6.3.1/../../../../arm-atollic-eabi/lib/armv7e-m/fpu\libc_nano.a(lib_a-mlock.o)
                0x08007992                __malloc_unlock
 .text._malloc_usable_size_r
                0x08007994       0x12 c:/program files (x86)/atollic/truestudio for stm32 9.0.0/armtools/bin/../lib/gcc/arm-atollic-eabi/6.3.1/../../../../arm-atollic-eabi/lib/armv7e-m/fpu\libc_nano.a(lib_a-nano-msizer.o)
                0x08007994                _malloc_usable_size_r
 *fill*         0x080079a6        0x2 
 .text._sbrk    0x080079a8       0x1c c:/program files (x86)/atollic/truestudio for stm32 9.0.0/armtools/bin/../lib/gcc/arm-atollic-eabi/6.3.1/../../../../arm-atollic-eabi/lib/armv7e-m/fpu\libnosys.a(sbrk.o)
                0x080079a8                _sbrk
 *(.glue_7)
 .glue_7        0x080079c4        0x0 linker stubs
 *(.glue_7t)
 .glue_7t       0x080079c4        0x0 linker stubs
 *(.eh_frame)
 .eh_frame      0x080079c4        0x0 c:/program files (x86)/atollic/truestudio for stm32 9.0.0/armtools/bin/../lib/gcc/arm-atollic-eabi/6.3.1/armv7e-m/fpu/crtbegin.o
 *(.init)
 .init          0x080079c4        0x4 c:/program files (x86)/atollic/truestudio for stm32 9.0.0/armtools/bin/../lib/gcc/arm-atollic-eabi/6.3.1/armv7e-m/fpu/crti.o
                0x080079c4                _init
 .init          0x080079c8        0x8 c:/program files (x86)/atollic/truestudio for stm32 9.0.0/armtools/bin/../lib/gcc/arm-atollic-eabi/6.3.1/armv7e-m/fpu/crtn.o
 *(.fini)
 .fini          0x080079d0        0x4 c:/program files (x86)/atollic/truestudio for stm32 9.0.0/armtools/bin/../lib/gcc/arm-atollic-eabi/6.3.1/armv7e-m/fpu/crti.o
                0x080079d0                _fini
 .fini          0x080079d4        0x8 c:/program files (x86)/atollic/truestudio for stm32 9.0.0/armtools/bin/../lib/gcc/arm-atollic-eabi/6.3.1/armv7e-m/fpu/crtn.o
                0x080079dc                . = ALIGN (0x4)
                0x080079dc                _etext = .

.vfp11_veneer   0x080079dc        0x0
 .vfp11_veneer  0x080079dc        0x0 linker stubs

.v4_bx          0x080079dc        0x0
 .v4_bx         0x080079dc        0x0 linker stubs

.iplt           0x080079dc        0x0
 .iplt          0x080079dc        0x0 c:/program files (x86)/atollic/truestudio for stm32 9.0.0/armtools/bin/../lib/gcc/arm-atollic-eabi/6.3.1/armv7e-m/fpu/crtbegin.o

.rodata         0x080079dc      0x240
                0x080079dc                . = ALIGN (0x4)
 *(.rodata)
 .rodata        0x080079dc       0x38 Src\main.o
 *(.rodata*)
 .rodata.aPLLMULFactorTable
                0x08007a14       0x10 Drivers\STM32F3xx_HAL_Driver\Src\stm32f3xx_hal_rcc.o
                0x08007a14                aPLLMULFactorTable
 .rodata.aPredivFactorTable
                0x08007a24       0x10 Drivers\STM32F3xx_HAL_Driver\Src\stm32f3xx_hal_rcc.o
                0x08007a24                aPredivFactorTable
 .rodata.CSWTCH.45
                0x08007a34        0x4 Drivers\STM32F3xx_HAL_Driver\Src\stm32f3xx_hal_uart.o
 .rodata.osTimerCreate.str1.1
                0x08007a38        0x0 Middlewares\Third_Party\FreeRTOS\Source\CMSIS_RTOS\cmsis_os.o
                                  0x1 (size before relaxing)
 .rodata.vTaskStartScheduler.str1.1
                0x08007a38        0x5 Middlewares\Third_Party\FreeRTOS\Source\tasks.o
 .rodata.prvCheckForValidListAndQueue.str1.1
                0x08007a3d        0x5 Middlewares\Third_Party\FreeRTOS\Source\timers.o
 .rodata.xTimerCreateTimerTask.str1.1
                0x08007a42        0x8 Middlewares\Third_Party\FreeRTOS\Source\timers.o
 .rodata.print.str1.1
                0x08007a4a        0x7 Src\Libs\debug.o
 .rodata.main.str1.1
                0x08007a51       0x36 Src\main.o
 .rodata.str1.1
                0x08007a87       0x14 Src\main.o
 .rodata.HAL_ADC_MspInit.str1.1
                0x08007a9b       0x1b Src\stm32f3xx_hal_msp.o
 .rodata.AHBPrescTable
                0x08007ab6       0x10 Src\system_stm32f3xx.o
                0x08007ab6                AHBPrescTable
 .rodata.APBPrescTable
                0x08007ac6        0x8 Src\system_stm32f3xx.o
                0x08007ac6                APBPrescTable
 .rodata.DefaultTask.str1.1
                0x08007ace       0x17 Src\tasks.o
 .rodata.ADC2_Test.str1.1
                0x08007ae5       0x4a Src\tests.o
 .rodata.DMA1_Test.str1.1
                0x08007b2f       0x54 Src\tests.o
 .rodata.CSWTCH.39
                0x08007b83        0x4 Src\usbd_conf.o
 .rodata.USBD_LL_Init.str1.1
                0x08007b87       0x13 Src\usbd_conf.o
 .rodata.USBD_FS_ConfigStrDescriptor.str1.1
                0x08007b9a        0xb Src\usbd_desc.o
 .rodata.USBD_FS_InterfaceStrDescriptor.str1.1
                0x08007ba5        0xe Src\usbd_desc.o
 .rodata.USBD_FS_ManufacturerStrDescriptor.str1.1
                0x08007bb3       0x13 Src\usbd_desc.o
 .rodata.USBD_FS_ProductStrDescriptor.str1.1
                0x08007bc6       0x16 Src\usbd_desc.o
 .rodata.USBD_FS_SerialStrDescriptor.str1.1
                0x08007bdc        0xd Src\usbd_desc.o
 .rodata._svfprintf_r.str1.1
                0x08007be9       0x11 c:/program files (x86)/atollic/truestudio for stm32 9.0.0/armtools/bin/../lib/gcc/arm-atollic-eabi/6.3.1/../../../../arm-atollic-eabi/lib/armv7e-m/fpu\libc_nano.a(lib_a-nano-svfprintf.o)
 .rodata._printf_i.str1.1
                0x08007bfa       0x22 c:/program files (x86)/atollic/truestudio for stm32 9.0.0/armtools/bin/../lib/gcc/arm-atollic-eabi/6.3.1/../../../../arm-atollic-eabi/lib/armv7e-m/fpu\libc_nano.a(lib_a-nano-vfprintf_i.o)
                0x08007c1c                . = ALIGN (0x4)

.rel.dyn        0x08007c1c        0x0
 .rel.iplt      0x08007c1c        0x0 c:/program files (x86)/atollic/truestudio for stm32 9.0.0/armtools/bin/../lib/gcc/arm-atollic-eabi/6.3.1/armv7e-m/fpu/crtbegin.o

.ARM.extab
 *(.ARM.extab* .gnu.linkonce.armextab.*)

.ARM            0x08007c1c        0x0
                0x08007c1c                __exidx_start = .
 *(.ARM.exidx*)
                0x08007c1c                __exidx_end = .

.preinit_array  0x08007c1c        0x0
                0x08007c1c                PROVIDE (__preinit_array_start, .)
 *(.preinit_array*)
                0x08007c1c                PROVIDE (__preinit_array_end, .)

.init_array     0x08007c1c        0x4
                0x08007c1c                PROVIDE (__init_array_start, .)
 *(SORT(.init_array.*))
 *(.init_array*)
 .init_array    0x08007c1c        0x4 c:/program files (x86)/atollic/truestudio for stm32 9.0.0/armtools/bin/../lib/gcc/arm-atollic-eabi/6.3.1/armv7e-m/fpu/crtbegin.o
                0x08007c20                PROVIDE (__init_array_end, .)

.fini_array     0x08007c20        0x4
                [!provide]                PROVIDE (__fini_array_start, .)
 *(SORT(.fini_array.*))
 *(.fini_array*)
 .fini_array    0x08007c20        0x4 c:/program files (x86)/atollic/truestudio for stm32 9.0.0/armtools/bin/../lib/gcc/arm-atollic-eabi/6.3.1/armv7e-m/fpu/crtbegin.o
                [!provide]                PROVIDE (__fini_array_end, .)
                0x08007c24                _sidata = LOADADDR (.data)

.data           0x20000000      0x1d4 load address 0x08007c24
                0x20000000                . = ALIGN (0x4)
                0x20000000                _sdata = .
 *(.data)
 *(.data*)
 .data.USBD_CDC
                0x20000000       0x38 Middlewares\ST\STM32_USB_Device_Library\Class\CDC\Src\usbd_cdc.o
                0x20000000                USBD_CDC
 .data.USBD_CDC_CfgFSDesc
                0x20000038       0x43 Middlewares\ST\STM32_USB_Device_Library\Class\CDC\Src\usbd_cdc.o
                0x20000038                USBD_CDC_CfgFSDesc
 *fill*         0x2000007b        0x1 
 .data.USBD_CDC_CfgHSDesc
                0x2000007c       0x43 Middlewares\ST\STM32_USB_Device_Library\Class\CDC\Src\usbd_cdc.o
                0x2000007c                USBD_CDC_CfgHSDesc
 *fill*         0x200000bf        0x1 
 .data.USBD_CDC_DeviceQualifierDesc
                0x200000c0        0xa Middlewares\ST\STM32_USB_Device_Library\Class\CDC\Src\usbd_cdc.o
 *fill*         0x200000ca        0x2 
 .data.USBD_CDC_OtherSpeedCfgDesc
                0x200000cc       0x43 Middlewares\ST\STM32_USB_Device_Library\Class\CDC\Src\usbd_cdc.o
                0x200000cc                USBD_CDC_OtherSpeedCfgDesc
 *fill*         0x2000010f        0x1 
 .data.uxCriticalNesting
                0x20000110        0x4 Middlewares\Third_Party\FreeRTOS\Source\portable\GCC\ARM_CM4F\port.o
 .data.DWT_CONTROL
                0x20000114        0x4 Src\Libs\cycle_counter.o
                0x20000114                DWT_CONTROL
 .data.DWT_CYCCNT
                0x20000118        0x4 Src\Libs\cycle_counter.o
                0x20000118                DWT_CYCCNT
 .data.SCB_DEMCR
                0x2000011c        0x4 Src\Libs\cycle_counter.o
                0x2000011c                SCB_DEMCR
 .data.SystemCoreClock
                0x20000120        0x4 Src\system_stm32f3xx.o
                0x20000120                SystemCoreClock
 .data.length   0x20000124        0x4 Src\tests.o
 .data.startVal
                0x20000128        0x4 Src\tests.o
 .data.USBD_Interface_fops_FS
                0x2000012c       0x10 Src\usbd_cdc_if.o
                0x2000012c                USBD_Interface_fops_FS
 .data.FS_Desc  0x2000013c       0x1c Src\usbd_desc.o
                0x2000013c                FS_Desc
 .data.USBD_FS_DeviceDesc
                0x20000158       0x12 Src\usbd_desc.o
                0x20000158                USBD_FS_DeviceDesc
 *fill*         0x2000016a        0x2 
 .data.USBD_LangIDDesc
                0x2000016c        0x4 Src\usbd_desc.o
                0x2000016c                USBD_LangIDDesc
 .data._impure_ptr
                0x20000170        0x4 c:/program files (x86)/atollic/truestudio for stm32 9.0.0/armtools/bin/../lib/gcc/arm-atollic-eabi/6.3.1/../../../../arm-atollic-eabi/lib/armv7e-m/fpu\libc_nano.a(lib_a-impure.o)
                0x20000170                _impure_ptr
 .data.impure_data
                0x20000174       0x60 c:/program files (x86)/atollic/truestudio for stm32 9.0.0/armtools/bin/../lib/gcc/arm-atollic-eabi/6.3.1/../../../../arm-atollic-eabi/lib/armv7e-m/fpu\libc_nano.a(lib_a-impure.o)
                0x200001d4                . = ALIGN (0x4)
                0x200001d4                _edata = .
                0x08007df8                _siccmram = LOADADDR (.ccmram)

.igot.plt       0x200001d4        0x0 load address 0x08007df8
 .igot.plt      0x200001d4        0x0 c:/program files (x86)/atollic/truestudio for stm32 9.0.0/armtools/bin/../lib/gcc/arm-atollic-eabi/6.3.1/armv7e-m/fpu/crtbegin.o

.ccmram         0x10000000        0x0 load address 0x08007df8
                0x10000000                . = ALIGN (0x4)
                0x10000000                _sccmram = .
 *(.ccmram)
 *(.ccmram*)
                0x10000000                . = ALIGN (0x4)
                0x10000000                _eccmram = .
                0x10000000                . = ALIGN (0x4)

.bss            0x200001d4     0x3170
                0x200001d4                _sbss = .
                0x200001d4                __bss_start__ = _sbss
 *(.bss)
 .bss           0x200001d4       0x1c c:/program files (x86)/atollic/truestudio for stm32 9.0.0/armtools/bin/../lib/gcc/arm-atollic-eabi/6.3.1/armv7e-m/fpu/crtbegin.o
 *(.bss*)
 .bss.ifalt.9826
                0x200001f0        0x1 Middlewares\ST\STM32_USB_Device_Library\Class\CDC\Src\usbd_cdc.o
 .bss.cfgidx.9831
                0x200001f1        0x1 Middlewares\ST\STM32_USB_Device_Library\Core\Src\usbd_ctlreq.o
 .bss.ucMaxSysCallPriority
                0x200001f2        0x1 Middlewares\Third_Party\FreeRTOS\Source\portable\GCC\ARM_CM4F\port.o
 *fill*         0x200001f3        0x1 
 .bss.ulMaxPRIGROUPValue
                0x200001f4        0x4 Middlewares\Third_Party\FreeRTOS\Source\portable\GCC\ARM_CM4F\port.o
 .bss.pxEnd     0x200001f8        0x4 Middlewares\Third_Party\FreeRTOS\Source\portable\MemMang\heap_4.o
 .bss.ucHeap    0x200001fc     0x1000 Middlewares\Third_Party\FreeRTOS\Source\portable\MemMang\heap_4.o
 .bss.xBlockAllocatedBit
                0x200011fc        0x4 Middlewares\Third_Party\FreeRTOS\Source\portable\MemMang\heap_4.o
 .bss.xFreeBytesRemaining
                0x20001200        0x4 Middlewares\Third_Party\FreeRTOS\Source\portable\MemMang\heap_4.o
 .bss.xMinimumEverFreeBytesRemaining
                0x20001204        0x4 Middlewares\Third_Party\FreeRTOS\Source\portable\MemMang\heap_4.o
 .bss.xStart    0x20001208        0x8 Middlewares\Third_Party\FreeRTOS\Source\portable\MemMang\heap_4.o
 .bss.pxCurrentTCB
                0x20001210        0x4 Middlewares\Third_Party\FreeRTOS\Source\tasks.o
                0x20001210                pxCurrentTCB
 .bss.pxDelayedTaskList
                0x20001214        0x4 Middlewares\Third_Party\FreeRTOS\Source\tasks.o
 .bss.pxOverflowDelayedTaskList
                0x20001218        0x4 Middlewares\Third_Party\FreeRTOS\Source\tasks.o
 .bss.pxReadyTasksLists
                0x2000121c       0x8c Middlewares\Third_Party\FreeRTOS\Source\tasks.o
 .bss.uxCurrentNumberOfTasks
                0x200012a8        0x4 Middlewares\Third_Party\FreeRTOS\Source\tasks.o
 .bss.uxDeletedTasksWaitingCleanUp
                0x200012ac        0x4 Middlewares\Third_Party\FreeRTOS\Source\tasks.o
 .bss.uxPendedTicks
                0x200012b0        0x4 Middlewares\Third_Party\FreeRTOS\Source\tasks.o
 .bss.uxSchedulerSuspended
                0x200012b4        0x4 Middlewares\Third_Party\FreeRTOS\Source\tasks.o
 .bss.uxTaskNumber
                0x200012b8        0x4 Middlewares\Third_Party\FreeRTOS\Source\tasks.o
 .bss.uxTopReadyPriority
                0x200012bc        0x4 Middlewares\Third_Party\FreeRTOS\Source\tasks.o
 .bss.xDelayedTaskList1
                0x200012c0       0x14 Middlewares\Third_Party\FreeRTOS\Source\tasks.o
 .bss.xDelayedTaskList2
                0x200012d4       0x14 Middlewares\Third_Party\FreeRTOS\Source\tasks.o
 .bss.xNextTaskUnblockTime
                0x200012e8        0x4 Middlewares\Third_Party\FreeRTOS\Source\tasks.o
 .bss.xNumOfOverflows
                0x200012ec        0x4 Middlewares\Third_Party\FreeRTOS\Source\tasks.o
 .bss.xPendingReadyList
                0x200012f0       0x14 Middlewares\Third_Party\FreeRTOS\Source\tasks.o
 .bss.xSchedulerRunning
                0x20001304        0x4 Middlewares\Third_Party\FreeRTOS\Source\tasks.o
 .bss.xSuspendedTaskList
                0x20001308       0x14 Middlewares\Third_Party\FreeRTOS\Source\tasks.o
 .bss.xTasksWaitingTermination
                0x2000131c       0x14 Middlewares\Third_Party\FreeRTOS\Source\tasks.o
 .bss.xTickCount
                0x20001330        0x4 Middlewares\Third_Party\FreeRTOS\Source\tasks.o
 .bss.xYieldPending
                0x20001334        0x4 Middlewares\Third_Party\FreeRTOS\Source\tasks.o
 .bss.pxCurrentTimerList
                0x20001338        0x4 Middlewares\Third_Party\FreeRTOS\Source\timers.o
 .bss.pxOverflowTimerList
                0x2000133c        0x4 Middlewares\Third_Party\FreeRTOS\Source\timers.o
 .bss.ucStaticTimerQueueStorage.6609
                0x20001340       0x78 Middlewares\Third_Party\FreeRTOS\Source\timers.o
 .bss.xActiveTimerList1
                0x200013b8       0x14 Middlewares\Third_Party\FreeRTOS\Source\timers.o
 .bss.xActiveTimerList2
                0x200013cc       0x14 Middlewares\Third_Party\FreeRTOS\Source\timers.o
 .bss.xLastTime.6560
                0x200013e0        0x4 Middlewares\Third_Party\FreeRTOS\Source\timers.o
 .bss.xStaticTimerQueue.6608
                0x200013e4       0x48 Middlewares\Third_Party\FreeRTOS\Source\timers.o
 .bss.xTimerQueue
                0x2000142c        0x4 Middlewares\Third_Party\FreeRTOS\Source\timers.o
 .bss.xTimerTaskHandle
                0x20001430        0x4 Middlewares\Third_Party\FreeRTOS\Source\timers.o
 .bss.xIdleStack
                0x20001434      0x200 Src\freertos.o
 .bss.xIdleTaskTCBBuffer
                0x20001634       0x54 Src\freertos.o
 .bss.xTimerStack
                0x20001688      0x400 Src\freertos.o
 .bss.xTimerTaskTCBBuffer
                0x20001a88       0x54 Src\freertos.o
 .bss.ADC2_Chan15_EOS
                0x20001adc        0x4 Src\tests.o
                0x20001adc                ADC2_Chan15_EOS
 .bss.adc_val   0x20001ae0        0x4 Src\tests.o
 .bss.dst_buf   0x20001ae4      0x200 Src\tests.o
 .bss.src_buf   0x20001ce4      0x200 Src\tests.o
 .bss.mem.9986  0x20001ee4      0x220 Src\usbd_conf.o
 .bss.__malloc_free_list
                0x20002104        0x4 c:/program files (x86)/atollic/truestudio for stm32 9.0.0/armtools/bin/../lib/gcc/arm-atollic-eabi/6.3.1/../../../../arm-atollic-eabi/lib/armv7e-m/fpu\libc_nano.a(lib_a-nano-mallocr.o)
                0x20002104                __malloc_free_list
 .bss.__malloc_sbrk_start
                0x20002108        0x4 c:/program files (x86)/atollic/truestudio for stm32 9.0.0/armtools/bin/../lib/gcc/arm-atollic-eabi/6.3.1/../../../../arm-atollic-eabi/lib/armv7e-m/fpu\libc_nano.a(lib_a-nano-mallocr.o)
                0x20002108                __malloc_sbrk_start
 .bss.heap_end.5239
                0x2000210c        0x4 c:/program files (x86)/atollic/truestudio for stm32 9.0.0/armtools/bin/../lib/gcc/arm-atollic-eabi/6.3.1/../../../../arm-atollic-eabi/lib/armv7e-m/fpu\libnosys.a(sbrk.o)
 *(COMMON)
 COMMON         0x20002110        0x4 Drivers\STM32F3xx_HAL_Driver\Src\stm32f3xx_hal.o
                0x20002110                uwTick
 COMMON         0x20002114       0x40 Middlewares\Third_Party\FreeRTOS\Source\queue.o
                0x20002114                xQueueRegistry
 COMMON         0x20002154      0x230 Src\main.o
                0x20002154                hadc2
                0x200021a8                hi2c1
                0x200021f4                hiwdg
                0x20002204                hcrc
                0x20002228                hdma1
                0x2000226c                huart1
                0x200022dc                hspi1
                0x20002340                hdma_adc2
 COMMON         0x20002384       0x1c Src\tasks.o
                0x20002384                DefaultTaskHandle
                0x20002388                SwTmr01Handle
                0x2000238c                dma1SemHandle
                0x20002390                rxChar
                0x20002394                myBinarySem01Handle
                0x20002398                ProcessCmdTaskHandle
                0x2000239c                lcdSemHandle
 COMMON         0x200023a0        0x4 Src\tests.o
                0x200023a0                val2
                0x200023a2                val1
 COMMON         0x200023a4      0x224 Src\usb_device.o
                0x200023a4                hUsbDeviceFS
 COMMON         0x200025c8      0x7d0 Src\usbd_cdc_if.o
                0x200025c8                UserRxBufferFS
                0x200029b0                UserTxBufferFS
 COMMON         0x20002d98      0x3a8 Src\usbd_conf.o
                0x20002d98                hpcd_USB_FS
 COMMON         0x20003140      0x200 Src\usbd_desc.o
                0x20003140                USBD_StrDesc
 COMMON         0x20003340        0x4 c:/program files (x86)/atollic/truestudio for stm32 9.0.0/armtools/bin/../lib/gcc/arm-atollic-eabi/6.3.1/../../../../arm-atollic-eabi/lib/armv7e-m/fpu\libc_nano.a(lib_a-reent.o)
                0x20003340                errno
                0x20003344                . = ALIGN (0x4)
                0x20003344                _ebss = .
                0x20003344                __bss_end__ = _ebss

._user_heap_stack
                0x20003344      0x600
                0x20003344                . = ALIGN (0x4)
                0x20003344                PROVIDE (end, .)
                [!provide]                PROVIDE (_end, .)
                0x20003544                . = (. + _Min_Heap_Size)
 *fill*         0x20003344      0x200 
                0x20003944                . = (. + _Min_Stack_Size)
 *fill*         0x20003544      0x400 
                0x20003944                . = ALIGN (0x4)

/DISCARD/
 libc.a(*)
 libm.a(*)
 libgcc.a(*)

.ARM.attributes
                0x00000000       0x30
 *(.ARM.attributes)
 .ARM.attributes
                0x00000000       0x22 c:/program files (x86)/atollic/truestudio for stm32 9.0.0/armtools/bin/../lib/gcc/arm-atollic-eabi/6.3.1/armv7e-m/fpu/crti.o
 .ARM.attributes
                0x00000022       0x34 c:/program files (x86)/atollic/truestudio for stm32 9.0.0/armtools/bin/../lib/gcc/arm-atollic-eabi/6.3.1/armv7e-m/fpu/crtbegin.o
 .ARM.attributes
                0x00000056       0x39 Drivers\STM32F3xx_HAL_Driver\Src\stm32f3xx_hal.o
 .ARM.attributes
                0x0000008f       0x39 Drivers\STM32F3xx_HAL_Driver\Src\stm32f3xx_hal_adc.o
 .ARM.attributes
                0x000000c8       0x39 Drivers\STM32F3xx_HAL_Driver\Src\stm32f3xx_hal_adc_ex.o
 .ARM.attributes
                0x00000101       0x39 Drivers\STM32F3xx_HAL_Driver\Src\stm32f3xx_hal_cortex.o
 .ARM.attributes
                0x0000013a       0x39 Drivers\STM32F3xx_HAL_Driver\Src\stm32f3xx_hal_crc.o
 .ARM.attributes
                0x00000173       0x39 Drivers\STM32F3xx_HAL_Driver\Src\stm32f3xx_hal_crc_ex.o
 .ARM.attributes
                0x000001ac       0x39 Drivers\STM32F3xx_HAL_Driver\Src\stm32f3xx_hal_dma.o
 .ARM.attributes
                0x000001e5       0x39 Drivers\STM32F3xx_HAL_Driver\Src\stm32f3xx_hal_gpio.o
 .ARM.attributes
                0x0000021e       0x39 Drivers\STM32F3xx_HAL_Driver\Src\stm32f3xx_hal_i2c.o
 .ARM.attributes
                0x00000257       0x39 Drivers\STM32F3xx_HAL_Driver\Src\stm32f3xx_hal_i2c_ex.o
 .ARM.attributes
                0x00000290       0x39 Drivers\STM32F3xx_HAL_Driver\Src\stm32f3xx_hal_iwdg.o
 .ARM.attributes
                0x000002c9       0x39 Drivers\STM32F3xx_HAL_Driver\Src\stm32f3xx_hal_pcd.o
 .ARM.attributes
                0x00000302       0x39 Drivers\STM32F3xx_HAL_Driver\Src\stm32f3xx_hal_pcd_ex.o
 .ARM.attributes
                0x0000033b       0x39 Drivers\STM32F3xx_HAL_Driver\Src\stm32f3xx_hal_rcc.o
 .ARM.attributes
                0x00000374       0x39 Drivers\STM32F3xx_HAL_Driver\Src\stm32f3xx_hal_rcc_ex.o
 .ARM.attributes
                0x000003ad       0x39 Drivers\STM32F3xx_HAL_Driver\Src\stm32f3xx_hal_spi.o
 .ARM.attributes
                0x000003e6       0x39 Drivers\STM32F3xx_HAL_Driver\Src\stm32f3xx_hal_uart.o
 .ARM.attributes
                0x0000041f       0x39 Middlewares\ST\STM32_USB_Device_Library\Class\CDC\Src\usbd_cdc.o
 .ARM.attributes
                0x00000458       0x39 Middlewares\ST\STM32_USB_Device_Library\Core\Src\usbd_core.o
 .ARM.attributes
                0x00000491       0x39 Middlewares\ST\STM32_USB_Device_Library\Core\Src\usbd_ctlreq.o
 .ARM.attributes
                0x000004ca       0x39 Middlewares\ST\STM32_USB_Device_Library\Core\Src\usbd_ioreq.o
 .ARM.attributes
                0x00000503       0x39 Middlewares\Third_Party\FreeRTOS\Source\CMSIS_RTOS\cmsis_os.o
 .ARM.attributes
                0x0000053c       0x39 Middlewares\Third_Party\FreeRTOS\Source\list.o
 .ARM.attributes
                0x00000575       0x39 Middlewares\Third_Party\FreeRTOS\Source\portable\GCC\ARM_CM4F\port.o
 .ARM.attributes
                0x000005ae       0x39 Middlewares\Third_Party\FreeRTOS\Source\portable\MemMang\heap_4.o
 .ARM.attributes
                0x000005e7       0x39 Middlewares\Third_Party\FreeRTOS\Source\queue.o
 .ARM.attributes
                0x00000620       0x39 Middlewares\Third_Party\FreeRTOS\Source\tasks.o
 .ARM.attributes
                0x00000659       0x39 Middlewares\Third_Party\FreeRTOS\Source\timers.o
 .ARM.attributes
                0x00000692       0x39 Src\Libs\cycle_counter.o
 .ARM.attributes
                0x000006cb       0x39 Src\Libs\debug.o
 .ARM.attributes
                0x00000704       0x39 Src\Libs\mylcd.o
 .ARM.attributes
                0x0000073d       0x39 Src\freertos.o
 .ARM.attributes
                0x00000776       0x39 Src\main.o
 .ARM.attributes
                0x000007af       0x39 Src\stm32f3xx_hal_msp.o
 .ARM.attributes
                0x000007e8       0x39 Src\stm32f3xx_it.o
 .ARM.attributes
                0x00000821       0x39 Src\system_stm32f3xx.o
 .ARM.attributes
                0x0000085a       0x39 Src\tasks.o
 .ARM.attributes
                0x00000893       0x39 Src\tests.o
 .ARM.attributes
                0x000008cc       0x39 Src\usb_device.o
 .ARM.attributes
                0x00000905       0x39 Src\usbd_cdc_if.o
 .ARM.attributes
                0x0000093e       0x39 Src\usbd_conf.o
 .ARM.attributes
                0x00000977       0x39 Src\usbd_desc.o
 .ARM.attributes
                0x000009b0       0x21 startup\startup_stm32f303xc.o
 .ARM.attributes
                0x000009d1       0x34 c:/program files (x86)/atollic/truestudio for stm32 9.0.0/armtools/bin/../lib/gcc/arm-atollic-eabi/6.3.1/../../../../arm-atollic-eabi/lib/armv7e-m/fpu\libc_nano.a(lib_a-init.o)
 .ARM.attributes
                0x00000a05       0x34 c:/program files (x86)/atollic/truestudio for stm32 9.0.0/armtools/bin/../lib/gcc/arm-atollic-eabi/6.3.1/../../../../arm-atollic-eabi/lib/armv7e-m/fpu\libc_nano.a(lib_a-memcpy-stub.o)
 .ARM.attributes
                0x00000a39       0x34 c:/program files (x86)/atollic/truestudio for stm32 9.0.0/armtools/bin/../lib/gcc/arm-atollic-eabi/6.3.1/../../../../arm-atollic-eabi/lib/armv7e-m/fpu\libc_nano.a(lib_a-memset.o)
 .ARM.attributes
                0x00000a6d       0x34 c:/program files (x86)/atollic/truestudio for stm32 9.0.0/armtools/bin/../lib/gcc/arm-atollic-eabi/6.3.1/../../../../arm-atollic-eabi/lib/armv7e-m/fpu\libc_nano.a(lib_a-sprintf.o)
 .ARM.attributes
                0x00000aa1       0x34 c:/program files (x86)/atollic/truestudio for stm32 9.0.0/armtools/bin/../lib/gcc/arm-atollic-eabi/6.3.1/../../../../arm-atollic-eabi/lib/armv7e-m/fpu\libc_nano.a(lib_a-impure.o)
 .ARM.attributes
                0x00000ad5       0x34 c:/program files (x86)/atollic/truestudio for stm32 9.0.0/armtools/bin/../lib/gcc/arm-atollic-eabi/6.3.1/../../../../arm-atollic-eabi/lib/armv7e-m/fpu\libc_nano.a(lib_a-nano-svfprintf.o)
 .ARM.attributes
                0x00000b09       0x34 c:/program files (x86)/atollic/truestudio for stm32 9.0.0/armtools/bin/../lib/gcc/arm-atollic-eabi/6.3.1/../../../../arm-atollic-eabi/lib/armv7e-m/fpu\libc_nano.a(lib_a-nano-vfprintf_i.o)
 .ARM.attributes
                0x00000b3d       0x20 c:/program files (x86)/atollic/truestudio for stm32 9.0.0/armtools/bin/../lib/gcc/arm-atollic-eabi/6.3.1/../../../../arm-atollic-eabi/lib/armv7e-m/fpu\libc_nano.a(lib_a-memchr.o)
 .ARM.attributes
                0x00000b5d       0x34 c:/program files (x86)/atollic/truestudio for stm32 9.0.0/armtools/bin/../lib/gcc/arm-atollic-eabi/6.3.1/../../../../arm-atollic-eabi/lib/armv7e-m/fpu\libc_nano.a(lib_a-memmove.o)
 .ARM.attributes
                0x00000b91       0x34 c:/program files (x86)/atollic/truestudio for stm32 9.0.0/armtools/bin/../lib/gcc/arm-atollic-eabi/6.3.1/../../../../arm-atollic-eabi/lib/armv7e-m/fpu\libc_nano.a(lib_a-nano-freer.o)
 .ARM.attributes
                0x00000bc5       0x34 c:/program files (x86)/atollic/truestudio for stm32 9.0.0/armtools/bin/../lib/gcc/arm-atollic-eabi/6.3.1/../../../../arm-atollic-eabi/lib/armv7e-m/fpu\libc_nano.a(lib_a-nano-mallocr.o)
 .ARM.attributes
                0x00000bf9       0x34 c:/program files (x86)/atollic/truestudio for stm32 9.0.0/armtools/bin/../lib/gcc/arm-atollic-eabi/6.3.1/../../../../arm-atollic-eabi/lib/armv7e-m/fpu\libc_nano.a(lib_a-nano-reallocr.o)
 .ARM.attributes
                0x00000c2d       0x34 c:/program files (x86)/atollic/truestudio for stm32 9.0.0/armtools/bin/../lib/gcc/arm-atollic-eabi/6.3.1/../../../../arm-atollic-eabi/lib/armv7e-m/fpu\libc_nano.a(lib_a-sbrkr.o)
 .ARM.attributes
                0x00000c61       0x34 c:/program files (x86)/atollic/truestudio for stm32 9.0.0/armtools/bin/../lib/gcc/arm-atollic-eabi/6.3.1/../../../../arm-atollic-eabi/lib/armv7e-m/fpu\libc_nano.a(lib_a-mlock.o)
 .ARM.attributes
                0x00000c95       0x34 c:/program files (x86)/atollic/truestudio for stm32 9.0.0/armtools/bin/../lib/gcc/arm-atollic-eabi/6.3.1/../../../../arm-atollic-eabi/lib/armv7e-m/fpu\libc_nano.a(lib_a-nano-msizer.o)
 .ARM.attributes
                0x00000cc9       0x34 c:/program files (x86)/atollic/truestudio for stm32 9.0.0/armtools/bin/../lib/gcc/arm-atollic-eabi/6.3.1/../../../../arm-atollic-eabi/lib/armv7e-m/fpu\libc_nano.a(lib_a-reent.o)
 .ARM.attributes
                0x00000cfd       0x34 c:/program files (x86)/atollic/truestudio for stm32 9.0.0/armtools/bin/../lib/gcc/arm-atollic-eabi/6.3.1/../../../../arm-atollic-eabi/lib/armv7e-m/fpu\libnosys.a(sbrk.o)
 .ARM.attributes
                0x00000d31       0x22 c:/program files (x86)/atollic/truestudio for stm32 9.0.0/armtools/bin/../lib/gcc/arm-atollic-eabi/6.3.1/armv7e-m/fpu/crtn.o
OUTPUT(STM32F3DISCO_RTOS_2.elf elf32-littlearm)

.debug_info     0x00000000    0x3b354
 .debug_info    0x00000000      0xfb0 Drivers\STM32F3xx_HAL_Driver\Src\stm32f3xx_hal.o
 .debug_info    0x00000fb0     0x12ee Drivers\STM32F3xx_HAL_Driver\Src\stm32f3xx_hal_adc.o
 .debug_info    0x0000229e     0x2279 Drivers\STM32F3xx_HAL_Driver\Src\stm32f3xx_hal_adc_ex.o
 .debug_info    0x00004517     0x16ae Drivers\STM32F3xx_HAL_Driver\Src\stm32f3xx_hal_cortex.o
 .debug_info    0x00005bc5      0xe12 Drivers\STM32F3xx_HAL_Driver\Src\stm32f3xx_hal_crc.o
 .debug_info    0x000069d7      0xbde Drivers\STM32F3xx_HAL_Driver\Src\stm32f3xx_hal_crc_ex.o
 .debug_info    0x000075b5     0x1039 Drivers\STM32F3xx_HAL_Driver\Src\stm32f3xx_hal_dma.o
 .debug_info    0x000085ee      0xee2 Drivers\STM32F3xx_HAL_Driver\Src\stm32f3xx_hal_gpio.o
 .debug_info    0x000094d0     0x3943 Drivers\STM32F3xx_HAL_Driver\Src\stm32f3xx_hal_i2c.o
 .debug_info    0x0000ce13     0x1098 Drivers\STM32F3xx_HAL_Driver\Src\stm32f3xx_hal_i2c_ex.o
 .debug_info    0x0000deab      0xac0 Drivers\STM32F3xx_HAL_Driver\Src\stm32f3xx_hal_iwdg.o
 .debug_info    0x0000e96b     0x199f Drivers\STM32F3xx_HAL_Driver\Src\stm32f3xx_hal_pcd.o
 .debug_info    0x0001030a      0xefc Drivers\STM32F3xx_HAL_Driver\Src\stm32f3xx_hal_pcd_ex.o
 .debug_info    0x00011206     0x1b01 Drivers\STM32F3xx_HAL_Driver\Src\stm32f3xx_hal_rcc.o
 .debug_info    0x00012d07      0xef8 Drivers\STM32F3xx_HAL_Driver\Src\stm32f3xx_hal_rcc_ex.o
 .debug_info    0x00013bff     0x27f3 Drivers\STM32F3xx_HAL_Driver\Src\stm32f3xx_hal_spi.o
 .debug_info    0x000163f2     0x2221 Drivers\STM32F3xx_HAL_Driver\Src\stm32f3xx_hal_uart.o
 .debug_info    0x00018613     0x14f6 Middlewares\ST\STM32_USB_Device_Library\Class\CDC\Src\usbd_cdc.o
 .debug_info    0x00019b09     0x1466 Middlewares\ST\STM32_USB_Device_Library\Core\Src\usbd_core.o
 .debug_info    0x0001af6f     0x1499 Middlewares\ST\STM32_USB_Device_Library\Core\Src\usbd_ctlreq.o
 .debug_info    0x0001c408      0xfc5 Middlewares\ST\STM32_USB_Device_Library\Core\Src\usbd_ioreq.o
 .debug_info    0x0001d3cd     0x2b98 Middlewares\Third_Party\FreeRTOS\Source\CMSIS_RTOS\cmsis_os.o
 .debug_info    0x0001ff65      0xac0 Middlewares\Third_Party\FreeRTOS\Source\list.o
 .debug_info    0x00020a25      0x531 Middlewares\Third_Party\FreeRTOS\Source\portable\GCC\ARM_CM4F\port.o
 .debug_info    0x00020f56      0xca5 Middlewares\Third_Party\FreeRTOS\Source\portable\MemMang\heap_4.o
 .debug_info    0x00021bfb     0x257f Middlewares\Third_Party\FreeRTOS\Source\queue.o
 .debug_info    0x0002417a     0x2e8d Middlewares\Third_Party\FreeRTOS\Source\tasks.o
 .debug_info    0x00027007     0x1e8f Middlewares\Third_Party\FreeRTOS\Source\timers.o
 .debug_info    0x00028e96       0xb3 Src\Libs\cycle_counter.o
 .debug_info    0x00028f49     0x12ae Src\Libs\debug.o
 .debug_info    0x0002a1f7      0xd8d Src\Libs\mylcd.o
 .debug_info    0x0002af84      0x2ec Src\freertos.o
 .debug_info    0x0002b270     0x3113 Src\main.o
 .debug_info    0x0002e383     0x239d Src\stm32f3xx_hal_msp.o
 .debug_info    0x00030720     0x1f01 Src\stm32f3xx_it.o
 .debug_info    0x00032621      0xc20 Src\system_stm32f3xx.o
 .debug_info    0x00033241     0x1b2f Src\tasks.o
 .debug_info    0x00034d70     0x1672 Src\tests.o
 .debug_info    0x000363e2      0xe80 Src\usb_device.o
 .debug_info    0x00037262     0x1090 Src\usbd_cdc_if.o
 .debug_info    0x000382f2     0x2243 Src\usbd_conf.o
 .debug_info    0x0003a535      0xd7a Src\usbd_desc.o
 .debug_info    0x0003b2af       0xa5 startup\startup_stm32f303xc.o

.debug_abbrev   0x00000000     0x7238
 .debug_abbrev  0x00000000      0x2b3 Drivers\STM32F3xx_HAL_Driver\Src\stm32f3xx_hal.o
 .debug_abbrev  0x000002b3      0x24c Drivers\STM32F3xx_HAL_Driver\Src\stm32f3xx_hal_adc.o
 .debug_abbrev  0x000004ff      0x34a Drivers\STM32F3xx_HAL_Driver\Src\stm32f3xx_hal_adc_ex.o
 .debug_abbrev  0x00000849      0x37d Drivers\STM32F3xx_HAL_Driver\Src\stm32f3xx_hal_cortex.o
 .debug_abbrev  0x00000bc6      0x2ae Drivers\STM32F3xx_HAL_Driver\Src\stm32f3xx_hal_crc.o
 .debug_abbrev  0x00000e74      0x1e8 Drivers\STM32F3xx_HAL_Driver\Src\stm32f3xx_hal_crc_ex.o
 .debug_abbrev  0x0000105c      0x2b2 Drivers\STM32F3xx_HAL_Driver\Src\stm32f3xx_hal_dma.o
 .debug_abbrev  0x0000130e      0x268 Drivers\STM32F3xx_HAL_Driver\Src\stm32f3xx_hal_gpio.o
 .debug_abbrev  0x00001576      0x3b8 Drivers\STM32F3xx_HAL_Driver\Src\stm32f3xx_hal_i2c.o
 .debug_abbrev  0x0000192e      0x218 Drivers\STM32F3xx_HAL_Driver\Src\stm32f3xx_hal_i2c_ex.o
 .debug_abbrev  0x00001b46      0x1e4 Drivers\STM32F3xx_HAL_Driver\Src\stm32f3xx_hal_iwdg.o
 .debug_abbrev  0x00001d2a      0x3c4 Drivers\STM32F3xx_HAL_Driver\Src\stm32f3xx_hal_pcd.o
 .debug_abbrev  0x000020ee      0x23a Drivers\STM32F3xx_HAL_Driver\Src\stm32f3xx_hal_pcd_ex.o
 .debug_abbrev  0x00002328      0x345 Drivers\STM32F3xx_HAL_Driver\Src\stm32f3xx_hal_rcc.o
 .debug_abbrev  0x0000266d      0x329 Drivers\STM32F3xx_HAL_Driver\Src\stm32f3xx_hal_rcc_ex.o
 .debug_abbrev  0x00002996      0x389 Drivers\STM32F3xx_HAL_Driver\Src\stm32f3xx_hal_spi.o
 .debug_abbrev  0x00002d1f      0x384 Drivers\STM32F3xx_HAL_Driver\Src\stm32f3xx_hal_uart.o
 .debug_abbrev  0x000030a3      0x2e8 Middlewares\ST\STM32_USB_Device_Library\Class\CDC\Src\usbd_cdc.o
 .debug_abbrev  0x0000338b      0x308 Middlewares\ST\STM32_USB_Device_Library\Core\Src\usbd_core.o