stm32f3xx_it.c:56:6:SysTick_Handler	8	static
stm32f3xx_it.c:73:6:ADC1_2_IRQHandler	0	static
stm32f3xx_it.c:87:6:HAL_ADC_ConvCpltCallback	0	static
stm32f3xx_it.c:80:6:HAL_ADCEx_InjectedConvCpltCallback	0	static
stm32f3xx_it.c:96:6:USB_LP_CAN_RX0_IRQHandler	0	static
stm32f3xx_it.c:104:6:I2C1_EV_IRQHandler	0	static
stm32f3xx_it.c:112:6:I2C1_ER_IRQHandler	0	static
stm32f3xx_it.c:120:6:SPI1_IRQHandler	0	static
stm32f3xx_it.c:136:6:USART1_IRQHandler	8	static
stm32f3xx_it.c:149:6:DMA2_Channel1_IRQHandler	0	static
stm32f3xx_it.c:156:6:DMA1_Channel1_IRQHandler	0	static
stm32f3xx_it.c:162:6:DMA1Chan1_Complete	0	static
